Archive member included to satisfy reference by file (symbol)

/home/bozhi/st/stm32cubeide_1.11.0/plugins/com.st.stm32cube.ide.mcu.externaltools.gnu-tools-for-stm32.10.3-2021.10.linux64_1.0.100.202210260954/tools/bin/../lib/gcc/arm-none-eabi/10.3.1/../../../../arm-none-eabi/lib/thumb/v7e-m+fp/hard/libc_nano.a(lib_a-errno.o)
                              ./Core/Src/System/syscalls.o (__errno)
/home/bozhi/st/stm32cubeide_1.11.0/plugins/com.st.stm32cube.ide.mcu.externaltools.gnu-tools-for-stm32.10.3-2021.10.linux64_1.0.100.202210260954/tools/bin/../lib/gcc/arm-none-eabi/10.3.1/../../../../arm-none-eabi/lib/thumb/v7e-m+fp/hard/libc_nano.a(lib_a-exit.o)
                              /home/bozhi/st/stm32cubeide_1.11.0/plugins/com.st.stm32cube.ide.mcu.externaltools.gnu-tools-for-stm32.10.3-2021.10.linux64_1.0.100.202210260954/tools/bin/../lib/gcc/arm-none-eabi/10.3.1/../../../../arm-none-eabi/lib/thumb/v7e-m+fp/hard/crt0.o (exit)
/home/bozhi/st/stm32cubeide_1.11.0/plugins/com.st.stm32cube.ide.mcu.externaltools.gnu-tools-for-stm32.10.3-2021.10.linux64_1.0.100.202210260954/tools/bin/../lib/gcc/arm-none-eabi/10.3.1/../../../../arm-none-eabi/lib/thumb/v7e-m+fp/hard/libc_nano.a(lib_a-impure.o)
                              /home/bozhi/st/stm32cubeide_1.11.0/plugins/com.st.stm32cube.ide.mcu.externaltools.gnu-tools-for-stm32.10.3-2021.10.linux64_1.0.100.202210260954/tools/bin/../lib/gcc/arm-none-eabi/10.3.1/../../../../arm-none-eabi/lib/thumb/v7e-m+fp/hard/libc_nano.a(lib_a-exit.o) (_global_impure_ptr)
/home/bozhi/st/stm32cubeide_1.11.0/plugins/com.st.stm32cube.ide.mcu.externaltools.gnu-tools-for-stm32.10.3-2021.10.linux64_1.0.100.202210260954/tools/bin/../lib/gcc/arm-none-eabi/10.3.1/../../../../arm-none-eabi/lib/thumb/v7e-m+fp/hard/libc_nano.a(lib_a-init.o)
                              /home/bozhi/st/stm32cubeide_1.11.0/plugins/com.st.stm32cube.ide.mcu.externaltools.gnu-tools-for-stm32.10.3-2021.10.linux64_1.0.100.202210260954/tools/bin/../lib/gcc/arm-none-eabi/10.3.1/../../../../arm-none-eabi/lib/thumb/v7e-m+fp/hard/crt0.o (__libc_init_array)
/home/bozhi/st/stm32cubeide_1.11.0/plugins/com.st.stm32cube.ide.mcu.externaltools.gnu-tools-for-stm32.10.3-2021.10.linux64_1.0.100.202210260954/tools/bin/../lib/gcc/arm-none-eabi/10.3.1/../../../../arm-none-eabi/lib/thumb/v7e-m+fp/hard/libc_nano.a(lib_a-memcpy-stub.o)
                              ./Core/Src/menu/menu.o (memcpy)
/home/bozhi/st/stm32cubeide_1.11.0/plugins/com.st.stm32cube.ide.mcu.externaltools.gnu-tools-for-stm32.10.3-2021.10.linux64_1.0.100.202210260954/tools/bin/../lib/gcc/arm-none-eabi/10.3.1/../../../../arm-none-eabi/lib/thumb/v7e-m+fp/hard/libc_nano.a(lib_a-memset.o)
                              /home/bozhi/st/stm32cubeide_1.11.0/plugins/com.st.stm32cube.ide.mcu.externaltools.gnu-tools-for-stm32.10.3-2021.10.linux64_1.0.100.202210260954/tools/bin/../lib/gcc/arm-none-eabi/10.3.1/../../../../arm-none-eabi/lib/thumb/v7e-m+fp/hard/crt0.o (memset)
/home/bozhi/st/stm32cubeide_1.11.0/plugins/com.st.stm32cube.ide.mcu.externaltools.gnu-tools-for-stm32.10.3-2021.10.linux64_1.0.100.202210260954/tools/bin/../lib/gcc/arm-none-eabi/10.3.1/../../../../arm-none-eabi/lib/thumb/v7e-m+fp/hard/libc_nano.a(lib_a-snprintf.o)
                              ./Core/Src/IO/signalGenerator.o (snprintf)
/home/bozhi/st/stm32cubeide_1.11.0/plugins/com.st.stm32cube.ide.mcu.externaltools.gnu-tools-for-stm32.10.3-2021.10.linux64_1.0.100.202210260954/tools/bin/../lib/gcc/arm-none-eabi/10.3.1/../../../../arm-none-eabi/lib/thumb/v7e-m+fp/hard/libc_nano.a(lib_a-strlen.o)
                              ./Core/Src/display/fonts.o (strlen)
/home/bozhi/st/stm32cubeide_1.11.0/plugins/com.st.stm32cube.ide.mcu.externaltools.gnu-tools-for-stm32.10.3-2021.10.linux64_1.0.100.202210260954/tools/bin/../lib/gcc/arm-none-eabi/10.3.1/../../../../arm-none-eabi/lib/thumb/v7e-m+fp/hard/libc_nano.a(lib_a-nano-svfprintf.o)
                              /home/bozhi/st/stm32cubeide_1.11.0/plugins/com.st.stm32cube.ide.mcu.externaltools.gnu-tools-for-stm32.10.3-2021.10.linux64_1.0.100.202210260954/tools/bin/../lib/gcc/arm-none-eabi/10.3.1/../../../../arm-none-eabi/lib/thumb/v7e-m+fp/hard/libc_nano.a(lib_a-snprintf.o) (_svfprintf_r)
/home/bozhi/st/stm32cubeide_1.11.0/plugins/com.st.stm32cube.ide.mcu.externaltools.gnu-tools-for-stm32.10.3-2021.10.linux64_1.0.100.202210260954/tools/bin/../lib/gcc/arm-none-eabi/10.3.1/../../../../arm-none-eabi/lib/thumb/v7e-m+fp/hard/libc_nano.a(lib_a-nano-vfprintf_i.o)
                              /home/bozhi/st/stm32cubeide_1.11.0/plugins/com.st.stm32cube.ide.mcu.externaltools.gnu-tools-for-stm32.10.3-2021.10.linux64_1.0.100.202210260954/tools/bin/../lib/gcc/arm-none-eabi/10.3.1/../../../../arm-none-eabi/lib/thumb/v7e-m+fp/hard/libc_nano.a(lib_a-nano-svfprintf.o) (_printf_i)
[...]
Memory Configuration

Name             Origin             Length             Attributes
CCMRAM           0x0000000010000000 0x0000000000001000 xrw
RAM              0x0000000020000000 0x0000000000003000 xrw
FLASH            0x0000000008000000 0x0000000000010000 xr
*default*        0x0000000000000000 0xffffffffffffffff

Linker script and memory map

LOAD /home/bozhi/st/stm32cubeide_1.11.0/plugins/com.st.stm32cube.ide.mcu.externaltools.gnu-tools-for-stm32.10.3-2021.10.linux64_1.0.100.202210260954/tools/bin/../lib/gcc/arm-none-eabi/10.3.1/thumb/v7e-m+fp/hard/crti.o
LOAD /home/bozhi/st/stm32cubeide_1.11.0/plugins/com.st.stm32cube.ide.mcu.externaltools.gnu-tools-for-stm32.10.3-2021.10.linux64_1.0.100.202210260954/tools/bin/../lib/gcc/arm-none-eabi/10.3.1/thumb/v7e-m+fp/hard/crtbegin.o
LOAD /home/bozhi/st/stm32cubeide_1.11.0/plugins/com.st.stm32cube.ide.mcu.externaltools.gnu-tools-for-stm32.10.3-2021.10.linux64_1.0.100.202210260954/tools/bin/../lib/gcc/arm-none-eabi/10.3.1/../../../../arm-none-eabi/lib/thumb/v7e-m+fp/hard/crt0.o
LOAD ./Core/Src/IO/gpio.o
LOAD ./Core/Src/IO/i2c.o
LOAD ./Core/Src/IO/keypad.o
LOAD ./Core/Src/IO/pwm.o
LOAD ./Core/Src/IO/signalGenerator.o
LOAD ./Core/Src/System/dac.o
LOAD ./Core/Src/System/dma.o
LOAD ./Core/Src/System/stm32f3xx_hal_msp.o
LOAD ./Core/Src/System/stm32f3xx_it.o
LOAD ./Core/Src/System/syscalls.o
LOAD ./Core/Src/System/sysmem.o
LOAD ./Core/Src/System/system_stm32f3xx.o
LOAD ./Core/Src/System/tim.o
LOAD ./Core/Src/display/display.o
LOAD ./Core/Src/display/fonts.o
LOAD ./Core/Src/display/ssd1306.o
LOAD ./Core/Src/main.o
LOAD ./Core/Src/menu/eventManaget.o
LOAD ./Core/Src/menu/menu.o
LOAD ./Core/Startup/startup_stm32f303k8tx.o
LOAD ./Drivers/STM32F3xx_HAL_Driver/Src/stm32f3xx_hal.o
LOAD ./Drivers/STM32F3xx_HAL_Driver/Src/stm32f3xx_hal_cortex.o
LOAD ./Drivers/STM32F3xx_HAL_Driver/Src/stm32f3xx_hal_dac.o
LOAD ./Drivers/STM32F3xx_HAL_Driver/Src/stm32f3xx_hal_dac_ex.o
LOAD ./Drivers/STM32F3xx_HAL_Driver/Src/stm32f3xx_hal_dma.o
LOAD ./Drivers/STM32F3xx_HAL_Driver/Src/stm32f3xx_hal_exti.o
LOAD ./Drivers/STM32F3xx_HAL_Driver/Src/stm32f3xx_hal_flash.o
LOAD ./Drivers/STM32F3xx_HAL_Driver/Src/stm32f3xx_hal_flash_ex.o
LOAD ./Drivers/STM32F3xx_HAL_Driver/Src/stm32f3xx_hal_gpio.o
LOAD ./Drivers/STM32F3xx_HAL_Driver/Src/stm32f3xx_hal_i2c.o
LOAD ./Drivers/STM32F3xx_HAL_Driver/Src/stm32f3xx_hal_i2c_ex.o
LOAD ./Drivers/STM32F3xx_HAL_Driver/Src/stm32f3xx_hal_pwr.o
LOAD ./Drivers/STM32F3xx_HAL_Driver/Src/stm32f3xx_hal_pwr_ex.o
LOAD ./Drivers/STM32F3xx_HAL_Driver/Src/stm32f3xx_hal_rcc.o
LOAD ./Drivers/STM32F3xx_HAL_Driver/Src/stm32f3xx_hal_rcc_ex.o
LOAD ./Drivers/STM32F3xx_HAL_Driver/Src/stm32f3xx_hal_tim.o
LOAD ./Drivers/STM32F3xx_HAL_Driver/Src/stm32f3xx_hal_tim_ex.o
START GROUP
LOAD /home/bozhi/st/stm32cubeide_1.11.0/plugins/com.st.stm32cube.ide.mcu.externaltools.gnu-tools-for-stm32.10.3-2021.10.linux64_1.0.100.202210260954/tools/bin/../lib/gcc/arm-none-eabi/10.3.1/../../../../arm-none-eabi/lib/thumb/v7e-m+fp/hard/libc_nano.a
LOAD /home/bozhi/st/stm32cubeide_1.11.0/plugins/com.st.stm32cube.ide.mcu.externaltools.gnu-tools-for-stm32.10.3-2021.10.linux64_1.0.100.202210260954/tools/bin/../lib/gcc/arm-none-eabi/10.3.1/../../../../arm-none-eabi/lib/thumb/v7e-m+fp/hard/libm.a
END GROUP
START GROUP
LOAD /home/bozhi/st/stm32cubeide_1.11.0/plugins/com.st.stm32cube.ide.mcu.externaltools.gnu-tools-for-stm32.10.3-2021.10.linux64_1.0.100.202210260954/tools/bin/../lib/gcc/arm-none-eabi/10.3.1/thumb/v7e-m+fp/hard/libgcc.a
LOAD /home/bozhi/st/stm32cubeide_1.11.0/plugins/com.st.stm32cube.ide.mcu.externaltools.gnu-tools-for-stm32.10.3-2021.10.linux64_1.0.100.202210260954/tools/bin/../lib/gcc/arm-none-eabi/10.3.1/../../../../arm-none-eabi/lib/thumb/v7e-m+fp/hard/libc_nano.a
END GROUP
START GROUP
LOAD /home/bozhi/st/stm32cubeide_1.11.0/plugins/com.st.stm32cube.ide.mcu.externaltools.gnu-tools-for-stm32.10.3-2021.10.linux64_1.0.100.202210260954/tools/bin/../lib/gcc/arm-none-eabi/10.3.1/thumb/v7e-m+fp/hard/libgcc.a
LOAD /home/bozhi/st/stm32cubeide_1.11.0/plugins/com.st.stm32cube.ide.mcu.externaltools.gnu-tools-for-stm32.10.3-2021.10.linux64_1.0.100.202210260954/tools/bin/../lib/gcc/arm-none-eabi/10.3.1/../../../../arm-none-eabi/lib/thumb/v7e-m+fp/hard/libc_nano.a
LOAD /home/bozhi/st/stm32cubeide_1.11.0/plugins/com.st.stm32cube.ide.mcu.externaltools.gnu-tools-for-stm32.10.3-2021.10.linux64_1.0.100.202210260954/tools/bin/../lib/gcc/arm-none-eabi/10.3.1/../../../../arm-none-eabi/lib/thumb/v7e-m+fp/hard/libnosys.a
END GROUP
START GROUP
LOAD /home/bozhi/st/stm32cubeide_1.11.0/plugins/com.st.stm32cube.ide.mcu.externaltools.gnu-tools-for-stm32.10.3-2021.10.linux64_1.0.100.202210260954/tools/bin/../lib/gcc/arm-none-eabi/10.3.1/thumb/v7e-m+fp/hard/libgcc.a
LOAD /home/bozhi/st/stm32cubeide_1.11.0/plugins/com.st.stm32cube.ide.mcu.externaltools.gnu-tools-for-stm32.10.3-2021.10.linux64_1.0.100.202210260954/tools/bin/../lib/gcc/arm-none-eabi/10.3.1/../../../../arm-none-eabi/lib/thumb/v7e-m+fp/hard/libc_nano.a
LOAD /home/bozhi/st/stm32cubeide_1.11.0/plugins/com.st.stm32cube.ide.mcu.externaltools.gnu-tools-for-stm32.10.3-2021.10.linux64_1.0.100.202210260954/tools/bin/../lib/gcc/arm-none-eabi/10.3.1/../../../../arm-none-eabi/lib/thumb/v7e-m+fp/hard/libnosys.a
END GROUP
LOAD /home/bozhi/st/stm32cubeide_1.11.0/plugins/com.st.stm32cube.ide.mcu.externaltools.gnu-tools-for-stm32.10.3-2021.10.linux64_1.0.100.202210260954/tools/bin/../lib/gcc/arm-none-eabi/10.3.1/thumb/v7e-m+fp/hard/crtend.o
LOAD /home/bozhi/st/stm32cubeide_1.11.0/plugins/com.st.stm32cube.ide.mcu.externaltools.gnu-tools-for-stm32.10.3-2021.10.linux64_1.0.100.202210260954/tools/bin/../lib/gcc/arm-none-eabi/10.3.1/thumb/v7e-m+fp/hard/crtn.o
                0x0000000020003000                _estack = (ORIGIN (RAM) + LENGTH (RAM))
                0x0000000000000200                _Min_Heap_Size = 0x200
                0x0000000000000400                _Min_Stack_Size = 0x400

.isr_vector     0x0000000008000000      0x188
                0x0000000008000000                . = ALIGN (0x4)
 *(.isr_vector)
 .isr_vector    0x0000000008000000      0x188 ./Core/Startup/startup_stm32f303k8tx.o
                0x0000000008000000                g_pfnVectors
                0x0000000008000188                . = ALIGN (0x4)

.text           0x0000000008000190     0x84a8
                0x0000000008000190                . = ALIGN (0x4)
 *(.text)
 .text          0x0000000008000190       0x40 /home/bozhi/st/stm32cubeide_1.11.0/plugins/com.st.stm32cube.ide.mcu.externaltools.gnu-tools-for-stm32.10.3-2021.10.linux64_1.0.100.202210260954/tools/bin/../lib/gcc/arm-none-eabi/10.3.1/thumb/v7e-m+fp/hard/crtbegin.o
 .text          0x00000000080001d0       0xa0 /home/bozhi/st/stm32cubeide_1.11.0/plugins/com.st.stm32cube.ide.mcu.externaltools.gnu-tools-for-stm32.10.3-2021.10.linux64_1.0.100.202210260954/tools/bin/../lib/gcc/arm-none-eabi/10.3.1/../../../../arm-none-eabi/lib/thumb/v7e-m+fp/hard/libc_nano.a(lib_a-memchr.o)
                0x00000000080001d0                memchr
 .text          0x0000000008000270      0x378 /home/bozhi/st/stm32cubeide_1.11.0/plugins/com.st.stm32cube.ide.mcu.externaltools.gnu-tools-for-stm32.10.3-2021.10.linux64_1.0.100.202210260954/tools/bin/../lib/gcc/arm-none-eabi/10.3.1/thumb/v7e-m+fp/hard/libgcc.a(_arm_addsubdf3.o)
                0x0000000008000270                __aeabi_drsub
                0x0000000008000278                __aeabi_dsub
                0x0000000008000278                __subdf3
                0x000000000800027c                __adddf3
                0x000000000800027c                __aeabi_dadd
                0x00000000080004f4                __aeabi_ui2d
                0x00000000080004f4                __floatunsidf
                0x0000000008000514                __floatsidf
                0x0000000008000514                __aeabi_i2d
                0x0000000008000538                __extendsfdf2
                0x0000000008000538                __aeabi_f2d
                0x000000000800057c                __aeabi_ul2d
                0x000000000800057c                __floatundidf
                0x000000000800058c                __floatdidf
                0x000000000800058c                __aeabi_l2d
 .text          0x00000000080005e8      0x424 /home/bozhi/st/stm32cubeide_1.11.0/plugins/com.st.stm32cube.ide.mcu.externaltools.gnu-tools-for-stm32.10.3-2021.10.linux64_1.0.100.202210260954/tools/bin/../lib/gcc/arm-none-eabi/10.3.1/thumb/v7e-m+fp/hard/libgcc.a(_arm_muldivdf3.o)
                0x00000000080005e8                __aeabi_dmul
                0x00000000080005e8                __muldf3
                0x000000000800083c                __aeabi_ddiv
                0x000000000800083c                __divdf3
 .text          0x0000000008000a0c      0x110 /home/bozhi/st/stm32cubeide_1.11.0/plugins/com.st.stm32cube.ide.mcu.externaltools.gnu-tools-for-stm32.10.3-2021.10.linux64_1.0.100.202210260954/tools/bin/../lib/gcc/arm-none-eabi/10.3.1/thumb/v7e-m+fp/hard/libgcc.a(_arm_cmpdf2.o)
                0x0000000008000a0c                __gtdf2
                0x0000000008000a0c                __gedf2
                0x0000000008000a14                __ltdf2
                0x0000000008000a14                __ledf2
                0x0000000008000a1c                __cmpdf2
                0x0000000008000a1c                __eqdf2
                0x0000000008000a1c                __nedf2
                0x0000000008000a98                __aeabi_cdrcmple
                0x0000000008000aa8                __aeabi_cdcmple
                0x0000000008000aa8                __aeabi_cdcmpeq
                0x0000000008000ab8                __aeabi_dcmpeq
                0x0000000008000acc                __aeabi_dcmplt
                0x0000000008000ae0                __aeabi_dcmple
                0x0000000008000af4                __aeabi_dcmpge
                0x0000000008000b08                __aeabi_dcmpgt
 .text          0x0000000008000b1c       0x40 /home/bozhi/st/stm32cubeide_1.11.0/plugins/com.st.stm32cube.ide.mcu.externaltools.gnu-tools-for-stm32.10.3-2021.10.linux64_1.0.100.202210260954/tools/bin/../lib/gcc/arm-none-eabi/10.3.1/thumb/v7e-m+fp/hard/libgcc.a(_arm_fixunsdfsi.o)
                0x0000000008000b1c                __fixunsdfsi
                0x0000000008000b1c                __aeabi_d2uiz
 .text          0x0000000008000b5c       0xa0 /home/bozhi/st/stm32cubeide_1.11.0/plugins/com.st.stm32cube.ide.mcu.externaltools.gnu-tools-for-stm32.10.3-2021.10.linux64_1.0.100.202210260954/tools/bin/../lib/gcc/arm-none-eabi/10.3.1/thumb/v7e-m+fp/hard/libgcc.a(_arm_truncdfsf2.o)
                0x0000000008000b5c                __aeabi_d2f
                0x0000000008000b5c                __truncdfsf2
 *(.text*)
 .text.MX_GPIO_Init
                0x0000000008000bfc       0xa4 ./Core/Src/IO/gpio.o
                0x0000000008000bfc                MX_GPIO_Init
 .text.MX_I2C1_Init
                0x0000000008000ca0       0x80 ./Core/Src/IO/i2c.o
                0x0000000008000ca0                MX_I2C1_Init
 .text.HAL_I2C_MspInit
                0x0000000008000d20       0x88 ./Core/Src/IO/i2c.o
                0x0000000008000d20                HAL_I2C_MspInit
 .text.enableEncoder
                0x0000000008000da8       0x30 ./Core/Src/IO/keypad.o
                0x0000000008000da8                enableEncoder
 .text.setEncoderVal
                0x0000000008000dd8       0x2c ./Core/Src/IO/keypad.o
                0x0000000008000dd8                setEncoderVal
 .text.getEncoderVal
                0x0000000008000e04       0x18 ./Core/Src/IO/keypad.o
                0x0000000008000e04                getEncoderVal
 .text.readEncoderData
                0x0000000008000e1c       0x84 ./Core/Src/IO/keypad.o
                0x0000000008000e1c                readEncoderData
 .text.kbdDriver
                0x0000000008000ea0       0xf8 ./Core/Src/IO/keypad.o
                0x0000000008000ea0                kbdDriver
 .text.getLastKey
                0x0000000008000f98       0x18 ./Core/Src/IO/keypad.o
                0x0000000008000f98                getLastKey
 .text.resetKey
                0x0000000008000fb0       0x18 ./Core/Src/IO/keypad.o
                0x0000000008000fb0                resetKey
 .text.isKey_1  0x0000000008000fc8       0x10 ./Core/Src/IO/keypad.o
                0x0000000008000fc8                isKey_1
 .text.isKey_2  0x0000000008000fd8       0x10 ./Core/Src/IO/keypad.o
                0x0000000008000fd8                isKey_2
 .text.isKey_3  0x0000000008000fe8       0x10 ./Core/Src/IO/keypad.o
                0x0000000008000fe8                isKey_3
 .text.isKey_4  0x0000000008000ff8       0x10 ./Core/Src/IO/keypad.o
                0x0000000008000ff8                isKey_4
 .text.isKeyPressed
                0x0000000008001008       0x24 ./Core/Src/IO/keypad.o
                0x0000000008001008                isKeyPressed
 .text.initSignalGen
                0x000000000800102c       0x1c ./Core/Src/IO/signalGenerator.o
                0x000000000800102c                initSignalGen
 .text.getFrequency
                0x0000000008001048       0x30 ./Core/Src/IO/signalGenerator.o
 .text.dispCurrentFreq
                0x0000000008001078       0x44 ./Core/Src/IO/signalGenerator.o
                0x0000000008001078                dispCurrentFreq
 .text.outputSignal
                0x00000000080010bc       0x78 ./Core/Src/IO/signalGenerator.o
                0x00000000080010bc                outputSignal
 *fill*         0x0000000008001134        0x4 
 .text.GenerateSineTable
                0x0000000008001138       0xb4 ./Core/Src/IO/signalGenerator.o
 .text.MX_DAC1_Init
                0x00000000080011ec       0x70 ./Core/Src/System/dac.o
                0x00000000080011ec                MX_DAC1_Init
 .text.HAL_DAC_MspInit
                0x000000000800125c       0xe8 ./Core/Src/System/dac.o
                0x000000000800125c                HAL_DAC_MspInit
 .text.HAL_DAC_MspDeInit
                0x0000000008001344       0x44 ./Core/Src/System/dac.o
                0x0000000008001344                HAL_DAC_MspDeInit
 .text.startDAC
                0x0000000008001388       0x44 ./Core/Src/System/dac.o
                0x0000000008001388                startDAC
 .text.toggleDAC
                0x00000000080013cc       0x3c ./Core/Src/System/dac.o
                0x00000000080013cc                toggleDAC
 .text.Set_DAC_Frequency
                0x0000000008001408       0xe8 ./Core/Src/System/dac.o
                0x0000000008001408                Set_DAC_Frequency
 .text.MX_DMA_Init
                0x00000000080014f0       0x3c ./Core/Src/System/dma.o
                0x00000000080014f0                MX_DMA_Init
 .text.HAL_MspInit
                0x000000000800152c       0x48 ./Core/Src/System/stm32f3xx_hal_msp.o
                0x000000000800152c                HAL_MspInit
 .text.NMI_Handler
                0x0000000008001574        0x6 ./Core/Src/System/stm32f3xx_it.o
                0x0000000008001574                NMI_Handler
 *fill*         0x000000000800157a        0x2 
 .text.HardFault_Handler
                0x000000000800157c       0x10 ./Core/Src/System/stm32f3xx_it.o
                0x000000000800157c                HardFault_Handler
 .text.MemManage_Handler
                0x000000000800158c       0x10 ./Core/Src/System/stm32f3xx_it.o
                0x000000000800158c                MemManage_Handler
 .text.BusFault_Handler
                0x000000000800159c        0x6 ./Core/Src/System/stm32f3xx_it.o
                0x000000000800159c                BusFault_Handler
 .text.UsageFault_Handler
                0x00000000080015a2        0x6 ./Core/Src/System/stm32f3xx_it.o
                0x00000000080015a2                UsageFault_Handler
 .text.SVC_Handler
                0x00000000080015a8        0xe ./Core/Src/System/stm32f3xx_it.o
                0x00000000080015a8                SVC_Handler
 .text.DebugMon_Handler
                0x00000000080015b6        0xe ./Core/Src/System/stm32f3xx_it.o
                0x00000000080015b6                DebugMon_Handler
 .text.PendSV_Handler
                0x00000000080015c4        0xe ./Core/Src/System/stm32f3xx_it.o
                0x00000000080015c4                PendSV_Handler
 .text.SysTick_Handler
                0x00000000080015d2        0xc ./Core/Src/System/stm32f3xx_it.o
                0x00000000080015d2                SysTick_Handler
 *fill*         0x00000000080015de        0x2 
 .text.DMA1_Channel3_IRQHandler
                0x00000000080015e0       0x14 ./Core/Src/System/stm32f3xx_it.o
                0x00000000080015e0                DMA1_Channel3_IRQHandler
 .text._sbrk    0x00000000080015f4       0x6c ./Core/Src/System/sysmem.o
                0x00000000080015f4                _sbrk
 .text.SystemInit
                0x0000000008001660       0x24 ./Core/Src/System/system_stm32f3xx.o
                0x0000000008001660                SystemInit
 .text.MX_TIM1_Init
                0x0000000008001684      0x158 ./Core/Src/System/tim.o
                0x0000000008001684                MX_TIM1_Init
 .text.MX_TIM2_Init
                0x00000000080017dc       0xa8 ./Core/Src/System/tim.o
                0x00000000080017dc                MX_TIM2_Init
 .text.MX_TIM6_Init
                0x0000000008001884       0x74 ./Core/Src/System/tim.o
                0x0000000008001884                MX_TIM6_Init
 .text.HAL_TIM_Base_MspInit
                0x00000000080018f8       0x68 ./Core/Src/System/tim.o
                0x00000000080018f8                HAL_TIM_Base_MspInit
 .text.HAL_TIM_Encoder_MspInit
                0x0000000008001960       0x80 ./Core/Src/System/tim.o
                0x0000000008001960                HAL_TIM_Encoder_MspInit
 .text.HAL_TIM_MspPostInit
                0x00000000080019e0       0x70 ./Core/Src/System/tim.o
                0x00000000080019e0                HAL_TIM_MspPostInit
 .text.getTimInst
                0x0000000008001a50       0x40 ./Core/Src/System/tim.o
                0x0000000008001a50                getTimInst
 .text.initOLED
                0x0000000008001a90       0x38 ./Core/Src/display/display.o
                0x0000000008001a90                initOLED
 .text.display_string
                0x0000000008001ac8       0x54 ./Core/Src/display/display.o
                0x0000000008001ac8                display_string
 .text.SSD1306_Init
                0x0000000008001b1c      0x190 ./Core/Src/display/ssd1306.o
                0x0000000008001b1c                SSD1306_Init
 .text.SSD1306_UpdateScreen
                0x0000000008001cac       0x5c ./Core/Src/display/ssd1306.o
                0x0000000008001cac                SSD1306_UpdateScreen
 .text.SSD1306_Fill
                0x0000000008001d08       0x30 ./Core/Src/display/ssd1306.o
                0x0000000008001d08                SSD1306_Fill
 .text.SSD1306_DrawPixel
                0x0000000008001d38       0xc0 ./Core/Src/display/ssd1306.o
                0x0000000008001d38                SSD1306_DrawPixel
 .text.SSD1306_GotoXY
                0x0000000008001df8       0x2c ./Core/Src/display/ssd1306.o
                0x0000000008001df8                SSD1306_GotoXY
 .text.SSD1306_Putc
                0x0000000008001e24      0x100 ./Core/Src/display/ssd1306.o
                0x0000000008001e24                SSD1306_Putc
 .text.SSD1306_Puts
                0x0000000008001f24       0x4a ./Core/Src/display/ssd1306.o
                0x0000000008001f24                SSD1306_Puts
 *fill*         0x0000000008001f6e        0x2 
 .text.ssd1306_I2C_Init
                0x0000000008001f70       0x2c ./Core/Src/display/ssd1306.o
                0x0000000008001f70                ssd1306_I2C_Init
 .text.ssd1306_I2C_WriteMulti
                0x0000000008001f9c       0xd0 ./Core/Src/display/ssd1306.o
                0x0000000008001f9c                ssd1306_I2C_WriteMulti
 .text.ssd1306_I2C_Write
                0x000000000800206c       0x3c ./Core/Src/display/ssd1306.o
                0x000000000800206c                ssd1306_I2C_Write
 .text.main     0x00000000080020a8       0x44 ./Core/Src/main.o
                0x00000000080020a8                main
 .text.SystemClock_Config
                0x00000000080020ec       0xb6 ./Core/Src/main.o
                0x00000000080020ec                SystemClock_Config
 .text.Error_Handler
                0x00000000080021a2        0xa ./Core/Src/main.o
                0x00000000080021a2                Error_Handler
 .text.menuInit
                0x00000000080021ac       0x20 ./Core/Src/menu/eventManaget.o
                0x00000000080021ac                menuInit
 .text.setState
                0x00000000080021cc       0x20 ./Core/Src/menu/eventManaget.o
                0x00000000080021cc                setState
 .text.eventManager
                0x00000000080021ec      0x158 ./Core/Src/menu/eventManaget.o
                0x00000000080021ec                eventManager
 .text.op1      0x0000000008002344       0x18 ./Core/Src/menu/menu.o
                0x0000000008002344                op1
 .text.op2      0x000000000800235c       0x18 ./Core/Src/menu/menu.o
                0x000000000800235c                op2
 .text.op3      0x0000000008002374       0x14 ./Core/Src/menu/menu.o
                0x0000000008002374                op3
 .text.initMenu
                0x0000000008002388       0x50 ./Core/Src/menu/menu.o
                0x0000000008002388                initMenu
 .text.menuBrowser
                0x00000000080023d8       0x8c ./Core/Src/menu/menu.o
                0x00000000080023d8                menuBrowser
 .text.menuSelect
                0x0000000008002464       0x48 ./Core/Src/menu/menu.o
                0x0000000008002464                menuSelect
 .text.set_func
                0x00000000080024ac       0x74 ./Core/Src/menu/menu.o
                0x00000000080024ac                set_func
 .text.set_wave
                0x0000000008002520       0x74 ./Core/Src/menu/menu.o
                0x0000000008002520                set_wave
 .text.set_burst
                0x0000000008002594       0x74 ./Core/Src/menu/menu.o
                0x0000000008002594                set_burst
 .text.hover_func
                0x0000000008002608       0x54 ./Core/Src/menu/menu.o
                0x0000000008002608                hover_func
 .text.about    0x000000000800265c       0x14 ./Core/Src/menu/menu.o
                0x000000000800265c                about
 .text.menu_cfg
                0x0000000008002670       0xdc ./Core/Src/menu/menu.o
                0x0000000008002670                menu_cfg
 .text.menu_set
                0x000000000800274c       0x98 ./Core/Src/menu/menu.o
                0x000000000800274c                menu_set
 .text.mainMenu
                0x00000000080027e4       0x14 ./Core/Src/menu/menu.o
                0x00000000080027e4                mainMenu
 .text.Reset_Handler
                0x00000000080027f8       0x50 ./Core/Startup/startup_stm32f303k8tx.o
                0x00000000080027f8                Reset_Handler
 .text.Default_Handler
                0x0000000008002848        0x2 ./Core/Startup/startup_stm32f303k8tx.o
                0x0000000008002848                RTC_Alarm_IRQHandler
                0x0000000008002848                TIM1_CC_IRQHandler
                0x0000000008002848                PVD_IRQHandler
                0x0000000008002848                TAMP_STAMP_IRQHandler
                0x0000000008002848                EXTI3_IRQHandler
                0x0000000008002848                EXTI0_IRQHandler
                0x0000000008002848                FPU_IRQHandler
                0x0000000008002848                CAN_TX_IRQHandler
                0x0000000008002848                TIM1_UP_TIM16_IRQHandler
                0x0000000008002848                ADC1_2_IRQHandler
                0x0000000008002848                SPI1_IRQHandler
                0x0000000008002848                CAN_SCE_IRQHandler
                0x0000000008002848                DMA1_Channel4_IRQHandler
                0x0000000008002848                USART3_IRQHandler
                0x0000000008002848                DMA1_Channel7_IRQHandler
                0x0000000008002848                TIM7_DAC2_IRQHandler
                0x0000000008002848                CAN_RX1_IRQHandler
                0x0000000008002848                I2C1_EV_IRQHandler
                0x0000000008002848                DMA1_Channel6_IRQHandler
                0x0000000008002848                TIM3_IRQHandler
                0x0000000008002848                RCC_IRQHandler
                0x0000000008002848                DMA1_Channel1_IRQHandler
                0x0000000008002848                Default_Handler
                0x0000000008002848                EXTI15_10_IRQHandler
                0x0000000008002848                COMP2_IRQHandler
                0x0000000008002848                TIM6_DAC1_IRQHandler
                0x0000000008002848                EXTI9_5_IRQHandler
                0x0000000008002848                RTC_WKUP_IRQHandler
                0x0000000008002848                DMA1_Channel5_IRQHandler
                0x0000000008002848                EXTI4_IRQHandler
                0x0000000008002848                TIM1_TRG_COM_TIM17_IRQHandler
                0x0000000008002848                WWDG_IRQHandler
                0x0000000008002848                TIM2_IRQHandler
                0x0000000008002848                EXTI1_IRQHandler
                0x0000000008002848                COMP4_6_IRQHandler
                0x0000000008002848                USART2_IRQHandler
                0x0000000008002848                DMA1_Channel2_IRQHandler
                0x0000000008002848                FLASH_IRQHandler
                0x0000000008002848                USART1_IRQHandler
                0x0000000008002848                CAN_RX0_IRQHandler
                0x0000000008002848                I2C1_ER_IRQHandler
                0x0000000008002848                EXTI2_TSC_IRQHandler
                0x0000000008002848                TIM1_BRK_TIM15_IRQHandler
 *fill*         0x000000000800284a        0x2 
 .text.HAL_Init
                0x000000000800284c       0x2c ./Drivers/STM32F3xx_HAL_Driver/Src/stm32f3xx_hal.o
                0x000000000800284c                HAL_Init
 .text.HAL_InitTick
                0x0000000008002878       0x60 ./Drivers/STM32F3xx_HAL_Driver/Src/stm32f3xx_hal.o
                0x0000000008002878                HAL_InitTick
 .text.HAL_IncTick
                0x00000000080028d8       0x28 ./Drivers/STM32F3xx_HAL_Driver/Src/stm32f3xx_hal.o
                0x00000000080028d8                HAL_IncTick
 .text.HAL_GetTick
                0x0000000008002900       0x18 ./Drivers/STM32F3xx_HAL_Driver/Src/stm32f3xx_hal.o
                0x0000000008002900                HAL_GetTick
 .text.__NVIC_SetPriorityGrouping
                0x0000000008002918       0x48 ./Drivers/STM32F3xx_HAL_Driver/Src/stm32f3xx_hal_cortex.o
 .text.__NVIC_GetPriorityGrouping
                0x0000000008002960       0x1c ./Drivers/STM32F3xx_HAL_Driver/Src/stm32f3xx_hal_cortex.o
 .text.__NVIC_EnableIRQ
                0x000000000800297c       0x3c ./Drivers/STM32F3xx_HAL_Driver/Src/stm32f3xx_hal_cortex.o
 .text.__NVIC_SetPriority
                0x00000000080029b8       0x54 ./Drivers/STM32F3xx_HAL_Driver/Src/stm32f3xx_hal_cortex.o
 .text.NVIC_EncodePriority
                0x0000000008002a0c       0x66 ./Drivers/STM32F3xx_HAL_Driver/Src/stm32f3xx_hal_cortex.o
 *fill*         0x0000000008002a72        0x2 
 .text.SysTick_Config
                0x0000000008002a74       0x44 ./Drivers/STM32F3xx_HAL_Driver/Src/stm32f3xx_hal_cortex.o
 .text.HAL_NVIC_SetPriorityGrouping
                0x0000000008002ab8       0x16 ./Drivers/STM32F3xx_HAL_Driver/Src/stm32f3xx_hal_cortex.o
                0x0000000008002ab8                HAL_NVIC_SetPriorityGrouping
 .text.HAL_NVIC_SetPriority
                0x0000000008002ace       0x38 ./Drivers/STM32F3xx_HAL_Driver/Src/stm32f3xx_hal_cortex.o
                0x0000000008002ace                HAL_NVIC_SetPriority
 .text.HAL_NVIC_EnableIRQ
                0x0000000008002b06       0x1c ./Drivers/STM32F3xx_HAL_Driver/Src/stm32f3xx_hal_cortex.o
                0x0000000008002b06                HAL_NVIC_EnableIRQ
 .text.HAL_SYSTICK_Config
                0x0000000008002b22       0x18 ./Drivers/STM32F3xx_HAL_Driver/Src/stm32f3xx_hal_cortex.o
                0x0000000008002b22                HAL_SYSTICK_Config
 *fill*         0x0000000008002b3a        0x2 
 .text.HAL_DAC_Init
                0x0000000008002b3c       0xbc ./Drivers/STM32F3xx_HAL_Driver/Src/stm32f3xx_hal_dac.o
                0x0000000008002b3c                HAL_DAC_Init
 .text.HAL_DAC_ConvCpltCallbackCh1
                0x0000000008002bf8       0x14 ./Drivers/STM32F3xx_HAL_Driver/Src/stm32f3xx_hal_dac.o
                0x0000000008002bf8                HAL_DAC_ConvCpltCallbackCh1
 .text.HAL_DAC_ConvHalfCpltCallbackCh1
                0x0000000008002c0c       0x14 ./Drivers/STM32F3xx_HAL_Driver/Src/stm32f3xx_hal_dac.o
                0x0000000008002c0c                HAL_DAC_ConvHalfCpltCallbackCh1
 .text.HAL_DAC_ErrorCallbackCh1
                0x0000000008002c20       0x14 ./Drivers/STM32F3xx_HAL_Driver/Src/stm32f3xx_hal_dac.o
                0x0000000008002c20                HAL_DAC_ErrorCallbackCh1
 .text.HAL_DAC_DMAUnderrunCallbackCh1
                0x0000000008002c34       0x14 ./Drivers/STM32F3xx_HAL_Driver/Src/stm32f3xx_hal_dac.o
                0x0000000008002c34                HAL_DAC_DMAUnderrunCallbackCh1
 .text.HAL_DAC_Start
                0x0000000008002c48       0x96 ./Drivers/STM32F3xx_HAL_Driver/Src/stm32f3xx_hal_dac_ex.o
                0x0000000008002c48                HAL_DAC_Start
 *fill*         0x0000000008002cde        0x2 
 .text.HAL_DAC_Start_DMA
                0x0000000008002ce0      0x178 ./Drivers/STM32F3xx_HAL_Driver/Src/stm32f3xx_hal_dac_ex.o
                0x0000000008002ce0                HAL_DAC_Start_DMA
 .text.HAL_DAC_ConfigChannel
                0x0000000008002e58       0xd0 ./Drivers/STM32F3xx_HAL_Driver/Src/stm32f3xx_hal_dac_ex.o
                0x0000000008002e58                HAL_DAC_ConfigChannel
 .text.HAL_DACEx_ConvCpltCallbackCh2
                0x0000000008002f28       0x14 ./Drivers/STM32F3xx_HAL_Driver/Src/stm32f3xx_hal_dac_ex.o
                0x0000000008002f28                HAL_DACEx_ConvCpltCallbackCh2
 .text.HAL_DACEx_ConvHalfCpltCallbackCh2
                0x0000000008002f3c       0x14 ./Drivers/STM32F3xx_HAL_Driver/Src/stm32f3xx_hal_dac_ex.o
                0x0000000008002f3c                HAL_DACEx_ConvHalfCpltCallbackCh2
 .text.HAL_DACEx_ErrorCallbackCh2
                0x0000000008002f50       0x14 ./Drivers/STM32F3xx_HAL_Driver/Src/stm32f3xx_hal_dac_ex.o
                0x0000000008002f50                HAL_DACEx_ErrorCallbackCh2
 .text.HAL_DACEx_DMAUnderrunCallbackCh2
                0x0000000008002f64       0x14 ./Drivers/STM32F3xx_HAL_Driver/Src/stm32f3xx_hal_dac_ex.o
                0x0000000008002f64                HAL_DACEx_DMAUnderrunCallbackCh2
 .text.DAC_DMAConvCpltCh1
                0x0000000008002f78       0x24 ./Drivers/STM32F3xx_HAL_Driver/Src/stm32f3xx_hal_dac_ex.o
 .text.DAC_DMAHalfConvCpltCh1
                0x0000000008002f9c       0x1e ./Drivers/STM32F3xx_HAL_Driver/Src/stm32f3xx_hal_dac_ex.o
 .text.DAC_DMAErrorCh1
                0x0000000008002fba       0x30 ./Drivers/STM32F3xx_HAL_Driver/Src/stm32f3xx_hal_dac_ex.o
 .text.DAC_DMAConvCpltCh2
                0x0000000008002fea       0x24 ./Drivers/STM32F3xx_HAL_Driver/Src/stm32f3xx_hal_dac_ex.o
 .text.DAC_DMAHalfConvCpltCh2
                0x000000000800300e       0x1e ./Drivers/STM32F3xx_HAL_Driver/Src/stm32f3xx_hal_dac_ex.o
 .text.DAC_DMAErrorCh2
                0x000000000800302c       0x30 ./Drivers/STM32F3xx_HAL_Driver/Src/stm32f3xx_hal_dac_ex.o
 .text.HAL_DMA_Init
                0x000000000800305c       0x8e ./Drivers/STM32F3xx_HAL_Driver/Src/stm32f3xx_hal_dma.o
                0x000000000800305c                HAL_DMA_Init
 .text.HAL_DMA_DeInit
                0x00000000080030ea       0x90 ./Drivers/STM32F3xx_HAL_Driver/Src/stm32f3xx_hal_dma.o
                0x00000000080030ea                HAL_DMA_DeInit
 .text.HAL_DMA_Start_IT
                0x000000000800317a       0xbe ./Drivers/STM32F3xx_HAL_Driver/Src/stm32f3xx_hal_dma.o
                0x000000000800317a                HAL_DMA_Start_IT
 .text.HAL_DMA_IRQHandler
                0x0000000008003238      0x146 ./Drivers/STM32F3xx_HAL_Driver/Src/stm32f3xx_hal_dma.o
                0x0000000008003238                HAL_DMA_IRQHandler
 .text.DMA_SetConfig
                0x000000000800337e       0x5c ./Drivers/STM32F3xx_HAL_Driver/Src/stm32f3xx_hal_dma.o
 *fill*         0x00000000080033da        0x2 
 .text.DMA_CalcBaseAndBitshift
                0x00000000080033dc       0x40 ./Drivers/STM32F3xx_HAL_Driver/Src/stm32f3xx_hal_dma.o
 .text.HAL_GPIO_Init
                0x000000000800341c      0x2e4 ./Drivers/STM32F3xx_HAL_Driver/Src/stm32f3xx_hal_gpio.o
                0x000000000800341c                HAL_GPIO_Init
 .text.HAL_GPIO_DeInit
                0x0000000008003700      0x1a8 ./Drivers/STM32F3xx_HAL_Driver/Src/stm32f3xx_hal_gpio.o
                0x0000000008003700                HAL_GPIO_DeInit
 .text.HAL_I2C_Init
                0x00000000080038a8      0x1b0 ./Drivers/STM32F3xx_HAL_Driver/Src/stm32f3xx_hal_i2c.o
                0x00000000080038a8                HAL_I2C_Init
 .text.HAL_I2C_Master_Transmit
                0x0000000008003a58      0x230 ./Drivers/STM32F3xx_HAL_Driver/Src/stm32f3xx_hal_i2c.o
                0x0000000008003a58                HAL_I2C_Master_Transmit
 .text.HAL_I2C_IsDeviceReady
                0x0000000008003c88      0x1d8 ./Drivers/STM32F3xx_HAL_Driver/Src/stm32f3xx_hal_i2c.o
                0x0000000008003c88                HAL_I2C_IsDeviceReady
 .text.HAL_I2C_MasterTxCpltCallback
                0x0000000008003e60       0x14 ./Drivers/STM32F3xx_HAL_Driver/Src/stm32f3xx_hal_i2c.o
                0x0000000008003e60                HAL_I2C_MasterTxCpltCallback
 .text.HAL_I2C_MasterRxCpltCallback
                0x0000000008003e74       0x14 ./Drivers/STM32F3xx_HAL_Driver/Src/stm32f3xx_hal_i2c.o
                0x0000000008003e74                HAL_I2C_MasterRxCpltCallback
 .text.HAL_I2C_SlaveTxCpltCallback
                0x0000000008003e88       0x14 ./Drivers/STM32F3xx_HAL_Driver/Src/stm32f3xx_hal_i2c.o
                0x0000000008003e88                HAL_I2C_SlaveTxCpltCallback
 .text.HAL_I2C_SlaveRxCpltCallback
                0x0000000008003e9c       0x14 ./Drivers/STM32F3xx_HAL_Driver/Src/stm32f3xx_hal_i2c.o
                0x0000000008003e9c                HAL_I2C_SlaveRxCpltCallback
 .text.HAL_I2C_AddrCallback
                0x0000000008003eb0       0x1c ./Drivers/STM32F3xx_HAL_Driver/Src/stm32f3xx_hal_i2c.o
                0x0000000008003eb0                HAL_I2C_AddrCallback
 .text.HAL_I2C_ListenCpltCallback
                0x0000000008003ecc       0x14 ./Drivers/STM32F3xx_HAL_Driver/Src/stm32f3xx_hal_i2c.o
                0x0000000008003ecc                HAL_I2C_ListenCpltCallback
 .text.HAL_I2C_MemTxCpltCallback
                0x0000000008003ee0       0x14 ./Drivers/STM32F3xx_HAL_Driver/Src/stm32f3xx_hal_i2c.o
                0x0000000008003ee0                HAL_I2C_MemTxCpltCallback
 .text.HAL_I2C_MemRxCpltCallback
                0x0000000008003ef4       0x14 ./Drivers/STM32F3xx_HAL_Driver/Src/stm32f3xx_hal_i2c.o
                0x0000000008003ef4                HAL_I2C_MemRxCpltCallback
 .text.HAL_I2C_ErrorCallback
                0x0000000008003f08       0x14 ./Drivers/STM32F3xx_HAL_Driver/Src/stm32f3xx_hal_i2c.o
                0x0000000008003f08                HAL_I2C_ErrorCallback
 .text.HAL_I2C_AbortCpltCallback
                0x0000000008003f1c       0x14 ./Drivers/STM32F3xx_HAL_Driver/Src/stm32f3xx_hal_i2c.o
                0x0000000008003f1c                HAL_I2C_AbortCpltCallback
 .text.I2C_Flush_TXDR
                0x0000000008003f30       0x48 ./Drivers/STM32F3xx_HAL_Driver/Src/stm32f3xx_hal_i2c.o
 .text.I2C_WaitOnFlagUntilTimeout
                0x0000000008003f78       0xb2 ./Drivers/STM32F3xx_HAL_Driver/Src/stm32f3xx_hal_i2c.o
 .text.I2C_WaitOnTXISFlagUntilTimeout
                0x000000000800402a       0x8e ./Drivers/STM32F3xx_HAL_Driver/Src/stm32f3xx_hal_i2c.o
 .text.I2C_WaitOnSTOPFlagUntilTimeout
                0x00000000080040b8       0x86 ./Drivers/STM32F3xx_HAL_Driver/Src/stm32f3xx_hal_i2c.o
 *fill*         0x000000000800413e        0x2 
 .text.I2C_IsErrorOccurred
                0x0000000008004140      0x1c0 ./Drivers/STM32F3xx_HAL_Driver/Src/stm32f3xx_hal_i2c.o
 .text.I2C_TransferConfig
                0x0000000008004300       0x64 ./Drivers/STM32F3xx_HAL_Driver/Src/stm32f3xx_hal_i2c.o
 .text.HAL_I2CEx_ConfigAnalogFilter
                0x0000000008004364       0x96 ./Drivers/STM32F3xx_HAL_Driver/Src/stm32f3xx_hal_i2c_ex.o
                0x0000000008004364                HAL_I2CEx_ConfigAnalogFilter
 .text.HAL_I2CEx_ConfigDigitalFilter
                0x00000000080043fa       0x98 ./Drivers/STM32F3xx_HAL_Driver/Src/stm32f3xx_hal_i2c_ex.o
                0x00000000080043fa                HAL_I2CEx_ConfigDigitalFilter
 *fill*         0x0000000008004492        0x2 
 .text.HAL_RCC_OscConfig
                0x0000000008004494     0x107c ./Drivers/STM32F3xx_HAL_Driver/Src/stm32f3xx_hal_rcc.o
                0x0000000008004494                HAL_RCC_OscConfig
 .text.HAL_RCC_ClockConfig
                0x0000000008005510      0x2f8 ./Drivers/STM32F3xx_HAL_Driver/Src/stm32f3xx_hal_rcc.o
                0x0000000008005510                HAL_RCC_ClockConfig
 .text.HAL_RCC_GetSysClockFreq
                0x0000000008005808       0xa8 ./Drivers/STM32F3xx_HAL_Driver/Src/stm32f3xx_hal_rcc.o
                0x0000000008005808                HAL_RCC_GetSysClockFreq
 .text.HAL_RCC_GetHCLKFreq
                0x00000000080058b0       0x18 ./Drivers/STM32F3xx_HAL_Driver/Src/stm32f3xx_hal_rcc.o
                0x00000000080058b0                HAL_RCC_GetHCLKFreq
 .text.HAL_RCC_GetPCLK1Freq
                0x00000000080058c8       0x44 ./Drivers/STM32F3xx_HAL_Driver/Src/stm32f3xx_hal_rcc.o
                0x00000000080058c8                HAL_RCC_GetPCLK1Freq
 .text.HAL_RCCEx_PeriphCLKConfig
                0x000000000800590c      0x24c ./Drivers/STM32F3xx_HAL_Driver/Src/stm32f3xx_hal_rcc_ex.o
                0x000000000800590c                HAL_RCCEx_PeriphCLKConfig
 .text.HAL_TIM_Base_Init
                0x0000000008005b58       0xc8 ./Drivers/STM32F3xx_HAL_Driver/Src/stm32f3xx_hal_tim.o
                0x0000000008005b58                HAL_TIM_Base_Init
 .text.HAL_TIM_Base_Start
                0x0000000008005c20       0xa8 ./Drivers/STM32F3xx_HAL_Driver/Src/stm32f3xx_hal_tim.o
                0x0000000008005c20                HAL_TIM_Base_Start
 .text.HAL_TIM_Base_Stop
                0x0000000008005cc8       0x4e ./Drivers/STM32F3xx_HAL_Driver/Src/stm32f3xx_hal_tim.o
                0x0000000008005cc8                HAL_TIM_Base_Stop
 *fill*         0x0000000008005d16        0x2 
 .text.HAL_TIM_PWM_Init
                0x0000000008005d18       0xc8 ./Drivers/STM32F3xx_HAL_Driver/Src/stm32f3xx_hal_tim.o
                0x0000000008005d18                HAL_TIM_PWM_Init
 .text.HAL_TIM_PWM_MspInit
                0x0000000008005de0       0x14 ./Drivers/STM32F3xx_HAL_Driver/Src/stm32f3xx_hal_tim.o
                0x0000000008005de0                HAL_TIM_PWM_MspInit
 .text.HAL_TIM_Encoder_Init
                0x0000000008005df4      0x168 ./Drivers/STM32F3xx_HAL_Driver/Src/stm32f3xx_hal_tim.o
                0x0000000008005df4                HAL_TIM_Encoder_Init
 .text.HAL_TIM_Encoder_Start
                0x0000000008005f5c      0x11c ./Drivers/STM32F3xx_HAL_Driver/Src/stm32f3xx_hal_tim.o
                0x0000000008005f5c                HAL_TIM_Encoder_Start
 .text.HAL_TIM_Encoder_Stop
                0x0000000008006078      0x14e ./Drivers/STM32F3xx_HAL_Driver/Src/stm32f3xx_hal_tim.o
                0x0000000008006078                HAL_TIM_Encoder_Stop
 *fill*         0x00000000080061c6        0x2 
 .text.HAL_TIM_PWM_ConfigChannel
                0x00000000080061c8      0x228 ./Drivers/STM32F3xx_HAL_Driver/Src/stm32f3xx_hal_tim.o
                0x00000000080061c8                HAL_TIM_PWM_ConfigChannel
 .text.HAL_TIM_ConfigClockSource
                0x00000000080063f0      0x192 ./Drivers/STM32F3xx_HAL_Driver/Src/stm32f3xx_hal_tim.o
                0x00000000080063f0                HAL_TIM_ConfigClockSource
 .text.HAL_TIM_PeriodElapsedCallback
                0x0000000008006582       0x14 ./Drivers/STM32F3xx_HAL_Driver/Src/stm32f3xx_hal_tim.o
                0x0000000008006582                HAL_TIM_PeriodElapsedCallback
 .text.HAL_TIM_PeriodElapsedHalfCpltCallback
                0x0000000008006596       0x14 ./Drivers/STM32F3xx_HAL_Driver/Src/stm32f3xx_hal_tim.o
                0x0000000008006596                HAL_TIM_PeriodElapsedHalfCpltCallback
 .text.HAL_TIM_OC_DelayElapsedCallback
                0x00000000080065aa       0x14 ./Drivers/STM32F3xx_HAL_Driver/Src/stm32f3xx_hal_tim.o
                0x00000000080065aa                HAL_TIM_OC_DelayElapsedCallback
 .text.HAL_TIM_IC_CaptureCallback
                0x00000000080065be       0x14 ./Drivers/STM32F3xx_HAL_Driver/Src/stm32f3xx_hal_tim.o
                0x00000000080065be                HAL_TIM_IC_CaptureCallback
 .text.HAL_TIM_IC_CaptureHalfCpltCallback
                0x00000000080065d2       0x14 ./Drivers/STM32F3xx_HAL_Driver/Src/stm32f3xx_hal_tim.o
                0x00000000080065d2                HAL_TIM_IC_CaptureHalfCpltCallback
 .text.HAL_TIM_PWM_PulseFinishedCallback
                0x00000000080065e6       0x14 ./Drivers/STM32F3xx_HAL_Driver/Src/stm32f3xx_hal_tim.o
                0x00000000080065e6                HAL_TIM_PWM_PulseFinishedCallback
 .text.HAL_TIM_PWM_PulseFinishedHalfCpltCallback
                0x00000000080065fa       0x14 ./Drivers/STM32F3xx_HAL_Driver/Src/stm32f3xx_hal_tim.o
                0x00000000080065fa                HAL_TIM_PWM_PulseFinishedHalfCpltCallback
 .text.HAL_TIM_TriggerCallback
                0x000000000800660e       0x14 ./Drivers/STM32F3xx_HAL_Driver/Src/stm32f3xx_hal_tim.o
                0x000000000800660e                HAL_TIM_TriggerCallback
 .text.HAL_TIM_TriggerHalfCpltCallback
                0x0000000008006622       0x14 ./Drivers/STM32F3xx_HAL_Driver/Src/stm32f3xx_hal_tim.o
                0x0000000008006622                HAL_TIM_TriggerHalfCpltCallback
 .text.HAL_TIM_ErrorCallback
                0x0000000008006636       0x14 ./Drivers/STM32F3xx_HAL_Driver/Src/stm32f3xx_hal_tim.o
                0x0000000008006636                HAL_TIM_ErrorCallback
 *fill*         0x000000000800664a        0x2 
 .text.TIM_Base_SetConfig
                0x000000000800664c      0x108 ./Drivers/STM32F3xx_HAL_Driver/Src/stm32f3xx_hal_tim.o
                0x000000000800664c                TIM_Base_SetConfig
 .text.TIM_OC1_SetConfig
                0x0000000008006754      0x10c ./Drivers/STM32F3xx_HAL_Driver/Src/stm32f3xx_hal_tim.o
 .text.TIM_OC2_SetConfig
                0x0000000008006860      0x100 ./Drivers/STM32F3xx_HAL_Driver/Src/stm32f3xx_hal_tim.o
                0x0000000008006860                TIM_OC2_SetConfig
 .text.TIM_OC3_SetConfig
                0x0000000008006960       0xfc ./Drivers/STM32F3xx_HAL_Driver/Src/stm32f3xx_hal_tim.o
 .text.TIM_OC4_SetConfig
                0x0000000008006a5c       0xc8 ./Drivers/STM32F3xx_HAL_Driver/Src/stm32f3xx_hal_tim.o
 .text.TIM_OC5_SetConfig
                0x0000000008006b24       0xbc ./Drivers/STM32F3xx_HAL_Driver/Src/stm32f3xx_hal_tim.o
 .text.TIM_OC6_SetConfig
                0x0000000008006be0       0xc0 ./Drivers/STM32F3xx_HAL_Driver/Src/stm32f3xx_hal_tim.o
 .text.TIM_TI1_ConfigInputStage
                0x0000000008006ca0       0x5e ./Drivers/STM32F3xx_HAL_Driver/Src/stm32f3xx_hal_tim.o
 .text.TIM_TI2_ConfigInputStage
                0x0000000008006cfe       0x60 ./Drivers/STM32F3xx_HAL_Driver/Src/stm32f3xx_hal_tim.o
 .text.TIM_ITRx_SetConfig
                0x0000000008006d5e       0x36 ./Drivers/STM32F3xx_HAL_Driver/Src/stm32f3xx_hal_tim.o
 .text.TIM_ETR_SetConfig
                0x0000000008006d94       0x40 ./Drivers/STM32F3xx_HAL_Driver/Src/stm32f3xx_hal_tim.o
                0x0000000008006d94                TIM_ETR_SetConfig
 .text.TIM_CCxChannelCmd
                0x0000000008006dd4       0x4a ./Drivers/STM32F3xx_HAL_Driver/Src/stm32f3xx_hal_tim.o
                0x0000000008006dd4                TIM_CCxChannelCmd
 *fill*         0x0000000008006e1e        0x2 
 .text.TIM_ResetCallback
                0x0000000008006e20       0xbc ./Drivers/STM32F3xx_HAL_Driver/Src/stm32f3xx_hal_tim.o
                0x0000000008006e20                TIM_ResetCallback
 .text.HAL_TIMEx_MasterConfigSynchronization
                0x0000000008006edc       0xdc ./Drivers/STM32F3xx_HAL_Driver/Src/stm32f3xx_hal_tim_ex.o
                0x0000000008006edc                HAL_TIMEx_MasterConfigSynchronization
 .text.HAL_TIMEx_ConfigBreakDeadTime
                0x0000000008006fb8       0xf0 ./Drivers/STM32F3xx_HAL_Driver/Src/stm32f3xx_hal_tim_ex.o
                0x0000000008006fb8                HAL_TIMEx_ConfigBreakDeadTime
 .text.HAL_TIMEx_CommutCallback
                0x00000000080070a8       0x14 ./Drivers/STM32F3xx_HAL_Driver/Src/stm32f3xx_hal_tim_ex.o
                0x00000000080070a8                HAL_TIMEx_CommutCallback
 .text.HAL_TIMEx_CommutHalfCpltCallback
                0x00000000080070bc       0x14 ./Drivers/STM32F3xx_HAL_Driver/Src/stm32f3xx_hal_tim_ex.o
                0x00000000080070bc                HAL_TIMEx_CommutHalfCpltCallback
 .text.HAL_TIMEx_BreakCallback
                0x00000000080070d0       0x14 ./Drivers/STM32F3xx_HAL_Driver/Src/stm32f3xx_hal_tim_ex.o
                0x00000000080070d0                HAL_TIMEx_BreakCallback
 .text.HAL_TIMEx_Break2Callback
                0x00000000080070e4       0x14 ./Drivers/STM32F3xx_HAL_Driver/Src/stm32f3xx_hal_tim_ex.o
                0x00000000080070e4                HAL_TIMEx_Break2Callback
 .text.__errno  0x00000000080070f8        0xc /home/bozhi/st/stm32cubeide_1.11.0/plugins/com.st.stm32cube.ide.mcu.externaltools.gnu-tools-for-stm32.10.3-2021.10.linux64_1.0.100.202210260954/tools/bin/../lib/gcc/arm-none-eabi/10.3.1/../../../../arm-none-eabi/lib/thumb/v7e-m+fp/hard/libc_nano.a(lib_a-errno.o)
                0x00000000080070f8                __errno
 .text.__libc_init_array
                0x0000000008007104       0x48 /home/bozhi/st/stm32cubeide_1.11.0/plugins/com.st.stm32cube.ide.mcu.externaltools.gnu-tools-for-stm32.10.3-2021.10.linux64_1.0.100.202210260954/tools/bin/../lib/gcc/arm-none-eabi/10.3.1/../../../../arm-none-eabi/lib/thumb/v7e-m+fp/hard/libc_nano.a(lib_a-init.o)
                0x0000000008007104                __libc_init_array
 .text.memcpy   0x000000000800714c       0x1c /home/bozhi/st/stm32cubeide_1.11.0/plugins/com.st.stm32cube.ide.mcu.externaltools.gnu-tools-for-stm32.10.3-2021.10.linux64_1.0.100.202210260954/tools/bin/../lib/gcc/arm-none-eabi/10.3.1/../../../../arm-none-eabi/lib/thumb/v7e-m+fp/hard/libc_nano.a(lib_a-memcpy-stub.o)
                0x000000000800714c                memcpy
 .text.memset   0x0000000008007168       0x10 /home/bozhi/st/stm32cubeide_1.11.0/plugins/com.st.stm32cube.ide.mcu.externaltools.gnu-tools-for-stm32.10.3-2021.10.linux64_1.0.100.202210260954/tools/bin/../lib/gcc/arm-none-eabi/10.3.1/../../../../arm-none-eabi/lib/thumb/v7e-m+fp/hard/libc_nano.a(lib_a-memset.o)
                0x0000000008007168                memset
 .text.snprintf
                0x0000000008007178       0x68 /home/bozhi/st/stm32cubeide_1.11.0/plugins/com.st.stm32cube.ide.mcu.externaltools.gnu-tools-for-stm32.10.3-2021.10.linux64_1.0.100.202210260954/tools/bin/../lib/gcc/arm-none-eabi/10.3.1/../../../../arm-none-eabi/lib/thumb/v7e-m+fp/hard/libc_nano.a(lib_a-snprintf.o)
                0x0000000008007178                snprintf
                0x0000000008007178                sniprintf
 .text.__ssputs_r
                0x00000000080071e0       0xb6 /home/bozhi/st/stm32cubeide_1.11.0/plugins/com.st.stm32cube.ide.mcu.externaltools.gnu-tools-for-stm32.10.3-2021.10.linux64_1.0.100.202210260954/tools/bin/../lib/gcc/arm-none-eabi/10.3.1/../../../../arm-none-eabi/lib/thumb/v7e-m+fp/hard/libc_nano.a(lib_a-nano-svfprintf.o)
                0x00000000080071e0                __ssputs_r
 *fill*         0x0000000008007296        0x2 
 .text._svfprintf_r
                0x0000000008007298      0x200 /home/bozhi/st/stm32cubeide_1.11.0/plugins/com.st.stm32cube.ide.mcu.externaltools.gnu-tools-for-stm32.10.3-2021.10.linux64_1.0.100.202210260954/tools/bin/../lib/gcc/arm-none-eabi/10.3.1/../../../../arm-none-eabi/lib/thumb/v7e-m+fp/hard/libc_nano.a(lib_a-nano-svfprintf.o)
                0x0000000008007298                _svfprintf_r
                0x0000000008007298                _svfiprintf_r
 .text._printf_common
                0x0000000008007498       0xda /home/bozhi/st/stm32cubeide_1.11.0/plugins/com.st.stm32cube.ide.mcu.externaltools.gnu-tools-for-stm32.10.3-2021.10.linux64_1.0.100.202210260954/tools/bin/../lib/gcc/arm-none-eabi/10.3.1/../../../../arm-none-eabi/lib/thumb/v7e-m+fp/hard/libc_nano.a(lib_a-nano-vfprintf_i.o)
                0x0000000008007498                _printf_common
 *fill*         0x0000000008007572        0x2 
 .text._printf_i
                0x0000000008007574      0x24c /home/bozhi/st/stm32cubeide_1.11.0/plugins/com.st.stm32cube.ide.mcu.externaltools.gnu-tools-for-stm32.10.3-2021.10.linux64_1.0.100.202210260954/tools/bin/../lib/gcc/arm-none-eabi/10.3.1/../../../../arm-none-eabi/lib/thumb/v7e-m+fp/hard/libc_nano.a(lib_a-nano-vfprintf_i.o)
                0x0000000008007574                _printf_i
 .text.memmove  0x00000000080077c0       0x34 /home/bozhi/st/stm32cubeide_1.11.0/plugins/com.st.stm32cube.ide.mcu.externaltools.gnu-tools-for-stm32.10.3-2021.10.linux64_1.0.100.202210260954/tools/bin/../lib/gcc/arm-none-eabi/10.3.1/../../../../arm-none-eabi/lib/thumb/v7e-m+fp/hard/libc_nano.a(lib_a-memmove.o)
                0x00000000080077c0                memmove
 .text._free_r  0x00000000080077f4       0x98 /home/bozhi/st/stm32cubeide_1.11.0/plugins/com.st.stm32cube.ide.mcu.externaltools.gnu-tools-for-stm32.10.3-2021.10.linux64_1.0.100.202210260954/tools/bin/../lib/gcc/arm-none-eabi/10.3.1/../../../../arm-none-eabi/lib/thumb/v7e-m+fp/hard/libc_nano.a(lib_a-nano-freer.o)
                0x00000000080077f4                _free_r
 .text.sbrk_aligned
                0x000000000800788c       0x40 /home/bozhi/st/stm32cubeide_1.11.0/plugins/com.st.stm32cube.ide.mcu.externaltools.gnu-tools-for-stm32.10.3-2021.10.linux64_1.0.100.202210260954/tools/bin/../lib/gcc/arm-none-eabi/10.3.1/../../../../arm-none-eabi/lib/thumb/v7e-m+fp/hard/libc_nano.a(lib_a-nano-mallocr.o)
 .text._malloc_r
                0x00000000080078cc       0xe8 /home/bozhi/st/stm32cubeide_1.11.0/plugins/com.st.stm32cube.ide.mcu.externaltools.gnu-tools-for-stm32.10.3-2021.10.linux64_1.0.100.202210260954/tools/bin/../lib/gcc/arm-none-eabi/10.3.1/../../../../arm-none-eabi/lib/thumb/v7e-m+fp/hard/libc_nano.a(lib_a-nano-mallocr.o)
                0x00000000080078cc                _malloc_r
 .text._realloc_r
                0x00000000080079b4       0x5e /home/bozhi/st/stm32cubeide_1.11.0/plugins/com.st.stm32cube.ide.mcu.externaltools.gnu-tools-for-stm32.10.3-2021.10.linux64_1.0.100.202210260954/tools/bin/../lib/gcc/arm-none-eabi/10.3.1/../../../../arm-none-eabi/lib/thumb/v7e-m+fp/hard/libc_nano.a(lib_a-nano-reallocr.o)
                0x00000000080079b4                _realloc_r
 *fill*         0x0000000008007a12        0x2 
 .text._sbrk_r  0x0000000008007a14       0x20 /home/bozhi/st/stm32cubeide_1.11.0/plugins/com.st.stm32cube.ide.mcu.externaltools.gnu-tools-for-stm32.10.3-2021.10.linux64_1.0.100.202210260954/tools/bin/../lib/gcc/arm-none-eabi/10.3.1/../../../../arm-none-eabi/lib/thumb/v7e-m+fp/hard/libc_nano.a(lib_a-sbrkr.o)
                0x0000000008007a14                _sbrk_r
 .text.__malloc_lock
                0x0000000008007a34        0xc /home/bozhi/st/stm32cubeide_1.11.0/plugins/com.st.stm32cube.ide.mcu.externaltools.gnu-tools-for-stm32.10.3-2021.10.linux64_1.0.100.202210260954/tools/bin/../lib/gcc/arm-none-eabi/10.3.1/../../../../arm-none-eabi/lib/thumb/v7e-m+fp/hard/libc_nano.a(lib_a-mlock.o)
                0x0000000008007a34                __malloc_lock
 .text.__malloc_unlock
                0x0000000008007a40        0xc /home/bozhi/st/stm32cubeide_1.11.0/plugins/com.st.stm32cube.ide.mcu.externaltools.gnu-tools-for-stm32.10.3-2021.10.linux64_1.0.100.202210260954/tools/bin/../lib/gcc/arm-none-eabi/10.3.1/../../../../arm-none-eabi/lib/thumb/v7e-m+fp/hard/libc_nano.a(lib_a-mlock.o)
                0x0000000008007a40                __malloc_unlock
 .text._malloc_usable_size_r
                0x0000000008007a4c       0x10 /home/bozhi/st/stm32cubeide_1.11.0/plugins/com.st.stm32cube.ide.mcu.externaltools.gnu-tools-for-stm32.10.3-2021.10.linux64_1.0.100.202210260954/tools/bin/../lib/gcc/arm-none-eabi/10.3.1/../../../../arm-none-eabi/lib/thumb/v7e-m+fp/hard/libc_nano.a(lib_a-nano-msizer.o)
                0x0000000008007a4c                _malloc_usable_size_r
 .text.__retarget_lock_acquire_recursive
                0x0000000008007a5c        0x2 /home/bozhi/st/stm32cubeide_1.11.0/plugins/com.st.stm32cube.ide.mcu.externaltools.gnu-tools-for-stm32.10.3-2021.10.linux64_1.0.100.202210260954/tools/bin/../lib/gcc/arm-none-eabi/10.3.1/../../../../arm-none-eabi/lib/thumb/v7e-m+fp/hard/libc_nano.a(lib_a-lock.o)
                0x0000000008007a5c                __retarget_lock_acquire_recursive
 .text.__retarget_lock_release_recursive
                0x0000000008007a5e        0x2 /home/bozhi/st/stm32cubeide_1.11.0/plugins/com.st.stm32cube.ide.mcu.externaltools.gnu-tools-for-stm32.10.3-2021.10.linux64_1.0.100.202210260954/tools/bin/../lib/gcc/arm-none-eabi/10.3.1/../../../../arm-none-eabi/lib/thumb/v7e-m+fp/hard/libc_nano.a(lib_a-lock.o)
                0x0000000008007a5e                __retarget_lock_release_recursive
 .text.ceil     0x0000000008007a60      0x108 /home/bozhi/st/stm32cubeide_1.11.0/plugins/com.st.stm32cube.ide.mcu.externaltools.gnu-tools-for-stm32.10.3-2021.10.linux64_1.0.100.202210260954/tools/bin/../lib/gcc/arm-none-eabi/10.3.1/../../../../arm-none-eabi/lib/thumb/v7e-m+fp/hard/libm.a(lib_a-s_ceil.o)
                0x0000000008007a60                ceil
 .text.sinf     0x0000000008007b68       0x8c /home/bozhi/st/stm32cubeide_1.11.0/plugins/com.st.stm32cube.ide.mcu.externaltools.gnu-tools-for-stm32.10.3-2021.10.linux64_1.0.100.202210260954/tools/bin/../lib/gcc/arm-none-eabi/10.3.1/../../../../arm-none-eabi/lib/thumb/v7e-m+fp/hard/libm.a(lib_a-sf_sin.o)
                0x0000000008007b68                sinf
 .text.__ieee754_rem_pio2f
                0x0000000008007bf4      0x278 /home/bozhi/st/stm32cubeide_1.11.0/plugins/com.st.stm32cube.ide.mcu.externaltools.gnu-tools-for-stm32.10.3-2021.10.linux64_1.0.100.202210260954/tools/bin/../lib/gcc/arm-none-eabi/10.3.1/../../../../arm-none-eabi/lib/thumb/v7e-m+fp/hard/libm.a(lib_a-ef_rem_pio2.o)
                0x0000000008007bf4                __ieee754_rem_pio2f
 .text.__kernel_cosf
                0x0000000008007e6c       0xc0 /home/bozhi/st/stm32cubeide_1.11.0/plugins/com.st.stm32cube.ide.mcu.externaltools.gnu-tools-for-stm32.10.3-2021.10.linux64_1.0.100.202210260954/tools/bin/../lib/gcc/arm-none-eabi/10.3.1/../../../../arm-none-eabi/lib/thumb/v7e-m+fp/hard/libm.a(lib_a-kf_cos.o)
                0x0000000008007e6c                __kernel_cosf
 .text.__kernel_rem_pio2f
                0x0000000008007f2c      0x4ec /home/bozhi/st/stm32cubeide_1.11.0/plugins/com.st.stm32cube.ide.mcu.externaltools.gnu-tools-for-stm32.10.3-2021.10.linux64_1.0.100.202210260954/tools/bin/../lib/gcc/arm-none-eabi/10.3.1/../../../../arm-none-eabi/lib/thumb/v7e-m+fp/hard/libm.a(lib_a-kf_rem_pio2.o)
                0x0000000008007f2c                __kernel_rem_pio2f
 .text.__kernel_sinf
                0x0000000008008418       0x90 /home/bozhi/st/stm32cubeide_1.11.0/plugins/com.st.stm32cube.ide.mcu.externaltools.gnu-tools-for-stm32.10.3-2021.10.linux64_1.0.100.202210260954/tools/bin/../lib/gcc/arm-none-eabi/10.3.1/../../../../arm-none-eabi/lib/thumb/v7e-m+fp/hard/libm.a(lib_a-kf_sin.o)
                0x0000000008008418                __kernel_sinf
 .text.fabsf    0x00000000080084a8        0xe /home/bozhi/st/stm32cubeide_1.11.0/plugins/com.st.stm32cube.ide.mcu.externaltools.gnu-tools-for-stm32.10.3-2021.10.linux64_1.0.100.202210260954/tools/bin/../lib/gcc/arm-none-eabi/10.3.1/../../../../arm-none-eabi/lib/thumb/v7e-m+fp/hard/libm.a(lib_a-sf_fabs.o)
                0x00000000080084a8                fabsf
 *fill*         0x00000000080084b6        0x2 
 .text.floorf   0x00000000080084b8       0x84 /home/bozhi/st/stm32cubeide_1.11.0/plugins/com.st.stm32cube.ide.mcu.externaltools.gnu-tools-for-stm32.10.3-2021.10.linux64_1.0.100.202210260954/tools/bin/../lib/gcc/arm-none-eabi/10.3.1/../../../../arm-none-eabi/lib/thumb/v7e-m+fp/hard/libm.a(lib_a-sf_floor.o)
                0x00000000080084b8                floorf
 .text.scalbnf  0x000000000800853c       0xe4 /home/bozhi/st/stm32cubeide_1.11.0/plugins/com.st.stm32cube.ide.mcu.externaltools.gnu-tools-for-stm32.10.3-2021.10.linux64_1.0.100.202210260954/tools/bin/../lib/gcc/arm-none-eabi/10.3.1/../../../../arm-none-eabi/lib/thumb/v7e-m+fp/hard/libm.a(lib_a-sf_scalbn.o)
                0x000000000800853c                scalbnf
 *(.glue_7)
 .glue_7        0x0000000008008620        0x0 linker stubs
 *(.glue_7t)
 .glue_7t       0x0000000008008620        0x0 linker stubs
 *(.eh_frame)
 .eh_frame      0x0000000008008620        0x0 /home/bozhi/st/stm32cubeide_1.11.0/plugins/com.st.stm32cube.ide.mcu.externaltools.gnu-tools-for-stm32.10.3-2021.10.linux64_1.0.100.202210260954/tools/bin/../lib/gcc/arm-none-eabi/10.3.1/thumb/v7e-m+fp/hard/crtbegin.o
 *(.init)
 .init          0x0000000008008620        0x4 /home/bozhi/st/stm32cubeide_1.11.0/plugins/com.st.stm32cube.ide.mcu.externaltools.gnu-tools-for-stm32.10.3-2021.10.linux64_1.0.100.202210260954/tools/bin/../lib/gcc/arm-none-eabi/10.3.1/thumb/v7e-m+fp/hard/crti.o
                0x0000000008008620                _init
 .init          0x0000000008008624        0x8 /home/bozhi/st/stm32cubeide_1.11.0/plugins/com.st.stm32cube.ide.mcu.externaltools.gnu-tools-for-stm32.10.3-2021.10.linux64_1.0.100.202210260954/tools/bin/../lib/gcc/arm-none-eabi/10.3.1/thumb/v7e-m+fp/hard/crtn.o
 *(.fini)
 .fini          0x000000000800862c        0x4 /home/bozhi/st/stm32cubeide_1.11.0/plugins/com.st.stm32cube.ide.mcu.externaltools.gnu-tools-for-stm32.10.3-2021.10.linux64_1.0.100.202210260954/tools/bin/../lib/gcc/arm-none-eabi/10.3.1/thumb/v7e-m+fp/hard/crti.o
                0x000000000800862c                _fini
 .fini          0x0000000008008630        0x8 /home/bozhi/st/stm32cubeide_1.11.0/plugins/com.st.stm32cube.ide.mcu.externaltools.gnu-tools-for-stm32.10.3-2021.10.linux64_1.0.100.202210260954/tools/bin/../lib/gcc/arm-none-eabi/10.3.1/thumb/v7e-m+fp/hard/crtn.o
                0x0000000008008638                . = ALIGN (0x4)
                0x0000000008008638                _etext = .

.vfp11_veneer   0x0000000008008638        0x0
 .vfp11_veneer  0x0000000008008638        0x0 linker stubs

.v4_bx          0x0000000008008638        0x0
 .v4_bx         0x0000000008008638        0x0 linker stubs

.iplt           0x0000000008008638        0x0
 .iplt          0x0000000008008638        0x0 /home/bozhi/st/stm32cubeide_1.11.0/plugins/com.st.stm32cube.ide.mcu.externaltools.gnu-tools-for-stm32.10.3-2021.10.linux64_1.0.100.202210260954/tools/bin/../lib/gcc/arm-none-eabi/10.3.1/thumb/v7e-m+fp/hard/crtbegin.o

.rodata         0x0000000008008638     0x1344
                0x0000000008008638                . = ALIGN (0x4)
 *(.rodata)
 .rodata        0x0000000008008638       0x14 ./Core/Src/IO/signalGenerator.o
 .rodata        0x000000000800864c       0x16 ./Core/Src/System/stm32f3xx_it.o
 *fill*         0x0000000008008662        0x2 
 .rodata        0x0000000008008664        0xd ./Core/Src/display/display.o
 *fill*         0x0000000008008671        0x3 
 .rodata        0x0000000008008674      0x170 ./Core/Src/menu/menu.o
 *(.rodata*)
 .rodata.AHBPrescTable
                0x00000000080087e4       0x10 ./Core/Src/System/system_stm32f3xx.o
                0x00000000080087e4                AHBPrescTable
 .rodata.APBPrescTable
                0x00000000080087f4        0x8 ./Core/Src/System/system_stm32f3xx.o
                0x00000000080087f4                APBPrescTable
 .rodata.Font11x18
                0x00000000080087fc      0xd5c ./Core/Src/display/fonts.o
                0x00000000080087fc                Font11x18
 .rodata.aPLLMULFactorTable
                0x0000000008009558       0x10 ./Drivers/STM32F3xx_HAL_Driver/Src/stm32f3xx_hal_rcc.o
 .rodata.aPredivFactorTable
                0x0000000008009568       0x10 ./Drivers/STM32F3xx_HAL_Driver/Src/stm32f3xx_hal_rcc.o
 .rodata._svfprintf_r.str1.1
                0x0000000008009578       0x11 /home/bozhi/st/stm32cubeide_1.11.0/plugins/com.st.stm32cube.ide.mcu.externaltools.gnu-tools-for-stm32.10.3-2021.10.linux64_1.0.100.202210260954/tools/bin/../lib/gcc/arm-none-eabi/10.3.1/../../../../arm-none-eabi/lib/thumb/v7e-m+fp/hard/libc_nano.a(lib_a-nano-svfprintf.o)
 .rodata._printf_i.str1.1
                0x0000000008009589       0x22 /home/bozhi/st/stm32cubeide_1.11.0/plugins/com.st.stm32cube.ide.mcu.externaltools.gnu-tools-for-stm32.10.3-2021.10.linux64_1.0.100.202210260954/tools/bin/../lib/gcc/arm-none-eabi/10.3.1/../../../../arm-none-eabi/lib/thumb/v7e-m+fp/hard/libc_nano.a(lib_a-nano-vfprintf_i.o)
 *fill*         0x00000000080095ab        0x1 
 .rodata.npio2_hw
                0x00000000080095ac       0x80 /home/bozhi/st/stm32cubeide_1.11.0/plugins/com.st.stm32cube.ide.mcu.externaltools.gnu-tools-for-stm32.10.3-2021.10.linux64_1.0.100.202210260954/tools/bin/../lib/gcc/arm-none-eabi/10.3.1/../../../../arm-none-eabi/lib/thumb/v7e-m+fp/hard/libm.a(lib_a-ef_rem_pio2.o)
 .rodata.two_over_pi
                0x000000000800962c      0x318 /home/bozhi/st/stm32cubeide_1.11.0/plugins/com.st.stm32cube.ide.mcu.externaltools.gnu-tools-for-stm32.10.3-2021.10.linux64_1.0.100.202210260954/tools/bin/../lib/gcc/arm-none-eabi/10.3.1/../../../../arm-none-eabi/lib/thumb/v7e-m+fp/hard/libm.a(lib_a-ef_rem_pio2.o)
 .rodata.PIo2   0x0000000008009944       0x2c /home/bozhi/st/stm32cubeide_1.11.0/plugins/com.st.stm32cube.ide.mcu.externaltools.gnu-tools-for-stm32.10.3-2021.10.linux64_1.0.100.202210260954/tools/bin/../lib/gcc/arm-none-eabi/10.3.1/../../../../arm-none-eabi/lib/thumb/v7e-m+fp/hard/libm.a(lib_a-kf_rem_pio2.o)
 .rodata.init_jk
                0x0000000008009970        0xc /home/bozhi/st/stm32cubeide_1.11.0/plugins/com.st.stm32cube.ide.mcu.externaltools.gnu-tools-for-stm32.10.3-2021.10.linux64_1.0.100.202210260954/tools/bin/../lib/gcc/arm-none-eabi/10.3.1/../../../../arm-none-eabi/lib/thumb/v7e-m+fp/hard/libm.a(lib_a-kf_rem_pio2.o)
                0x000000000800997c                . = ALIGN (0x4)

.rel.dyn        0x000000000800997c        0x0
 .rel.iplt      0x000000000800997c        0x0 /home/bozhi/st/stm32cubeide_1.11.0/plugins/com.st.stm32cube.ide.mcu.externaltools.gnu-tools-for-stm32.10.3-2021.10.linux64_1.0.100.202210260954/tools/bin/../lib/gcc/arm-none-eabi/10.3.1/thumb/v7e-m+fp/hard/crtbegin.o

.ARM.extab      0x000000000800997c        0x0
                0x000000000800997c                . = ALIGN (0x4)
 *(.ARM.extab* .gnu.linkonce.armextab.*)
                0x000000000800997c                . = ALIGN (0x4)

.ARM            0x000000000800997c        0x0
                0x000000000800997c                . = ALIGN (0x4)
                0x000000000800997c                __exidx_start = .
 *(.ARM.exidx*)
                0x000000000800997c                __exidx_end = .
                0x000000000800997c                . = ALIGN (0x4)

.preinit_array  0x000000000800997c        0x0
                0x000000000800997c                . = ALIGN (0x4)
                0x000000000800997c                PROVIDE (__preinit_array_start = .)
 *(.preinit_array*)
                0x000000000800997c                PROVIDE (__preinit_array_end = .)
                0x000000000800997c                . = ALIGN (0x4)

.init_array     0x000000000800997c        0x4
                0x000000000800997c                . = ALIGN (0x4)
                0x000000000800997c                PROVIDE (__init_array_start = .)
 *(SORT_BY_NAME(.init_array.*))
 *(.init_array*)
 .init_array    0x000000000800997c        0x4 /home/bozhi/st/stm32cubeide_1.11.0/plugins/com.st.stm32cube.ide.mcu.externaltools.gnu-tools-for-stm32.10.3-2021.10.linux64_1.0.100.202210260954/tools/bin/../lib/gcc/arm-none-eabi/10.3.1/thumb/v7e-m+fp/hard/crtbegin.o
                0x0000000008009980                PROVIDE (__init_array_end = .)
                0x0000000008009980                . = ALIGN (0x4)

.fini_array     0x0000000008009980        0x4
                0x0000000008009980                . = ALIGN (0x4)
                [!provide]                        PROVIDE (__fini_array_start = .)
 *(SORT_BY_NAME(.fini_array.*))
 *(.fini_array*)
 .fini_array    0x0000000008009980        0x4 /home/bozhi/st/stm32cubeide_1.11.0/plugins/com.st.stm32cube.ide.mcu.externaltools.gnu-tools-for-stm32.10.3-2021.10.linux64_1.0.100.202210260954/tools/bin/../lib/gcc/arm-none-eabi/10.3.1/thumb/v7e-m+fp/hard/crtbegin.o
                [!provide]                        PROVIDE (__fini_array_end = .)
                0x0000000008009984                . = ALIGN (0x4)
                0x0000000008009984                _sidata = LOADADDR (.data)

.data           0x0000000020000000      0x138 load address 0x0000000008009984
                0x0000000020000000                . = ALIGN (0x4)
                0x0000000020000000                _sdata = .
 *(.data)
 *(.data*)
 .data.freq.0   0x0000000020000000        0x4 ./Core/Src/IO/signalGenerator.o
 .data.SystemCoreClock
                0x0000000020000004        0x4 ./Core/Src/System/system_stm32f3xx.o
                0x0000000020000004                SystemCoreClock
 .data.Font_11x18
                0x0000000020000008        0x8 ./Core/Src/display/fonts.o
                0x0000000020000008                Font_11x18
 .data.c_state  0x0000000020000010        0x1 ./Core/Src/menu/eventManaget.o
 *fill*         0x0000000020000011        0x3 
 .data.eventList
                0x0000000020000014       0x10 ./Core/Src/menu/eventManaget.o
                0x0000000020000014                eventList
 .data.stateList
                0x0000000020000024       0x9c ./Core/Src/menu/eventManaget.o
                0x0000000020000024                stateList
 .data.index.4  0x00000000200000c0        0x4 ./Core/Src/menu/menu.o
 .data.index.3  0x00000000200000c4        0x4 ./Core/Src/menu/menu.o
 .data.index.2  0x00000000200000c8        0x4 ./Core/Src/menu/menu.o
 .data.uwTickPrio
                0x00000000200000cc        0x4 ./Drivers/STM32F3xx_HAL_Driver/Src/stm32f3xx_hal.o
                0x00000000200000cc                uwTickPrio
 .data.uwTickFreq
                0x00000000200000d0        0x1 ./Drivers/STM32F3xx_HAL_Driver/Src/stm32f3xx_hal.o
                0x00000000200000d0                uwTickFreq
 *fill*         0x00000000200000d1        0x3 
 .data._impure_ptr
                0x00000000200000d4        0x4 /home/bozhi/st/stm32cubeide_1.11.0/plugins/com.st.stm32cube.ide.mcu.externaltools.gnu-tools-for-stm32.10.3-2021.10.linux64_1.0.100.202210260954/tools/bin/../lib/gcc/arm-none-eabi/10.3.1/../../../../arm-none-eabi/lib/thumb/v7e-m+fp/hard/libc_nano.a(lib_a-impure.o)
                0x00000000200000d4                _impure_ptr
 .data.impure_data
                0x00000000200000d8       0x60 /home/bozhi/st/stm32cubeide_1.11.0/plugins/com.st.stm32cube.ide.mcu.externaltools.gnu-tools-for-stm32.10.3-2021.10.linux64_1.0.100.202210260954/tools/bin/../lib/gcc/arm-none-eabi/10.3.1/../../../../arm-none-eabi/lib/thumb/v7e-m+fp/hard/libc_nano.a(lib_a-impure.o)
 *(.RamFunc)
 *(.RamFunc*)
                0x0000000020000138                . = ALIGN (0x4)
                0x0000000020000138                _edata = .
                0x0000000008009abc                _siccmram = LOADADDR (.ccmram)

.igot.plt       0x0000000020000138        0x0 load address 0x0000000008009abc
 .igot.plt      0x0000000020000138        0x0 /home/bozhi/st/stm32cubeide_1.11.0/plugins/com.st.stm32cube.ide.mcu.externaltools.gnu-tools-for-stm32.10.3-2021.10.linux64_1.0.100.202210260954/tools/bin/../lib/gcc/arm-none-eabi/10.3.1/thumb/v7e-m+fp/hard/crtbegin.o

.ccmram         0x0000000010000000        0x0 load address 0x0000000008009abc
                0x0000000010000000                . = ALIGN (0x4)
                0x0000000010000000                _sccmram = .
 *(.ccmram)
 *(.ccmram*)
                0x0000000010000000                . = ALIGN (0x4)
                0x0000000010000000                _eccmram = .
                0x0000000010000000                . = ALIGN (0x4)

.bss            0x0000000020000138      0x97c
                0x0000000020000138                _sbss = .
                0x0000000020000138                __bss_start__ = _sbss
 *(.bss)
 .bss           0x0000000020000138       0x1c /home/bozhi/st/stm32cubeide_1.11.0/plugins/com.st.stm32cube.ide.mcu.externaltools.gnu-tools-for-stm32.10.3-2021.10.linux64_1.0.100.202210260954/tools/bin/../lib/gcc/arm-none-eabi/10.3.1/thumb/v7e-m+fp/hard/crtbegin.o
 *(.bss*)
 .bss.hi2c1     0x0000000020000154       0x84 ./Core/Src/IO/i2c.o
                0x0000000020000154                hi2c1
 .bss.last_key  0x00000000200001d8        0x1 ./Core/Src/IO/keypad.o
 *fill*         0x00000000200001d9        0x1 
 .bss.encode_count
                0x00000000200001da        0x2 ./Core/Src/IO/keypad.o
 .bss.encode_dir
                0x00000000200001dc        0x1 ./Core/Src/IO/keypad.o
 .bss.key_id.3  0x00000000200001dd        0x1 ./Core/Src/IO/keypad.o
 .bss.pressed.2
                0x00000000200001de        0x1 ./Core/Src/IO/keypad.o
 *fill*         0x00000000200001df        0x1 
 .bss.t_release.1
                0x00000000200001e0        0x4 ./Core/Src/IO/keypad.o
 .bss.t_press.0
                0x00000000200001e4        0x4 ./Core/Src/IO/keypad.o
 .bss.sine_table
                0x00000000200001e8       0xc8 ./Core/Src/IO/signalGenerator.o
                0x00000000200001e8                sine_table
 .bss.signal_state
                0x00000000200002b0        0x1 ./Core/Src/IO/signalGenerator.o
 *fill*         0x00000000200002b1        0x3 
 .bss.hdac1     0x00000000200002b4       0x3c ./Core/Src/System/dac.o
                0x00000000200002b4                hdac1
 .bss.hdma_dac1_ch1
                0x00000000200002f0       0x44 ./Core/Src/System/dac.o
                0x00000000200002f0                hdma_dac1_ch1
 .bss.__sbrk_heap_end
                0x0000000020000334        0x4 ./Core/Src/System/sysmem.o
 .bss.htim1     0x0000000020000338       0xbc ./Core/Src/System/tim.o
                0x0000000020000338                htim1
 .bss.htim2     0x00000000200003f4       0xbc ./Core/Src/System/tim.o
                0x00000000200003f4                htim2
 .bss.htim6     0x00000000200004b0       0xbc ./Core/Src/System/tim.o
                0x00000000200004b0                htim6
 .bss.i2c_inst  0x000000002000056c        0x4 ./Core/Src/display/ssd1306.o
 .bss.SSD1306_Buffer
                0x0000000020000570      0x400 ./Core/Src/display/ssd1306.o
 .bss.SSD1306   0x0000000020000970        0x6 ./Core/Src/display/ssd1306.o
 *fill*         0x0000000020000976        0x2 
 .bss.menu_index
                0x0000000020000978        0x4 ./Core/Src/menu/menu.o
 .bss.menu_size
                0x000000002000097c        0x4 ./Core/Src/menu/menu.o
 .bss.amin_id   0x0000000020000980        0x4 ./Core/Src/menu/menu.o
 .bss.menu_table
                0x0000000020000984      0x118 ./Core/Src/menu/menu.o
                0x0000000020000984                menu_table
 .bss.func_type
                0x0000000020000a9c        0x1 ./Core/Src/menu/menu.o
 .bss.wave_type
                0x0000000020000a9d        0x1 ./Core/Src/menu/menu.o
 .bss.burst_type
                0x0000000020000a9e        0x1 ./Core/Src/menu/menu.o
 *fill*         0x0000000020000a9f        0x1 
 .bss.uwTick    0x0000000020000aa0        0x4 ./Drivers/STM32F3xx_HAL_Driver/Src/stm32f3xx_hal.o
                0x0000000020000aa0                uwTick
 .bss.__malloc_free_list
                0x0000000020000aa4        0x4 /home/bozhi/st/stm32cubeide_1.11.0/plugins/com.st.stm32cube.ide.mcu.externaltools.gnu-tools-for-stm32.10.3-2021.10.linux64_1.0.100.202210260954/tools/bin/../lib/gcc/arm-none-eabi/10.3.1/../../../../arm-none-eabi/lib/thumb/v7e-m+fp/hard/libc_nano.a(lib_a-nano-mallocr.o)
                0x0000000020000aa4                __malloc_free_list
 .bss.__malloc_sbrk_start
                0x0000000020000aa8        0x4 /home/bozhi/st/stm32cubeide_1.11.0/plugins/com.st.stm32cube.ide.mcu.externaltools.gnu-tools-for-stm32.10.3-2021.10.linux64_1.0.100.202210260954/tools/bin/../lib/gcc/arm-none-eabi/10.3.1/../../../../arm-none-eabi/lib/thumb/v7e-m+fp/hard/libc_nano.a(lib_a-nano-mallocr.o)
                0x0000000020000aa8                __malloc_sbrk_start
 .bss.errno     0x0000000020000aac        0x4 /home/bozhi/st/stm32cubeide_1.11.0/plugins/com.st.stm32cube.ide.mcu.externaltools.gnu-tools-for-stm32.10.3-2021.10.linux64_1.0.100.202210260954/tools/bin/../lib/gcc/arm-none-eabi/10.3.1/../../../../arm-none-eabi/lib/thumb/v7e-m+fp/hard/libc_nano.a(lib_a-reent.o)
                0x0000000020000aac                errno
 .bss.__lock___malloc_recursive_mutex
                0x0000000020000ab0        0x1 /home/bozhi/st/stm32cubeide_1.11.0/plugins/com.st.stm32cube.ide.mcu.externaltools.gnu-tools-for-stm32.10.3-2021.10.linux64_1.0.100.202210260954/tools/bin/../lib/gcc/arm-none-eabi/10.3.1/../../../../arm-none-eabi/lib/thumb/v7e-m+fp/hard/libc_nano.a(lib_a-lock.o)
                0x0000000020000ab0                __lock___malloc_recursive_mutex
 *(COMMON)
                0x0000000020000ab4                . = ALIGN (0x4)
 *fill*         0x0000000020000ab1        0x3 
                0x0000000020000ab4                _ebss = .
                0x0000000020000ab4                __bss_end__ = _ebss

._user_heap_stack
                0x0000000020000ab4      0x604
                0x0000000020000ab8                . = ALIGN (0x8)
 *fill*         0x0000000020000ab4        0x4 
                [!provide]                        PROVIDE (end = .)
                0x0000000020000ab8                PROVIDE (_end = .)
                0x0000000020000cb8                . = (. + _Min_Heap_Size)
 *fill*         0x0000000020000ab8      0x200 
                0x00000000200010b8                . = (. + _Min_Stack_Size)
 *fill*         0x0000000020000cb8      0x400 
                0x00000000200010b8                . = ALIGN (0x8)

/DISCARD/
 libc.a(*)
 libm.a(*)
 libgcc.a(*)

.ARM.attributes
                0x0000000000000000       0x30
 *(.ARM.attributes)
 .ARM.attributes
                0x0000000000000000       0x1e /home/bozhi/st/stm32cubeide_1.11.0/plugins/com.st.stm32cube.ide.mcu.externaltools.gnu-tools-for-stm32.10.3-2021.10.linux64_1.0.100.202210260954/tools/bin/../lib/gcc/arm-none-eabi/10.3.1/thumb/v7e-m+fp/hard/crti.o
 .ARM.attributes
                0x000000000000001e       0x34 /home/bozhi/st/stm32cubeide_1.11.0/plugins/com.st.stm32cube.ide.mcu.externaltools.gnu-tools-for-stm32.10.3-2021.10.linux64_1.0.100.202210260954/tools/bin/../lib/gcc/arm-none-eabi/10.3.1/thumb/v7e-m+fp/hard/crtbegin.o
 .ARM.attributes
                0x0000000000000052       0x34 ./Core/Src/IO/gpio.o
 .ARM.attributes
                0x0000000000000086       0x34 ./Core/Src/IO/i2c.o
 .ARM.attributes
                0x00000000000000ba       0x34 ./Core/Src/IO/keypad.o
 .ARM.attributes
                0x00000000000000ee       0x34 ./Core/Src/IO/signalGenerator.o
 .ARM.attributes
                0x0000000000000122       0x34 ./Core/Src/System/dac.o
 .ARM.attributes
                0x0000000000000156       0x34 ./Core/Src/System/dma.o
 .ARM.attributes
                0x000000000000018a       0x34 ./Core/Src/System/stm32f3xx_hal_msp.o
 .ARM.attributes
                0x00000000000001be       0x34 ./Core/Src/System/stm32f3xx_it.o
 .ARM.attributes
                0x00000000000001f2       0x34 ./Core/Src/System/sysmem.o
 .ARM.attributes
                0x0000000000000226       0x34 ./Core/Src/System/system_stm32f3xx.o
 .ARM.attributes
                0x000000000000025a       0x34 ./Core/Src/System/tim.o
 .ARM.attributes
                0x000000000000028e       0x34 ./Core/Src/display/display.o
 .ARM.attributes
                0x00000000000002c2       0x34 ./Core/Src/display/fonts.o
 .ARM.attributes
                0x00000000000002f6       0x34 ./Core/Src/display/ssd1306.o
 .ARM.attributes
                0x000000000000032a       0x34 ./Core/Src/main.o
 .ARM.attributes
                0x000000000000035e       0x34 ./Core/Src/menu/eventManaget.o
 .ARM.attributes
                0x0000000000000392       0x34 ./Core/Src/menu/menu.o
 .ARM.attributes
                0x00000000000003c6       0x21 ./Core/Startup/startup_stm32f303k8tx.o
 .ARM.attributes
                0x00000000000003e7       0x34 ./Drivers/STM32F3xx_HAL_Driver/Src/stm32f3xx_hal.o
 .ARM.attributes
                0x000000000000041b       0x34 ./Drivers/STM32F3xx_HAL_Driver/Src/stm32f3xx_hal_cortex.o
 .ARM.attributes
                0x000000000000044f       0x34 ./Drivers/STM32F3xx_HAL_Driver/Src/stm32f3xx_hal_dac.o
 .ARM.attributes
                0x0000000000000483       0x34 ./Drivers/STM32F3xx_HAL_Driver/Src/stm32f3xx_hal_dac_ex.o
 .ARM.attributes
                0x00000000000004b7       0x34 ./Drivers/STM32F3xx_HAL_Driver/Src/stm32f3xx_hal_dma.o
 .ARM.attributes
                0x00000000000004eb       0x34 ./Drivers/STM32F3xx_HAL_Driver/Src/stm32f3xx_hal_gpio.o
 .ARM.attributes
                0x000000000000051f       0x34 ./Drivers/STM32F3xx_HAL_Driver/Src/stm32f3xx_hal_i2c.o
 .ARM.attributes
                0x0000000000000553       0x34 ./Drivers/STM32F3xx_HAL_Driver/Src/stm32f3xx_hal_i2c_ex.o
 .ARM.attributes
                0x0000000000000587       0x34 ./Drivers/STM32F3xx_HAL_Driver/Src/stm32f3xx_hal_rcc.o
 .ARM.attributes
                0x00000000000005bb       0x34 ./Drivers/STM32F3xx_HAL_Driver/Src/stm32f3xx_hal_rcc_ex.o
 .ARM.attributes
                0x00000000000005ef       0x34 ./Drivers/STM32F3xx_HAL_Driver/Src/stm32f3xx_hal_tim.o
 .ARM.attributes
                0x0000000000000623       0x34 ./Drivers/STM32F3xx_HAL_Driver/Src/stm32f3xx_hal_tim_ex.o
 .ARM.attributes
                0x0000000000000657       0x34 /home/bozhi/st/stm32cubeide_1.11.0/plugins/com.st.stm32cube.ide.mcu.externaltools.gnu-tools-for-stm32.10.3-2021.10.linux64_1.0.100.202210260954/tools/bin/../lib/gcc/arm-none-eabi/10.3.1/../../../../arm-none-eabi/lib/thumb/v7e-m+fp/hard/libc_nano.a(lib_a-errno.o)
 .ARM.attributes
                0x000000000000068b       0x34 /home/bozhi/st/stm32cubeide_1.11.0/plugins/com.st.stm32cube.ide.mcu.externaltools.gnu-tools-for-stm32.10.3-2021.10.linux64_1.0.100.202210260954/tools/bin/../lib/gcc/arm-none-eabi/10.3.1/../../../../arm-none-eabi/lib/thumb/v7e-m+fp/hard/libc_nano.a(lib_a-impure.o)
 .ARM.attributes
                0x00000000000006bf       0x34 /home/bozhi/st/stm32cubeide_1.11.0/plugins/com.st.stm32cube.ide.mcu.externaltools.gnu-tools-for-stm32.10.3-2021.10.linux64_1.0.100.202210260954/tools/bin/../lib/gcc/arm-none-eabi/10.3.1/../../../../arm-none-eabi/lib/thumb/v7e-m+fp/hard/libc_nano.a(lib_a-init.o)
 .ARM.attributes
                0x00000000000006f3       0x34 /home/bozhi/st/stm32cubeide_1.11.0/plugins/com.st.stm32cube.ide.mcu.externaltools.gnu-tools-for-stm32.10.3-2021.10.linux64_1.0.100.202210260954/tools/bin/../lib/gcc/arm-none-eabi/10.3.1/../../../../arm-none-eabi/lib/thumb/v7e-m+fp/hard/libc_nano.a(lib_a-memcpy-stub.o)
 .ARM.attributes
                0x0000000000000727       0x34 /home/bozhi/st/stm32cubeide_1.11.0/plugins/com.st.stm32cube.ide.mcu.externaltools.gnu-tools-for-stm32.10.3-2021.10.linux64_1.0.100.202210260954/tools/bin/../lib/gcc/arm-none-eabi/10.3.1/../../../../arm-none-eabi/lib/thumb/v7e-m+fp/hard/libc_nano.a(lib_a-memset.o)
 .ARM.attributes
                0x000000000000075b       0x34 /home/bozhi/st/stm32cubeide_1.11.0/plugins/com.st.stm32cube.ide.mcu.externaltools.gnu-tools-for-stm32.10.3-2021.10.linux64_1.0.100.202210260954/tools/bin/../lib/gcc/arm-none-eabi/10.3.1/../../../../arm-none-eabi/lib/thumb/v7e-m+fp/hard/libc_nano.a(lib_a-snprintf.o)
 .ARM.attributes
                0x000000000000078f       0x34 /home/bozhi/st/stm32cubeide_1.11.0/plugins/com.st.stm32cube.ide.mcu.externaltools.gnu-tools-for-stm32.10.3-2021.10.linux64_1.0.100.202210260954/tools/bin/../lib/gcc/arm-none-eabi/10.3.1/../../../../arm-none-eabi/lib/thumb/v7e-m+fp/hard/libc_nano.a(lib_a-nano-svfprintf.o)
 .ARM.attributes
                0x00000000000007c3       0x34 /home/bozhi/st/stm32cubeide_1.11.0/plugins/com.st.stm32cube.ide.mcu.externaltools.gnu-tools-for-stm32.10.3-2021.10.linux64_1.0.100.202210260954/tools/bin/../lib/gcc/arm-none-eabi/10.3.1/../../../../arm-none-eabi/lib/thumb/v7e-m+fp/hard/libc_nano.a(lib_a-nano-vfprintf_i.o)
 .ARM.attributes
                0x00000000000007f7       0x1c /home/bozhi/st/stm32cubeide_1.11.0/plugins/com.st.stm32cube.ide.mcu.externaltools.gnu-tools-for-stm32.10.3-2021.10.linux64_1.0.100.202210260954/tools/bin/../lib/gcc/arm-none-eabi/10.3.1/../../../../arm-none-eabi/lib/thumb/v7e-m+fp/hard/libc_nano.a(lib_a-memchr.o)
 .ARM.attributes
                0x0000000000000813       0x34 /home/bozhi/st/stm32cubeide_1.11.0/plugins/com.st.stm32cube.ide.mcu.externaltools.gnu-tools-for-stm32.10.3-2021.10.linux64_1.0.100.202210260954/tools/bin/../lib/gcc/arm-none-eabi/10.3.1/../../../../arm-none-eabi/lib/thumb/v7e-m+fp/hard/libc_nano.a(lib_a-memmove.o)
 .ARM.attributes
                0x0000000000000847       0x34 /home/bozhi/st/stm32cubeide_1.11.0/plugins/com.st.stm32cube.ide.mcu.externaltools.gnu-tools-for-stm32.10.3-2021.10.linux64_1.0.100.202210260954/tools/bin/../lib/gcc/arm-none-eabi/10.3.1/../../../../arm-none-eabi/lib/thumb/v7e-m+fp/hard/libc_nano.a(lib_a-nano-freer.o)
 .ARM.attributes
                0x000000000000087b       0x34 /home/bozhi/st/stm32cubeide_1.11.0/plugins/com.st.stm32cube.ide.mcu.externaltools.gnu-tools-for-stm32.10.3-2021.10.linux64_1.0.100.202210260954/tools/bin/../lib/gcc/arm-none-eabi/10.3.1/../../../../arm-none-eabi/lib/thumb/v7e-m+fp/hard/libc_nano.a(lib_a-nano-mallocr.o)
 .ARM.attributes
                0x00000000000008af       0x34 /home/bozhi/st/stm32cubeide_1.11.0/plugins/com.st.stm32cube.ide.mcu.externaltools.gnu-tools-for-stm32.10.3-2021.10.linux64_1.0.100.202210260954/tools/bin/../lib/gcc/arm-none-eabi/10.3.1/../../../../arm-none-eabi/lib/thumb/v7e-m+fp/hard/libc_nano.a(lib_a-nano-reallocr.o)
 .ARM.attributes
                0x00000000000008e3       0x34 /home/bozhi/st/stm32cubeide_1.11.0/plugins/com.st.stm32cube.ide.mcu.externaltools.gnu-tools-for-stm32.10.3-2021.10.linux64_1.0.100.202210260954/tools/bin/../lib/gcc/arm-none-eabi/10.3.1/../../../../arm-none-eabi/lib/thumb/v7e-m+fp/hard/libc_nano.a(lib_a-sbrkr.o)
 .ARM.attributes
                0x0000000000000917       0x34 /home/bozhi/st/stm32cubeide_1.11.0/plugins/com.st.stm32cube.ide.mcu.externaltools.gnu-tools-for-stm32.10.3-2021.10.linux64_1.0.100.202210260954/tools/bin/../lib/gcc/arm-none-eabi/10.3.1/../../../../arm-none-eabi/lib/thumb/v7e-m+fp/hard/libc_nano.a(lib_a-mlock.o)
 .ARM.attributes
                0x000000000000094b       0x34 /home/bozhi/st/stm32cubeide_1.11.0/plugins/com.st.stm32cube.ide.mcu.externaltools.gnu-tools-for-stm32.10.3-2021.10.linux64_1.0.100.202210260954/tools/bin/../lib/gcc/arm-none-eabi/10.3.1/../../../../arm-none-eabi/lib/thumb/v7e-m+fp/hard/libc_nano.a(lib_a-nano-msizer.o)
 .ARM.attributes
                0x000000000000097f       0x34 /home/bozhi/st/stm32cubeide_1.11.0/plugins/com.st.stm32cube.ide.mcu.externaltools.gnu-tools-for-stm32.10.3-2021.10.linux64_1.0.100.202210260954/tools/bin/../lib/gcc/arm-none-eabi/10.3.1/../../../../arm-none-eabi/lib/thumb/v7e-m+fp/hard/libc_nano.a(lib_a-reent.o)
 .ARM.attributes
                0x00000000000009b3       0x34 /home/bozhi/st/stm32cubeide_1.11.0/plugins/com.st.stm32cube.ide.mcu.externaltools.gnu-tools-for-stm32.10.3-2021.10.linux64_1.0.100.202210260954/tools/bin/../lib/gcc/arm-none-eabi/10.3.1/../../../../arm-none-eabi/lib/thumb/v7e-m+fp/hard/libc_nano.a(lib_a-lock.o)
 .ARM.attributes
                0x00000000000009e7       0x34 /home/bozhi/st/stm32cubeide_1.11.0/plugins/com.st.stm32cube.ide.mcu.externaltools.gnu-tools-for-stm32.10.3-2021.10.linux64_1.0.100.202210260954/tools/bin/../lib/gcc/arm-none-eabi/10.3.1/../../../../arm-none-eabi/lib/thumb/v7e-m+fp/hard/libm.a(lib_a-s_ceil.o)
 .ARM.attributes
                0x0000000000000a1b       0x34 /home/bozhi/st/stm32cubeide_1.11.0/plugins/com.st.stm32cube.ide.mcu.externaltools.gnu-tools-for-stm32.10.3-2021.10.linux64_1.0.100.202210260954/tools/bin/../lib/gcc/arm-none-eabi/10.3.1/../../../../arm-none-eabi/lib/thumb/v7e-m+fp/hard/libm.a(lib_a-sf_sin.o)
 .ARM.attributes
                0x0000000000000a4f       0x34 /home/bozhi/st/stm32cubeide_1.11.0/plugins/com.st.stm32cube.ide.mcu.externaltools.gnu-tools-for-stm32.10.3-2021.10.linux64_1.0.100.202210260954/tools/bin/../lib/gcc/arm-none-eabi/10.3.1/../../../../arm-none-eabi/lib/thumb/v7e-m+fp/hard/libm.a(lib_a-ef_rem_pio2.o)
 .ARM.attributes
                0x0000000000000a83       0x34 /home/bozhi/st/stm32cubeide_1.11.0/plugins/com.st.stm32cube.ide.mcu.externaltools.gnu-tools-for-stm32.10.3-2021.10.linux64_1.0.100.202210260954/tools/bin/../lib/gcc/arm-none-eabi/10.3.1/../../../../arm-none-eabi/lib/thumb/v7e-m+fp/hard/libm.a(lib_a-kf_cos.o)
 .ARM.attributes
                0x0000000000000ab7       0x34 /home/bozhi/st/stm32cubeide_1.11.0/plugins/com.st.stm32cube.ide.mcu.externaltools.gnu-tools-for-stm32.10.3-2021.10.linux64_1.0.100.202210260954/tools/bin/../lib/gcc/arm-none-eabi/10.3.1/../../../../arm-none-eabi/lib/thumb/v7e-m+fp/hard/libm.a(lib_a-kf_rem_pio2.o)
 .ARM.attributes
                0x0000000000000aeb       0x34 /home/bozhi/st/stm32cubeide_1.11.0/plugins/com.st.stm32cube.ide.mcu.externaltools.gnu-tools-for-stm32.10.3-2021.10.linux64_1.0.100.202210260954/tools/bin/../lib/gcc/arm-none-eabi/10.3.1/../../../../arm-none-eabi/lib/thumb/v7e-m+fp/hard/libm.a(lib_a-kf_sin.o)
 .ARM.attributes
                0x0000000000000b1f       0x34 /home/bozhi/st/stm32cubeide_1.11.0/plugins/com.st.stm32cube.ide.mcu.externaltools.gnu-tools-for-stm32.10.3-2021.10.linux64_1.0.100.202210260954/tools/bin/../lib/gcc/arm-none-eabi/10.3.1/../../../../arm-none-eabi/lib/thumb/v7e-m+fp/hard/libm.a(lib_a-sf_fabs.o)
 .ARM.attributes
                0x0000000000000b53       0x34 /home/bozhi/st/stm32cubeide_1.11.0/plugins/com.st.stm32cube.ide.mcu.externaltools.gnu-tools-for-stm32.10.3-2021.10.linux64_1.0.100.202210260954/tools/bin/../lib/gcc/arm-none-eabi/10.3.1/../../../../arm-none-eabi/lib/thumb/v7e-m+fp/hard/libm.a(lib_a-sf_floor.o)
 .ARM.attributes
                0x0000000000000b87       0x34 /home/bozhi/st/stm32cubeide_1.11.0/plugins/com.st.stm32cube.ide.mcu.externaltools.gnu-tools-for-stm32.10.3-2021.10.linux64_1.0.100.202210260954/tools/bin/../lib/gcc/arm-none-eabi/10.3.1/../../../../arm-none-eabi/lib/thumb/v7e-m+fp/hard/libm.a(lib_a-sf_scalbn.o)
 .ARM.attributes
                0x0000000000000bbb       0x1e /home/bozhi/st/stm32cubeide_1.11.0/plugins/com.st.stm32cube.ide.mcu.externaltools.gnu-tools-for-stm32.10.3-2021.10.linux64_1.0.100.202210260954/tools/bin/../lib/gcc/arm-none-eabi/10.3.1/thumb/v7e-m+fp/hard/libgcc.a(_arm_addsubdf3.o)
 .ARM.attributes
                0x0000000000000bd9       0x1e /home/bozhi/st/stm32cubeide_1.11.0/plugins/com.st.stm32cube.ide.mcu.externaltools.gnu-tools-for-stm32.10.3-2021.10.linux64_1.0.100.202210260954/tools/bin/../lib/gcc/arm-none-eabi/10.3.1/thumb/v7e-m+fp/hard/libgcc.a(_arm_muldivdf3.o)
 .ARM.attributes
                0x0000000000000bf7       0x1e /home/bozhi/st/stm32cubeide_1.11.0/plugins/com.st.stm32cube.ide.mcu.externaltools.gnu-tools-for-stm32.10.3-2021.10.linux64_1.0.100.202210260954/tools/bin/../lib/gcc/arm-none-eabi/10.3.1/thumb/v7e-m+fp/hard/libgcc.a(_arm_cmpdf2.o)
 .ARM.attributes
                0x0000000000000c15       0x1e /home/bozhi/st/stm32cubeide_1.11.0/plugins/com.st.stm32cube.ide.mcu.externaltools.gnu-tools-for-stm32.10.3-2021.10.linux64_1.0.100.202210260954/tools/bin/../lib/gcc/arm-none-eabi/10.3.1/thumb/v7e-m+fp/hard/libgcc.a(_arm_fixunsdfsi.o)
 .ARM.attributes
                0x0000000000000c33       0x1e /home/bozhi/st/stm32cubeide_1.11.0/plugins/com.st.stm32cube.ide.mcu.externaltools.gnu-tools-for-stm32.10.3-2021.10.linux64_1.0.100.202210260954/tools/bin/../lib/gcc/arm-none-eabi/10.3.1/thumb/v7e-m+fp/hard/libgcc.a(_arm_truncdfsf2.o)
 .ARM.attributes
                0x0000000000000c51       0x1e /home/bozhi/st/stm32cubeide_1.11.0/plugins/com.st.stm32cube.ide.mcu.externaltools.gnu-tools-for-stm32.10.3-2021.10.linux64_1.0.100.202210260954/tools/bin/../lib/gcc/arm-none-eabi/10.3.1/thumb/v7e-m+fp/hard/crtn.o
OUTPUT(oscillator.elf elf32-littlearm)
LOAD linker stubs
LOAD /home/bozhi/st/stm32cubeide_1.11.0/plugins/com.st.stm32cube.ide.mcu.externaltools.gnu-tools-for-stm32.10.3-2021.10.linux64_1.0.100.202210260954/tools/bin/../lib/gcc/arm-none-eabi/10.3.1/../../../../arm-none-eabi/lib/thumb/v7e-m+fp/hard/libc.a
LOAD /home/bozhi/st/stm32cubeide_1.11.0/plugins/com.st.stm32cube.ide.mcu.externaltools.gnu-tools-for-stm32.10.3-2021.10.linux64_1.0.100.202210260954/tools/bin/../lib/gcc/arm-none-eabi/10.3.1/../../../../arm-none-eabi/lib/thumb/v7e-m+fp/hard/libm.a
LOAD /home/bozhi/st/stm32cubeide_1.11.0/plugins/com.st.stm32cube.ide.mcu.externaltools.gnu-tools-for-stm32.10.3-2021.10.linux64_1.0.100.202210260954/tools/bin/../lib/gcc/arm-none-eabi/10.3.1/thumb/v7e-m+fp/hard/libgcc.a

.debug_info     0x0000000000000000    0x13f3b
 .debug_info    0x0000000000000000      0x322 ./Core/Src/IO/gpio.o
 .debug_info    0x0000000000000322      0xa0b ./Core/Src/IO/i2c.o
 .debug_info    0x0000000000000d2d      0xbb1 ./Core/Src/IO/keypad.o
 .debug_info    0x00000000000018de      0x333 ./Core/Src/IO/signalGenerator.o
 .debug_info    0x0000000000001c11     0x1116 ./Core/Src/System/dac.o
 .debug_info    0x0000000000002d27      0x310 ./Core/Src/System/dma.o
 .debug_info    0x0000000000003037      0x1aa ./Core/Src/System/stm32f3xx_hal_msp.o
 .debug_info    0x00000000000031e1      0x3c4 ./Core/Src/System/stm32f3xx_it.o
 .debug_info    0x00000000000035a5      0x171 ./Core/Src/System/sysmem.o
 .debug_info    0x0000000000003716      0x416 ./Core/Src/System/system_stm32f3xx.o
 .debug_info    0x0000000000003b2c     0x1093 ./Core/Src/System/tim.o
 .debug_info    0x0000000000004bbf      0x8d9 ./Core/Src/display/display.o
 .debug_info    0x0000000000005498      0x1f4 ./Core/Src/display/fonts.o
 .debug_info    0x000000000000568c     0x1279 ./Core/Src/display/ssd1306.o
 .debug_info    0x0000000000006905      0x3c1 ./Core/Src/main.o
 .debug_info    0x0000000000006cc6      0x31b ./Core/Src/menu/eventManaget.o
 .debug_info    0x0000000000006fe1      0x5b4 ./Core/Src/menu/menu.o
 .debug_info    0x0000000000007595       0x22 ./Core/Startup/startup_stm32f303k8tx.o
 .debug_info    0x00000000000075b7      0x77d ./Drivers/STM32F3xx_HAL_Driver/Src/stm32f3xx_hal.o
 .debug_info    0x0000000000007d34      0xb20 ./Drivers/STM32F3xx_HAL_Driver/Src/stm32f3xx_hal_cortex.o
 .debug_info    0x0000000000008854      0xab0 ./Drivers/STM32F3xx_HAL_Driver/Src/stm32f3xx_hal_dac.o
 .debug_info    0x0000000000009304      0xaab ./Drivers/STM32F3xx_HAL_Driver/Src/stm32f3xx_hal_dac_ex.o
 .debug_info    0x0000000000009daf      0x757 ./Drivers/STM32F3xx_HAL_Driver/Src/stm32f3xx_hal_dma.o
 .debug_info    0x000000000000a506      0x74e ./Drivers/STM32F3xx_HAL_Driver/Src/stm32f3xx_hal_gpio.o
 .debug_info    0x000000000000ac54     0x258c ./Drivers/STM32F3xx_HAL_Driver/Src/stm32f3xx_hal_i2c.o
 .debug_info    0x000000000000d1e0      0xa2b ./Drivers/STM32F3xx_HAL_Driver/Src/stm32f3xx_hal_i2c_ex.o
 .debug_info    0x000000000000dc0b     0x151b ./Drivers/STM32F3xx_HAL_Driver/Src/stm32f3xx_hal_rcc.o
 .debug_info    0x000000000000f126      0x555 ./Drivers/STM32F3xx_HAL_Driver/Src/stm32f3xx_hal_rcc_ex.o
 .debug_info    0x000000000000f67b     0x3088 ./Drivers/STM32F3xx_HAL_Driver/Src/stm32f3xx_hal_tim.o
 .debug_info    0x0000000000012703     0x1838 ./Drivers/STM32F3xx_HAL_Driver/Src/stm32f3xx_hal_tim_ex.o

.debug_abbrev   0x0000000000000000     0x36d1
 .debug_abbrev  0x0000000000000000      0x12a ./Core/Src/IO/gpio.o
 .debug_abbrev  0x000000000000012a      0x202 ./Core/Src/IO/i2c.o
 .debug_abbrev  0x000000000000032c      0x257 ./Core/Src/IO/keypad.o
 .debug_abbrev  0x0000000000000583      0x18d ./Core/Src/IO/signalGenerator.o
 .debug_abbrev  0x0000000000000710      0x254 ./Core/Src/System/dac.o
 .debug_abbrev  0x0000000000000964       0xf8 ./Core/Src/System/dma.o
 .debug_abbrev  0x0000000000000a5c       0xc2 ./Core/Src/System/stm32f3xx_hal_msp.o
 .debug_abbrev  0x0000000000000b1e      0x17b ./Core/Src/System/stm32f3xx_it.o
 .debug_abbrev  0x0000000000000c99       0xbb ./Core/Src/System/sysmem.o
 .debug_abbrev  0x0000000000000d54      0x116 ./Core/Src/System/system_stm32f3xx.o
 .debug_abbrev  0x0000000000000e6a      0x2d0 ./Core/Src/System/tim.o
 .debug_abbrev  0x000000000000113a      0x1be ./Core/Src/display/display.o
 .debug_abbrev  0x00000000000012f8      0x111 ./Core/Src/display/fonts.o
 .debug_abbrev  0x0000000000001409      0x2f0 ./Core/Src/display/ssd1306.o
 .debug_abbrev  0x00000000000016f9      0x1a3 ./Core/Src/main.o
 .debug_abbrev  0x000000000000189c      0x1c4 ./Core/Src/menu/eventManaget.o
 .debug_abbrev  0x0000000000001a60      0x19b ./Core/Src/menu/menu.o
 .debug_abbrev  0x0000000000001bfb       0x12 ./Core/Startup/startup_stm32f303k8tx.o
 .debug_abbrev  0x0000000000001c0d      0x20e ./Drivers/STM32F3xx_HAL_Driver/Src/stm32f3xx_hal.o
 .debug_abbrev  0x0000000000001e1b      0x2ed ./Drivers/STM32F3xx_HAL_Driver/Src/stm32f3xx_hal_cortex.o
 .debug_abbrev  0x0000000000002108      0x1b2 ./Drivers/STM32F3xx_HAL_Driver/Src/stm32f3xx_hal_dac.o