Archive member included to satisfy reference by file (symbol)

/home/bozhi/st/stm32cubeide_1.11.0/plugins/com.st.stm32cube.ide.mcu.externaltools.gnu-tools-for-stm32.10.3-2021.10.linux64_1.0.100.202210260954/tools/bin/../lib/gcc/arm-none-eabi/10.3.1/../../../../arm-none-eabi/lib/thumb/v7e-m+fp/hard/libc_nano.a(lib_a-ctype_.o)
                              ./Core/Src/display/display.o (_ctype_)
/home/bozhi/st/stm32cubeide_1.11.0/plugins/com.st.stm32cube.ide.mcu.externaltools.gnu-tools-for-stm32.10.3-2021.10.linux64_1.0.100.202210260954/tools/bin/../lib/gcc/arm-none-eabi/10.3.1/../../../../arm-none-eabi/lib/thumb/v7e-m+fp/hard/libc_nano.a(lib_a-errno.o)
                              ./Core/Src/System/syscalls.o (__errno)
/home/bozhi/st/stm32cubeide_1.11.0/plugins/com.st.stm32cube.ide.mcu.externaltools.gnu-tools-for-stm32.10.3-2021.10.linux64_1.0.100.202210260954/tools/bin/../lib/gcc/arm-none-eabi/10.3.1/../../../../arm-none-eabi/lib/thumb/v7e-m+fp/hard/libc_nano.a(lib_a-exit.o)
                              /home/bozhi/st/stm32cubeide_1.11.0/plugins/com.st.stm32cube.ide.mcu.externaltools.gnu-tools-for-stm32.10.3-2021.10.linux64_1.0.100.202210260954/tools/bin/../lib/gcc/arm-none-eabi/10.3.1/../../../../arm-none-eabi/lib/thumb/v7e-m+fp/hard/crt0.o (exit)
/home/bozhi/st/stm32cubeide_1.11.0/plugins/com.st.stm32cube.ide.mcu.externaltools.gnu-tools-for-stm32.10.3-2021.10.linux64_1.0.100.202210260954/tools/bin/../lib/gcc/arm-none-eabi/10.3.1/../../../../arm-none-eabi/lib/thumb/v7e-m+fp/hard/libc_nano.a(lib_a-impure.o)
                              /home/bozhi/st/stm32cubeide_1.11.0/plugins/com.st.stm32cube.ide.mcu.externaltools.gnu-tools-for-stm32.10.3-2021.10.linux64_1.0.100.202210260954/tools/bin/../lib/gcc/arm-none-eabi/10.3.1/../../../../arm-none-eabi/lib/thumb/v7e-m+fp/hard/libc_nano.a(lib_a-exit.o) (_global_impure_ptr)
/home/bozhi/st/stm32cubeide_1.11.0/plugins/com.st.stm32cube.ide.mcu.externaltools.gnu-tools-for-stm32.10.3-2021.10.linux64_1.0.100.202210260954/tools/bin/../lib/gcc/arm-none-eabi/10.3.1/../../../../arm-none-eabi/lib/thumb/v7e-m+fp/hard/libc_nano.a(lib_a-init.o)
                              /home/bozhi/st/stm32cubeide_1.11.0/plugins/com.st.stm32cube.ide.mcu.externaltools.gnu-tools-for-stm32.10.3-2021.10.linux64_1.0.100.202210260954/tools/bin/../lib/gcc/arm-none-eabi/10.3.1/../../../../arm-none-eabi/lib/thumb/v7e-m+fp/hard/crt0.o (__libc_init_array)
/home/bozhi/st/stm32cubeide_1.11.0/plugins/com.st.stm32cube.ide.mcu.externaltools.gnu-tools-for-stm32.10.3-2021.10.linux64_1.0.100.202210260954/tools/bin/../lib/gcc/arm-none-eabi/10.3.1/../../../../arm-none-eabi/lib/thumb/v7e-m+fp/hard/libc_nano.a(lib_a-memcpy-stub.o)
                              ./Core/Src/menu/menu.o (memcpy)
/home/bozhi/st/stm32cubeide_1.11.0/plugins/com.st.stm32cube.ide.mcu.externaltools.gnu-tools-for-stm32.10.3-2021.10.linux64_1.0.100.202210260954/tools/bin/../lib/gcc/arm-none-eabi/10.3.1/../../../../arm-none-eabi/lib/thumb/v7e-m+fp/hard/libc_nano.a(lib_a-memset.o)
                              /home/bozhi/st/stm32cubeide_1.11.0/plugins/com.st.stm32cube.ide.mcu.externaltools.gnu-tools-for-stm32.10.3-2021.10.linux64_1.0.100.202210260954/tools/bin/../lib/gcc/arm-none-eabi/10.3.1/../../../../arm-none-eabi/lib/thumb/v7e-m+fp/hard/crt0.o (memset)
/home/bozhi/st/stm32cubeide_1.11.0/plugins/com.st.stm32cube.ide.mcu.externaltools.gnu-tools-for-stm32.10.3-2021.10.linux64_1.0.100.202210260954/tools/bin/../lib/gcc/arm-none-eabi/10.3.1/../../../../arm-none-eabi/lib/thumb/v7e-m+fp/hard/libc_nano.a(lib_a-snprintf.o)
                              ./Core/Src/IO/signalGenerator.o (snprintf)
/home/bozhi/st/stm32cubeide_1.11.0/plugins/com.st.stm32cube.ide.mcu.externaltools.gnu-tools-for-stm32.10.3-2021.10.linux64_1.0.100.202210260954/tools/bin/../lib/gcc/arm-none-eabi/10.3.1/../../../../arm-none-eabi/lib/thumb/v7e-m+fp/hard/libc_nano.a(lib_a-strcpy.o)
                              ./Core/Src/menu/menu.o (strcpy)
/home/bozhi/st/stm32cubeide_1.11.0/plugins/com.st.stm32cube.ide.mcu.externaltools.gnu-tools-for-stm32.10.3-2021.10.linux64_1.0.100.202210260954/tools/bin/../lib/gcc/arm-none-eabi/10.3.1/../../../../arm-none-eabi/lib/thumb/v7e-m+fp/hard/libc_nano.a(lib_a-strlen.o)
                              ./Core/Src/display/display.o (strlen)
/home/bozhi/st/stm32cubeide_1.11.0/plugins/com.st.stm32cube.ide.mcu.externaltools.gnu-tools-for-stm32.10.3-2021.10.linux64_1.0.100.202210260954/tools/bin/../lib/gcc/arm-none-eabi/10.3.1/../../../../arm-none-eabi/lib/thumb/v7e-m+fp/hard/libc_nano.a(lib_a-nano-svfprintf.o)
                              /home/bozhi/st/stm32cubeide_1.11.0/plugins/com.st.stm32cube.ide.mcu.externaltools.gnu-tools-for-stm32.10.3-2021.10.linux64_1.0.100.202210260954/tools/bin/../lib/gcc/arm-none-eabi/10.3.1/../../../../arm-none-eabi/lib/thumb/v7e-m+fp/hard/libc_nano.a(lib_a-snprintf.o) (_svfprintf_r)
[...]
Memory Configuration

Name             Origin             Length             Attributes
CCMRAM           0x0000000010000000 0x0000000000001000 xrw
RAM              0x0000000020000000 0x0000000000003000 xrw
FLASH            0x0000000008000000 0x0000000000010000 xr
*default*        0x0000000000000000 0xffffffffffffffff

Linker script and memory map

LOAD /home/bozhi/st/stm32cubeide_1.11.0/plugins/com.st.stm32cube.ide.mcu.externaltools.gnu-tools-for-stm32.10.3-2021.10.linux64_1.0.100.202210260954/tools/bin/../lib/gcc/arm-none-eabi/10.3.1/thumb/v7e-m+fp/hard/crti.o
LOAD /home/bozhi/st/stm32cubeide_1.11.0/plugins/com.st.stm32cube.ide.mcu.externaltools.gnu-tools-for-stm32.10.3-2021.10.linux64_1.0.100.202210260954/tools/bin/../lib/gcc/arm-none-eabi/10.3.1/thumb/v7e-m+fp/hard/crtbegin.o
LOAD /home/bozhi/st/stm32cubeide_1.11.0/plugins/com.st.stm32cube.ide.mcu.externaltools.gnu-tools-for-stm32.10.3-2021.10.linux64_1.0.100.202210260954/tools/bin/../lib/gcc/arm-none-eabi/10.3.1/../../../../arm-none-eabi/lib/thumb/v7e-m+fp/hard/crt0.o
LOAD ./Core/Src/IO/gpio.o
LOAD ./Core/Src/IO/i2c.o
LOAD ./Core/Src/IO/keypad.o
LOAD ./Core/Src/IO/pwm.o
LOAD ./Core/Src/IO/signalGenerator.o
LOAD ./Core/Src/System/dac.o
LOAD ./Core/Src/System/dma.o
LOAD ./Core/Src/System/stm32f3xx_hal_msp.o
LOAD ./Core/Src/System/stm32f3xx_it.o
LOAD ./Core/Src/System/syscalls.o
LOAD ./Core/Src/System/sysmem.o
LOAD ./Core/Src/System/system_stm32f3xx.o
LOAD ./Core/Src/System/tim.o
LOAD ./Core/Src/display/display.o
LOAD ./Core/Src/display/fonts.o
LOAD ./Core/Src/display/ssd1306.o
LOAD ./Core/Src/main.o
LOAD ./Core/Src/menu/eventManaget.o
LOAD ./Core/Src/menu/menu.o
LOAD ./Core/Src/menu/menu_config.o
LOAD ./Core/Src/menu/menu_simulation.o
LOAD ./Core/Startup/startup_stm32f303k8tx.o
LOAD ./Drivers/STM32F3xx_HAL_Driver/Src/stm32f3xx_hal.o
LOAD ./Drivers/STM32F3xx_HAL_Driver/Src/stm32f3xx_hal_cortex.o
LOAD ./Drivers/STM32F3xx_HAL_Driver/Src/stm32f3xx_hal_dac.o
LOAD ./Drivers/STM32F3xx_HAL_Driver/Src/stm32f3xx_hal_dac_ex.o
LOAD ./Drivers/STM32F3xx_HAL_Driver/Src/stm32f3xx_hal_dma.o
LOAD ./Drivers/STM32F3xx_HAL_Driver/Src/stm32f3xx_hal_exti.o
LOAD ./Drivers/STM32F3xx_HAL_Driver/Src/stm32f3xx_hal_flash.o
LOAD ./Drivers/STM32F3xx_HAL_Driver/Src/stm32f3xx_hal_flash_ex.o
LOAD ./Drivers/STM32F3xx_HAL_Driver/Src/stm32f3xx_hal_gpio.o
LOAD ./Drivers/STM32F3xx_HAL_Driver/Src/stm32f3xx_hal_i2c.o
LOAD ./Drivers/STM32F3xx_HAL_Driver/Src/stm32f3xx_hal_i2c_ex.o
LOAD ./Drivers/STM32F3xx_HAL_Driver/Src/stm32f3xx_hal_pwr.o
LOAD ./Drivers/STM32F3xx_HAL_Driver/Src/stm32f3xx_hal_pwr_ex.o
LOAD ./Drivers/STM32F3xx_HAL_Driver/Src/stm32f3xx_hal_rcc.o
LOAD ./Drivers/STM32F3xx_HAL_Driver/Src/stm32f3xx_hal_rcc_ex.o
LOAD ./Drivers/STM32F3xx_HAL_Driver/Src/stm32f3xx_hal_tim.o
LOAD ./Drivers/STM32F3xx_HAL_Driver/Src/stm32f3xx_hal_tim_ex.o
START GROUP
LOAD /home/bozhi/st/stm32cubeide_1.11.0/plugins/com.st.stm32cube.ide.mcu.externaltools.gnu-tools-for-stm32.10.3-2021.10.linux64_1.0.100.202210260954/tools/bin/../lib/gcc/arm-none-eabi/10.3.1/../../../../arm-none-eabi/lib/thumb/v7e-m+fp/hard/libc_nano.a
LOAD /home/bozhi/st/stm32cubeide_1.11.0/plugins/com.st.stm32cube.ide.mcu.externaltools.gnu-tools-for-stm32.10.3-2021.10.linux64_1.0.100.202210260954/tools/bin/../lib/gcc/arm-none-eabi/10.3.1/../../../../arm-none-eabi/lib/thumb/v7e-m+fp/hard/libm.a
END GROUP
START GROUP
LOAD /home/bozhi/st/stm32cubeide_1.11.0/plugins/com.st.stm32cube.ide.mcu.externaltools.gnu-tools-for-stm32.10.3-2021.10.linux64_1.0.100.202210260954/tools/bin/../lib/gcc/arm-none-eabi/10.3.1/thumb/v7e-m+fp/hard/libgcc.a
LOAD /home/bozhi/st/stm32cubeide_1.11.0/plugins/com.st.stm32cube.ide.mcu.externaltools.gnu-tools-for-stm32.10.3-2021.10.linux64_1.0.100.202210260954/tools/bin/../lib/gcc/arm-none-eabi/10.3.1/../../../../arm-none-eabi/lib/thumb/v7e-m+fp/hard/libc_nano.a
END GROUP
START GROUP
LOAD /home/bozhi/st/stm32cubeide_1.11.0/plugins/com.st.stm32cube.ide.mcu.externaltools.gnu-tools-for-stm32.10.3-2021.10.linux64_1.0.100.202210260954/tools/bin/../lib/gcc/arm-none-eabi/10.3.1/thumb/v7e-m+fp/hard/libgcc.a
LOAD /home/bozhi/st/stm32cubeide_1.11.0/plugins/com.st.stm32cube.ide.mcu.externaltools.gnu-tools-for-stm32.10.3-2021.10.linux64_1.0.100.202210260954/tools/bin/../lib/gcc/arm-none-eabi/10.3.1/../../../../arm-none-eabi/lib/thumb/v7e-m+fp/hard/libc_nano.a
LOAD /home/bozhi/st/stm32cubeide_1.11.0/plugins/com.st.stm32cube.ide.mcu.externaltools.gnu-tools-for-stm32.10.3-2021.10.linux64_1.0.100.202210260954/tools/bin/../lib/gcc/arm-none-eabi/10.3.1/../../../../arm-none-eabi/lib/thumb/v7e-m+fp/hard/libnosys.a
END GROUP
START GROUP
LOAD /home/bozhi/st/stm32cubeide_1.11.0/plugins/com.st.stm32cube.ide.mcu.externaltools.gnu-tools-for-stm32.10.3-2021.10.linux64_1.0.100.202210260954/tools/bin/../lib/gcc/arm-none-eabi/10.3.1/thumb/v7e-m+fp/hard/libgcc.a
LOAD /home/bozhi/st/stm32cubeide_1.11.0/plugins/com.st.stm32cube.ide.mcu.externaltools.gnu-tools-for-stm32.10.3-2021.10.linux64_1.0.100.202210260954/tools/bin/../lib/gcc/arm-none-eabi/10.3.1/../../../../arm-none-eabi/lib/thumb/v7e-m+fp/hard/libc_nano.a
LOAD /home/bozhi/st/stm32cubeide_1.11.0/plugins/com.st.stm32cube.ide.mcu.externaltools.gnu-tools-for-stm32.10.3-2021.10.linux64_1.0.100.202210260954/tools/bin/../lib/gcc/arm-none-eabi/10.3.1/../../../../arm-none-eabi/lib/thumb/v7e-m+fp/hard/libnosys.a
END GROUP
LOAD /home/bozhi/st/stm32cubeide_1.11.0/plugins/com.st.stm32cube.ide.mcu.externaltools.gnu-tools-for-stm32.10.3-2021.10.linux64_1.0.100.202210260954/tools/bin/../lib/gcc/arm-none-eabi/10.3.1/thumb/v7e-m+fp/hard/crtend.o
LOAD /home/bozhi/st/stm32cubeide_1.11.0/plugins/com.st.stm32cube.ide.mcu.externaltools.gnu-tools-for-stm32.10.3-2021.10.linux64_1.0.100.202210260954/tools/bin/../lib/gcc/arm-none-eabi/10.3.1/thumb/v7e-m+fp/hard/crtn.o
                0x0000000020003000                _estack = (ORIGIN (RAM) + LENGTH (RAM))
                0x0000000000000200                _Min_Heap_Size = 0x200
                0x0000000000000400                _Min_Stack_Size = 0x400

.isr_vector     0x0000000008000000      0x188
                0x0000000008000000                . = ALIGN (0x4)
 *(.isr_vector)
 .isr_vector    0x0000000008000000      0x188 ./Core/Startup/startup_stm32f303k8tx.o
                0x0000000008000000                g_pfnVectors
                0x0000000008000188                . = ALIGN (0x4)

.text           0x0000000008000190     0x8628
                0x0000000008000190                . = ALIGN (0x4)
 *(.text)
 .text          0x0000000008000190       0x40 /home/bozhi/st/stm32cubeide_1.11.0/plugins/com.st.stm32cube.ide.mcu.externaltools.gnu-tools-for-stm32.10.3-2021.10.linux64_1.0.100.202210260954/tools/bin/../lib/gcc/arm-none-eabi/10.3.1/thumb/v7e-m+fp/hard/crtbegin.o
 .text          0x00000000080001d0       0x10 /home/bozhi/st/stm32cubeide_1.11.0/plugins/com.st.stm32cube.ide.mcu.externaltools.gnu-tools-for-stm32.10.3-2021.10.linux64_1.0.100.202210260954/tools/bin/../lib/gcc/arm-none-eabi/10.3.1/../../../../arm-none-eabi/lib/thumb/v7e-m+fp/hard/libc_nano.a(lib_a-strlen.o)
                0x00000000080001d0                strlen
 .text          0x00000000080001e0       0xa0 /home/bozhi/st/stm32cubeide_1.11.0/plugins/com.st.stm32cube.ide.mcu.externaltools.gnu-tools-for-stm32.10.3-2021.10.linux64_1.0.100.202210260954/tools/bin/../lib/gcc/arm-none-eabi/10.3.1/../../../../arm-none-eabi/lib/thumb/v7e-m+fp/hard/libc_nano.a(lib_a-memchr.o)
                0x00000000080001e0                memchr
 .text          0x0000000008000280      0x378 /home/bozhi/st/stm32cubeide_1.11.0/plugins/com.st.stm32cube.ide.mcu.externaltools.gnu-tools-for-stm32.10.3-2021.10.linux64_1.0.100.202210260954/tools/bin/../lib/gcc/arm-none-eabi/10.3.1/thumb/v7e-m+fp/hard/libgcc.a(_arm_addsubdf3.o)
                0x0000000008000280                __aeabi_drsub
                0x0000000008000288                __aeabi_dsub
                0x0000000008000288                __subdf3
                0x000000000800028c                __adddf3
                0x000000000800028c                __aeabi_dadd
                0x0000000008000504                __aeabi_ui2d
                0x0000000008000504                __floatunsidf
                0x0000000008000524                __floatsidf
                0x0000000008000524                __aeabi_i2d
                0x0000000008000548                __extendsfdf2
                0x0000000008000548                __aeabi_f2d
                0x000000000800058c                __aeabi_ul2d
                0x000000000800058c                __floatundidf
                0x000000000800059c                __floatdidf
                0x000000000800059c                __aeabi_l2d
 .text          0x00000000080005f8      0x424 /home/bozhi/st/stm32cubeide_1.11.0/plugins/com.st.stm32cube.ide.mcu.externaltools.gnu-tools-for-stm32.10.3-2021.10.linux64_1.0.100.202210260954/tools/bin/../lib/gcc/arm-none-eabi/10.3.1/thumb/v7e-m+fp/hard/libgcc.a(_arm_muldivdf3.o)
                0x00000000080005f8                __aeabi_dmul
                0x00000000080005f8                __muldf3
                0x000000000800084c                __aeabi_ddiv
                0x000000000800084c                __divdf3
 .text          0x0000000008000a1c      0x110 /home/bozhi/st/stm32cubeide_1.11.0/plugins/com.st.stm32cube.ide.mcu.externaltools.gnu-tools-for-stm32.10.3-2021.10.linux64_1.0.100.202210260954/tools/bin/../lib/gcc/arm-none-eabi/10.3.1/thumb/v7e-m+fp/hard/libgcc.a(_arm_cmpdf2.o)
                0x0000000008000a1c                __gtdf2
                0x0000000008000a1c                __gedf2
                0x0000000008000a24                __ltdf2
                0x0000000008000a24                __ledf2
                0x0000000008000a2c                __cmpdf2
                0x0000000008000a2c                __eqdf2
                0x0000000008000a2c                __nedf2
                0x0000000008000aa8                __aeabi_cdrcmple
                0x0000000008000ab8                __aeabi_cdcmple
                0x0000000008000ab8                __aeabi_cdcmpeq
                0x0000000008000ac8                __aeabi_dcmpeq
                0x0000000008000adc                __aeabi_dcmplt
                0x0000000008000af0                __aeabi_dcmple
                0x0000000008000b04                __aeabi_dcmpge
                0x0000000008000b18                __aeabi_dcmpgt
 .text          0x0000000008000b2c       0x40 /home/bozhi/st/stm32cubeide_1.11.0/plugins/com.st.stm32cube.ide.mcu.externaltools.gnu-tools-for-stm32.10.3-2021.10.linux64_1.0.100.202210260954/tools/bin/../lib/gcc/arm-none-eabi/10.3.1/thumb/v7e-m+fp/hard/libgcc.a(_arm_fixunsdfsi.o)
                0x0000000008000b2c                __fixunsdfsi
                0x0000000008000b2c                __aeabi_d2uiz
 .text          0x0000000008000b6c       0xa0 /home/bozhi/st/stm32cubeide_1.11.0/plugins/com.st.stm32cube.ide.mcu.externaltools.gnu-tools-for-stm32.10.3-2021.10.linux64_1.0.100.202210260954/tools/bin/../lib/gcc/arm-none-eabi/10.3.1/thumb/v7e-m+fp/hard/libgcc.a(_arm_truncdfsf2.o)
                0x0000000008000b6c                __aeabi_d2f
                0x0000000008000b6c                __truncdfsf2
 *(.text*)
 .text.MX_GPIO_Init
                0x0000000008000c0c       0xa4 ./Core/Src/IO/gpio.o
                0x0000000008000c0c                MX_GPIO_Init
 .text.MX_I2C1_Init
                0x0000000008000cb0       0x80 ./Core/Src/IO/i2c.o
                0x0000000008000cb0                MX_I2C1_Init
 .text.HAL_I2C_MspInit
                0x0000000008000d30       0x88 ./Core/Src/IO/i2c.o
                0x0000000008000d30                HAL_I2C_MspInit
 .text.enableEncoder
                0x0000000008000db8       0x30 ./Core/Src/IO/keypad.o
                0x0000000008000db8                enableEncoder
 .text.setEncoderVal
                0x0000000008000de8       0x2c ./Core/Src/IO/keypad.o
                0x0000000008000de8                setEncoderVal
 .text.getEncoderVal
                0x0000000008000e14       0x18 ./Core/Src/IO/keypad.o
                0x0000000008000e14                getEncoderVal
 .text.readEncoderData
                0x0000000008000e2c       0x84 ./Core/Src/IO/keypad.o
                0x0000000008000e2c                readEncoderData
 .text.kbdDriver
                0x0000000008000eb0       0xf8 ./Core/Src/IO/keypad.o
                0x0000000008000eb0                kbdDriver
 .text.getLastKey
                0x0000000008000fa8       0x18 ./Core/Src/IO/keypad.o
                0x0000000008000fa8                getLastKey
 .text.resetKey
                0x0000000008000fc0       0x18 ./Core/Src/IO/keypad.o
                0x0000000008000fc0                resetKey
 .text.isKey_1  0x0000000008000fd8       0x10 ./Core/Src/IO/keypad.o
                0x0000000008000fd8                isKey_1
 .text.isKey_2  0x0000000008000fe8       0x10 ./Core/Src/IO/keypad.o
                0x0000000008000fe8                isKey_2
 .text.isKey_3  0x0000000008000ff8       0x10 ./Core/Src/IO/keypad.o
                0x0000000008000ff8                isKey_3
 .text.isKey_4  0x0000000008001008       0x10 ./Core/Src/IO/keypad.o
                0x0000000008001008                isKey_4
 .text.isKeyPressed
                0x0000000008001018       0x24 ./Core/Src/IO/keypad.o
                0x0000000008001018                isKeyPressed
 .text.initSignalGen
                0x000000000800103c       0x1c ./Core/Src/IO/signalGenerator.o
                0x000000000800103c                initSignalGen
 .text.getCurrentFrequency
                0x0000000008001058       0x30 ./Core/Src/IO/signalGenerator.o
                0x0000000008001058                getCurrentFrequency
 .text.updateFrequency
                0x0000000008001088       0x28 ./Core/Src/IO/signalGenerator.o
                0x0000000008001088                updateFrequency
 .text.dispCurrentFreq
                0x00000000080010b0       0x4c ./Core/Src/IO/signalGenerator.o
                0x00000000080010b0                dispCurrentFreq
 .text.outputSignal
                0x00000000080010fc       0x48 ./Core/Src/IO/signalGenerator.o
                0x00000000080010fc                outputSignal
 *fill*         0x0000000008001144        0x4 
 .text.GenerateSineTable
                0x0000000008001148       0xb4 ./Core/Src/IO/signalGenerator.o
 .text.MX_DAC1_Init
                0x00000000080011fc       0x70 ./Core/Src/System/dac.o
                0x00000000080011fc                MX_DAC1_Init
 .text.HAL_DAC_MspInit
                0x000000000800126c       0xe8 ./Core/Src/System/dac.o
                0x000000000800126c                HAL_DAC_MspInit
 .text.HAL_DAC_MspDeInit
                0x0000000008001354       0x44 ./Core/Src/System/dac.o
                0x0000000008001354                HAL_DAC_MspDeInit
 .text.startDAC
                0x0000000008001398       0x44 ./Core/Src/System/dac.o
                0x0000000008001398                startDAC
 .text.toggleDAC
                0x00000000080013dc       0x3c ./Core/Src/System/dac.o
                0x00000000080013dc                toggleDAC
 .text.Set_DAC_Frequency
                0x0000000008001418       0xe8 ./Core/Src/System/dac.o
                0x0000000008001418                Set_DAC_Frequency
 .text.MX_DMA_Init
                0x0000000008001500       0x3c ./Core/Src/System/dma.o
                0x0000000008001500                MX_DMA_Init
 .text.HAL_MspInit
                0x000000000800153c       0x48 ./Core/Src/System/stm32f3xx_hal_msp.o
                0x000000000800153c                HAL_MspInit
 .text.NMI_Handler
                0x0000000008001584        0x6 ./Core/Src/System/stm32f3xx_it.o
                0x0000000008001584                NMI_Handler
 *fill*         0x000000000800158a        0x2 
 .text.HardFault_Handler
                0x000000000800158c       0x10 ./Core/Src/System/stm32f3xx_it.o
                0x000000000800158c                HardFault_Handler
 .text.MemManage_Handler
                0x000000000800159c       0x10 ./Core/Src/System/stm32f3xx_it.o
                0x000000000800159c                MemManage_Handler
 .text.BusFault_Handler
                0x00000000080015ac        0x6 ./Core/Src/System/stm32f3xx_it.o
                0x00000000080015ac                BusFault_Handler
 .text.UsageFault_Handler
                0x00000000080015b2        0x6 ./Core/Src/System/stm32f3xx_it.o
                0x00000000080015b2                UsageFault_Handler
 .text.SVC_Handler
                0x00000000080015b8        0xe ./Core/Src/System/stm32f3xx_it.o
                0x00000000080015b8                SVC_Handler
 .text.DebugMon_Handler
                0x00000000080015c6        0xe ./Core/Src/System/stm32f3xx_it.o
                0x00000000080015c6                DebugMon_Handler
 .text.PendSV_Handler
                0x00000000080015d4        0xe ./Core/Src/System/stm32f3xx_it.o
                0x00000000080015d4                PendSV_Handler
 .text.SysTick_Handler
                0x00000000080015e2        0xc ./Core/Src/System/stm32f3xx_it.o
                0x00000000080015e2                SysTick_Handler
 *fill*         0x00000000080015ee        0x2 
 .text.DMA1_Channel3_IRQHandler
                0x00000000080015f0       0x14 ./Core/Src/System/stm32f3xx_it.o
                0x00000000080015f0                DMA1_Channel3_IRQHandler
 .text._sbrk    0x0000000008001604       0x6c ./Core/Src/System/sysmem.o
                0x0000000008001604                _sbrk
 .text.SystemInit
                0x0000000008001670       0x24 ./Core/Src/System/system_stm32f3xx.o
                0x0000000008001670                SystemInit
 .text.MX_TIM1_Init
                0x0000000008001694      0x158 ./Core/Src/System/tim.o
                0x0000000008001694                MX_TIM1_Init
 .text.MX_TIM2_Init
                0x00000000080017ec       0xa8 ./Core/Src/System/tim.o
                0x00000000080017ec                MX_TIM2_Init
 .text.MX_TIM6_Init
                0x0000000008001894       0x74 ./Core/Src/System/tim.o
                0x0000000008001894                MX_TIM6_Init
 .text.HAL_TIM_Base_MspInit
                0x0000000008001908       0x68 ./Core/Src/System/tim.o
                0x0000000008001908                HAL_TIM_Base_MspInit
 .text.HAL_TIM_Encoder_MspInit
                0x0000000008001970       0x80 ./Core/Src/System/tim.o
                0x0000000008001970                HAL_TIM_Encoder_MspInit
 .text.HAL_TIM_MspPostInit
                0x00000000080019f0       0x70 ./Core/Src/System/tim.o
                0x00000000080019f0                HAL_TIM_MspPostInit
 .text.getTimInst
                0x0000000008001a60       0x40 ./Core/Src/System/tim.o
                0x0000000008001a60                getTimInst
 .text.initOLED
                0x0000000008001aa0       0x40 ./Core/Src/display/display.o
                0x0000000008001aa0                initOLED
 .text.setFont  0x0000000008001ae0       0x34 ./Core/Src/display/display.o
                0x0000000008001ae0                setFont
 .text.printAt  0x0000000008001b14       0x60 ./Core/Src/display/display.o
                0x0000000008001b14                printAt
 .text.print    0x0000000008001b74       0xb4 ./Core/Src/display/display.o
                0x0000000008001b74                print
 .text.clr_row  0x0000000008001c28       0x6c ./Core/Src/display/display.o
                0x0000000008001c28                clr_row
 .text.clrscr   0x0000000008001c94       0x2a ./Core/Src/display/display.o
                0x0000000008001c94                clrscr
 *fill*         0x0000000008001cbe        0x2 
 .text.SSD1306_Init
                0x0000000008001cc0      0x190 ./Core/Src/display/ssd1306.o
                0x0000000008001cc0                SSD1306_Init
 .text.SSD1306_UpdateScreen
                0x0000000008001e50       0x5c ./Core/Src/display/ssd1306.o
                0x0000000008001e50                SSD1306_UpdateScreen
 .text.SSD1306_Fill
                0x0000000008001eac       0x30 ./Core/Src/display/ssd1306.o
                0x0000000008001eac                SSD1306_Fill
 .text.SSD1306_DrawPixel
                0x0000000008001edc       0xc0 ./Core/Src/display/ssd1306.o
                0x0000000008001edc                SSD1306_DrawPixel
 .text.SSD1306_GotoXY
                0x0000000008001f9c       0x38 ./Core/Src/display/ssd1306.o
                0x0000000008001f9c                SSD1306_GotoXY
 .text.SSD1306_Putc
                0x0000000008001fd4       0xc0 ./Core/Src/display/ssd1306.o
                0x0000000008001fd4                SSD1306_Putc
 .text.drawBMP  0x0000000008002094       0xc2 ./Core/Src/display/ssd1306.o
                0x0000000008002094                drawBMP
 .text.SSD1306_Puts
                0x0000000008002156       0x4a ./Core/Src/display/ssd1306.o
                0x0000000008002156                SSD1306_Puts
 .text.ssd1306_I2C_Init
                0x00000000080021a0       0x2c ./Core/Src/display/ssd1306.o
                0x00000000080021a0                ssd1306_I2C_Init
 .text.ssd1306_I2C_WriteMulti
                0x00000000080021cc       0xd0 ./Core/Src/display/ssd1306.o
                0x00000000080021cc                ssd1306_I2C_WriteMulti
 .text.ssd1306_I2C_Write
                0x000000000800229c       0x3c ./Core/Src/display/ssd1306.o
                0x000000000800229c                ssd1306_I2C_Write
 .text.main     0x00000000080022d8       0x44 ./Core/Src/main.o
                0x00000000080022d8                main
 .text.SystemClock_Config
                0x000000000800231c       0xb6 ./Core/Src/main.o
                0x000000000800231c                SystemClock_Config
 .text.Error_Handler
                0x00000000080023d2        0xa ./Core/Src/main.o
                0x00000000080023d2                Error_Handler
 .text.menuInit
                0x00000000080023dc       0x20 ./Core/Src/menu/eventManaget.o
                0x00000000080023dc                menuInit
 .text.setState
                0x00000000080023fc       0x20 ./Core/Src/menu/eventManaget.o
                0x00000000080023fc                setState
 .text.eventManager
                0x000000000800241c      0x158 ./Core/Src/menu/eventManaget.o
                0x000000000800241c                eventManager
 .text.op1      0x0000000008002574       0x18 ./Core/Src/menu/menu.o
                0x0000000008002574                op1
 .text.op2      0x000000000800258c       0x18 ./Core/Src/menu/menu.o
                0x000000000800258c                op2
 .text.op3      0x00000000080025a4       0x14 ./Core/Src/menu/menu.o
                0x00000000080025a4                op3
 .text.initMenu
                0x00000000080025b8       0x5c ./Core/Src/menu/menu.o
                0x00000000080025b8                initMenu
 .text.menuBrowser
                0x0000000008002614       0x8c ./Core/Src/menu/menu.o
                0x0000000008002614                menuBrowser
 .text.menuSelect
                0x00000000080026a0       0x50 ./Core/Src/menu/menu.o
                0x00000000080026a0                menuSelect
 .text.menu_set
                0x00000000080026f0       0x30 ./Core/Src/menu/menu.o
                0x00000000080026f0                menu_set
 .text.menu_cfg
                0x0000000008002720       0x30 ./Core/Src/menu/menu_config.o
                0x0000000008002720                menu_cfg
 .text.about    0x0000000008002750       0x34 ./Core/Src/menu/menu_config.o
 .text.set_func_type
                0x0000000008002784       0x38 ./Core/Src/menu/menu_config.o
 .text.set_wave_type
                0x00000000080027bc       0x38 ./Core/Src/menu/menu_config.o
 .text.set_burst_type
                0x00000000080027f4       0x38 ./Core/Src/menu/menu_config.o
 .text.show_wave_type
                0x000000000800282c       0x3c ./Core/Src/menu/menu_config.o
 .text.show_burst_type
                0x0000000008002868       0x80 ./Core/Src/menu/menu_config.o
 .text.show_func_type
                0x00000000080028e8       0x3c ./Core/Src/menu/menu_config.o
 .text.mainMenu
                0x0000000008002924       0x40 ./Core/Src/menu/menu_simulation.o
                0x0000000008002924                mainMenu
 .text.Reset_Handler
                0x0000000008002964       0x50 ./Core/Startup/startup_stm32f303k8tx.o
                0x0000000008002964                Reset_Handler
 .text.Default_Handler
                0x00000000080029b4        0x2 ./Core/Startup/startup_stm32f303k8tx.o
                0x00000000080029b4                RTC_Alarm_IRQHandler
                0x00000000080029b4                TIM1_CC_IRQHandler
                0x00000000080029b4                PVD_IRQHandler
                0x00000000080029b4                TAMP_STAMP_IRQHandler
                0x00000000080029b4                EXTI3_IRQHandler
                0x00000000080029b4                EXTI0_IRQHandler
                0x00000000080029b4                FPU_IRQHandler
                0x00000000080029b4                CAN_TX_IRQHandler
                0x00000000080029b4                TIM1_UP_TIM16_IRQHandler
                0x00000000080029b4                ADC1_2_IRQHandler
                0x00000000080029b4                SPI1_IRQHandler
                0x00000000080029b4                CAN_SCE_IRQHandler
                0x00000000080029b4                DMA1_Channel4_IRQHandler
                0x00000000080029b4                USART3_IRQHandler
                0x00000000080029b4                DMA1_Channel7_IRQHandler
                0x00000000080029b4                TIM7_DAC2_IRQHandler
                0x00000000080029b4                CAN_RX1_IRQHandler
                0x00000000080029b4                I2C1_EV_IRQHandler
                0x00000000080029b4                DMA1_Channel6_IRQHandler
                0x00000000080029b4                TIM3_IRQHandler
                0x00000000080029b4                RCC_IRQHandler
                0x00000000080029b4                DMA1_Channel1_IRQHandler
                0x00000000080029b4                Default_Handler
                0x00000000080029b4                EXTI15_10_IRQHandler
                0x00000000080029b4                COMP2_IRQHandler
                0x00000000080029b4                TIM6_DAC1_IRQHandler
                0x00000000080029b4                EXTI9_5_IRQHandler
                0x00000000080029b4                RTC_WKUP_IRQHandler
                0x00000000080029b4                DMA1_Channel5_IRQHandler
                0x00000000080029b4                EXTI4_IRQHandler
                0x00000000080029b4                TIM1_TRG_COM_TIM17_IRQHandler
                0x00000000080029b4                WWDG_IRQHandler
                0x00000000080029b4                TIM2_IRQHandler
                0x00000000080029b4                EXTI1_IRQHandler
                0x00000000080029b4                COMP4_6_IRQHandler
                0x00000000080029b4                USART2_IRQHandler
                0x00000000080029b4                DMA1_Channel2_IRQHandler
                0x00000000080029b4                FLASH_IRQHandler
                0x00000000080029b4                USART1_IRQHandler
                0x00000000080029b4                CAN_RX0_IRQHandler
                0x00000000080029b4                I2C1_ER_IRQHandler
                0x00000000080029b4                EXTI2_TSC_IRQHandler
                0x00000000080029b4                TIM1_BRK_TIM15_IRQHandler
 *fill*         0x00000000080029b6        0x2 
 .text.HAL_Init
                0x00000000080029b8       0x2c ./Drivers/STM32F3xx_HAL_Driver/Src/stm32f3xx_hal.o
                0x00000000080029b8                HAL_Init
 .text.HAL_InitTick
                0x00000000080029e4       0x60 ./Drivers/STM32F3xx_HAL_Driver/Src/stm32f3xx_hal.o
                0x00000000080029e4                HAL_InitTick
 .text.HAL_IncTick
                0x0000000008002a44       0x28 ./Drivers/STM32F3xx_HAL_Driver/Src/stm32f3xx_hal.o
                0x0000000008002a44                HAL_IncTick
 .text.HAL_GetTick
                0x0000000008002a6c       0x18 ./Drivers/STM32F3xx_HAL_Driver/Src/stm32f3xx_hal.o
                0x0000000008002a6c                HAL_GetTick
 .text.__NVIC_SetPriorityGrouping
                0x0000000008002a84       0x48 ./Drivers/STM32F3xx_HAL_Driver/Src/stm32f3xx_hal_cortex.o
 .text.__NVIC_GetPriorityGrouping
                0x0000000008002acc       0x1c ./Drivers/STM32F3xx_HAL_Driver/Src/stm32f3xx_hal_cortex.o
 .text.__NVIC_EnableIRQ
                0x0000000008002ae8       0x3c ./Drivers/STM32F3xx_HAL_Driver/Src/stm32f3xx_hal_cortex.o
 .text.__NVIC_SetPriority
                0x0000000008002b24       0x54 ./Drivers/STM32F3xx_HAL_Driver/Src/stm32f3xx_hal_cortex.o
 .text.NVIC_EncodePriority
                0x0000000008002b78       0x66 ./Drivers/STM32F3xx_HAL_Driver/Src/stm32f3xx_hal_cortex.o
 *fill*         0x0000000008002bde        0x2 
 .text.SysTick_Config
                0x0000000008002be0       0x44 ./Drivers/STM32F3xx_HAL_Driver/Src/stm32f3xx_hal_cortex.o
 .text.HAL_NVIC_SetPriorityGrouping
                0x0000000008002c24       0x16 ./Drivers/STM32F3xx_HAL_Driver/Src/stm32f3xx_hal_cortex.o
                0x0000000008002c24                HAL_NVIC_SetPriorityGrouping
 .text.HAL_NVIC_SetPriority
                0x0000000008002c3a       0x38 ./Drivers/STM32F3xx_HAL_Driver/Src/stm32f3xx_hal_cortex.o
                0x0000000008002c3a                HAL_NVIC_SetPriority
 .text.HAL_NVIC_EnableIRQ
                0x0000000008002c72       0x1c ./Drivers/STM32F3xx_HAL_Driver/Src/stm32f3xx_hal_cortex.o
                0x0000000008002c72                HAL_NVIC_EnableIRQ
 .text.HAL_SYSTICK_Config
                0x0000000008002c8e       0x18 ./Drivers/STM32F3xx_HAL_Driver/Src/stm32f3xx_hal_cortex.o
                0x0000000008002c8e                HAL_SYSTICK_Config
 *fill*         0x0000000008002ca6        0x2 
 .text.HAL_DAC_Init
                0x0000000008002ca8       0xbc ./Drivers/STM32F3xx_HAL_Driver/Src/stm32f3xx_hal_dac.o
                0x0000000008002ca8                HAL_DAC_Init
 .text.HAL_DAC_ConvCpltCallbackCh1
                0x0000000008002d64       0x14 ./Drivers/STM32F3xx_HAL_Driver/Src/stm32f3xx_hal_dac.o
                0x0000000008002d64                HAL_DAC_ConvCpltCallbackCh1
 .text.HAL_DAC_ConvHalfCpltCallbackCh1
                0x0000000008002d78       0x14 ./Drivers/STM32F3xx_HAL_Driver/Src/stm32f3xx_hal_dac.o
                0x0000000008002d78                HAL_DAC_ConvHalfCpltCallbackCh1
 .text.HAL_DAC_ErrorCallbackCh1
                0x0000000008002d8c       0x14 ./Drivers/STM32F3xx_HAL_Driver/Src/stm32f3xx_hal_dac.o
                0x0000000008002d8c                HAL_DAC_ErrorCallbackCh1
 .text.HAL_DAC_DMAUnderrunCallbackCh1
                0x0000000008002da0       0x14 ./Drivers/STM32F3xx_HAL_Driver/Src/stm32f3xx_hal_dac.o
                0x0000000008002da0                HAL_DAC_DMAUnderrunCallbackCh1
 .text.HAL_DAC_Start
                0x0000000008002db4       0x96 ./Drivers/STM32F3xx_HAL_Driver/Src/stm32f3xx_hal_dac_ex.o
                0x0000000008002db4                HAL_DAC_Start
 *fill*         0x0000000008002e4a        0x2 
 .text.HAL_DAC_Start_DMA
                0x0000000008002e4c      0x178 ./Drivers/STM32F3xx_HAL_Driver/Src/stm32f3xx_hal_dac_ex.o
                0x0000000008002e4c                HAL_DAC_Start_DMA
 .text.HAL_DAC_ConfigChannel
                0x0000000008002fc4       0xd0 ./Drivers/STM32F3xx_HAL_Driver/Src/stm32f3xx_hal_dac_ex.o
                0x0000000008002fc4                HAL_DAC_ConfigChannel
 .text.HAL_DACEx_ConvCpltCallbackCh2
                0x0000000008003094       0x14 ./Drivers/STM32F3xx_HAL_Driver/Src/stm32f3xx_hal_dac_ex.o
                0x0000000008003094                HAL_DACEx_ConvCpltCallbackCh2
 .text.HAL_DACEx_ConvHalfCpltCallbackCh2
                0x00000000080030a8       0x14 ./Drivers/STM32F3xx_HAL_Driver/Src/stm32f3xx_hal_dac_ex.o
                0x00000000080030a8                HAL_DACEx_ConvHalfCpltCallbackCh2
 .text.HAL_DACEx_ErrorCallbackCh2
                0x00000000080030bc       0x14 ./Drivers/STM32F3xx_HAL_Driver/Src/stm32f3xx_hal_dac_ex.o
                0x00000000080030bc                HAL_DACEx_ErrorCallbackCh2
 .text.HAL_DACEx_DMAUnderrunCallbackCh2
                0x00000000080030d0       0x14 ./Drivers/STM32F3xx_HAL_Driver/Src/stm32f3xx_hal_dac_ex.o
                0x00000000080030d0                HAL_DACEx_DMAUnderrunCallbackCh2
 .text.DAC_DMAConvCpltCh1
                0x00000000080030e4       0x24 ./Drivers/STM32F3xx_HAL_Driver/Src/stm32f3xx_hal_dac_ex.o
 .text.DAC_DMAHalfConvCpltCh1
                0x0000000008003108       0x1e ./Drivers/STM32F3xx_HAL_Driver/Src/stm32f3xx_hal_dac_ex.o
 .text.DAC_DMAErrorCh1
                0x0000000008003126       0x30 ./Drivers/STM32F3xx_HAL_Driver/Src/stm32f3xx_hal_dac_ex.o
 .text.DAC_DMAConvCpltCh2
                0x0000000008003156       0x24 ./Drivers/STM32F3xx_HAL_Driver/Src/stm32f3xx_hal_dac_ex.o
 .text.DAC_DMAHalfConvCpltCh2
                0x000000000800317a       0x1e ./Drivers/STM32F3xx_HAL_Driver/Src/stm32f3xx_hal_dac_ex.o
 .text.DAC_DMAErrorCh2
                0x0000000008003198       0x30 ./Drivers/STM32F3xx_HAL_Driver/Src/stm32f3xx_hal_dac_ex.o
 .text.HAL_DMA_Init
                0x00000000080031c8       0x8e ./Drivers/STM32F3xx_HAL_Driver/Src/stm32f3xx_hal_dma.o
                0x00000000080031c8                HAL_DMA_Init
 .text.HAL_DMA_DeInit
                0x0000000008003256       0x90 ./Drivers/STM32F3xx_HAL_Driver/Src/stm32f3xx_hal_dma.o
                0x0000000008003256                HAL_DMA_DeInit
 .text.HAL_DMA_Start_IT
                0x00000000080032e6       0xbe ./Drivers/STM32F3xx_HAL_Driver/Src/stm32f3xx_hal_dma.o
                0x00000000080032e6                HAL_DMA_Start_IT
 .text.HAL_DMA_IRQHandler
                0x00000000080033a4      0x146 ./Drivers/STM32F3xx_HAL_Driver/Src/stm32f3xx_hal_dma.o
                0x00000000080033a4                HAL_DMA_IRQHandler
 .text.DMA_SetConfig
                0x00000000080034ea       0x5c ./Drivers/STM32F3xx_HAL_Driver/Src/stm32f3xx_hal_dma.o
 *fill*         0x0000000008003546        0x2 
 .text.DMA_CalcBaseAndBitshift
                0x0000000008003548       0x40 ./Drivers/STM32F3xx_HAL_Driver/Src/stm32f3xx_hal_dma.o
 .text.HAL_GPIO_Init
                0x0000000008003588      0x2e4 ./Drivers/STM32F3xx_HAL_Driver/Src/stm32f3xx_hal_gpio.o
                0x0000000008003588                HAL_GPIO_Init
 .text.HAL_GPIO_DeInit
                0x000000000800386c      0x1a8 ./Drivers/STM32F3xx_HAL_Driver/Src/stm32f3xx_hal_gpio.o
                0x000000000800386c                HAL_GPIO_DeInit
 .text.HAL_I2C_Init
                0x0000000008003a14      0x1b0 ./Drivers/STM32F3xx_HAL_Driver/Src/stm32f3xx_hal_i2c.o
                0x0000000008003a14                HAL_I2C_Init
 .text.HAL_I2C_Master_Transmit
                0x0000000008003bc4      0x230 ./Drivers/STM32F3xx_HAL_Driver/Src/stm32f3xx_hal_i2c.o
                0x0000000008003bc4                HAL_I2C_Master_Transmit
 .text.HAL_I2C_IsDeviceReady
                0x0000000008003df4      0x1d8 ./Drivers/STM32F3xx_HAL_Driver/Src/stm32f3xx_hal_i2c.o
                0x0000000008003df4                HAL_I2C_IsDeviceReady
 .text.HAL_I2C_MasterTxCpltCallback
                0x0000000008003fcc       0x14 ./Drivers/STM32F3xx_HAL_Driver/Src/stm32f3xx_hal_i2c.o
                0x0000000008003fcc                HAL_I2C_MasterTxCpltCallback
 .text.HAL_I2C_MasterRxCpltCallback
                0x0000000008003fe0       0x14 ./Drivers/STM32F3xx_HAL_Driver/Src/stm32f3xx_hal_i2c.o
                0x0000000008003fe0                HAL_I2C_MasterRxCpltCallback
 .text.HAL_I2C_SlaveTxCpltCallback
                0x0000000008003ff4       0x14 ./Drivers/STM32F3xx_HAL_Driver/Src/stm32f3xx_hal_i2c.o
                0x0000000008003ff4                HAL_I2C_SlaveTxCpltCallback
 .text.HAL_I2C_SlaveRxCpltCallback
                0x0000000008004008       0x14 ./Drivers/STM32F3xx_HAL_Driver/Src/stm32f3xx_hal_i2c.o
                0x0000000008004008                HAL_I2C_SlaveRxCpltCallback
 .text.HAL_I2C_AddrCallback
                0x000000000800401c       0x1c ./Drivers/STM32F3xx_HAL_Driver/Src/stm32f3xx_hal_i2c.o
                0x000000000800401c                HAL_I2C_AddrCallback
 .text.HAL_I2C_ListenCpltCallback
                0x0000000008004038       0x14 ./Drivers/STM32F3xx_HAL_Driver/Src/stm32f3xx_hal_i2c.o
                0x0000000008004038                HAL_I2C_ListenCpltCallback
 .text.HAL_I2C_MemTxCpltCallback
                0x000000000800404c       0x14 ./Drivers/STM32F3xx_HAL_Driver/Src/stm32f3xx_hal_i2c.o
                0x000000000800404c                HAL_I2C_MemTxCpltCallback
 .text.HAL_I2C_MemRxCpltCallback
                0x0000000008004060       0x14 ./Drivers/STM32F3xx_HAL_Driver/Src/stm32f3xx_hal_i2c.o
                0x0000000008004060                HAL_I2C_MemRxCpltCallback
 .text.HAL_I2C_ErrorCallback
                0x0000000008004074       0x14 ./Drivers/STM32F3xx_HAL_Driver/Src/stm32f3xx_hal_i2c.o
                0x0000000008004074                HAL_I2C_ErrorCallback
 .text.HAL_I2C_AbortCpltCallback
                0x0000000008004088       0x14 ./Drivers/STM32F3xx_HAL_Driver/Src/stm32f3xx_hal_i2c.o
                0x0000000008004088                HAL_I2C_AbortCpltCallback
 .text.I2C_Flush_TXDR
                0x000000000800409c       0x48 ./Drivers/STM32F3xx_HAL_Driver/Src/stm32f3xx_hal_i2c.o
 .text.I2C_WaitOnFlagUntilTimeout
                0x00000000080040e4       0xb2 ./Drivers/STM32F3xx_HAL_Driver/Src/stm32f3xx_hal_i2c.o
 .text.I2C_WaitOnTXISFlagUntilTimeout
                0x0000000008004196       0x8e ./Drivers/STM32F3xx_HAL_Driver/Src/stm32f3xx_hal_i2c.o
 .text.I2C_WaitOnSTOPFlagUntilTimeout
                0x0000000008004224       0x86 ./Drivers/STM32F3xx_HAL_Driver/Src/stm32f3xx_hal_i2c.o
 *fill*         0x00000000080042aa        0x2 
 .text.I2C_IsErrorOccurred
                0x00000000080042ac      0x1c0 ./Drivers/STM32F3xx_HAL_Driver/Src/stm32f3xx_hal_i2c.o
 .text.I2C_TransferConfig
                0x000000000800446c       0x64 ./Drivers/STM32F3xx_HAL_Driver/Src/stm32f3xx_hal_i2c.o
 .text.HAL_I2CEx_ConfigAnalogFilter
                0x00000000080044d0       0x96 ./Drivers/STM32F3xx_HAL_Driver/Src/stm32f3xx_hal_i2c_ex.o
                0x00000000080044d0                HAL_I2CEx_ConfigAnalogFilter
 .text.HAL_I2CEx_ConfigDigitalFilter
                0x0000000008004566       0x98 ./Drivers/STM32F3xx_HAL_Driver/Src/stm32f3xx_hal_i2c_ex.o
                0x0000000008004566                HAL_I2CEx_ConfigDigitalFilter
 *fill*         0x00000000080045fe        0x2 
 .text.HAL_RCC_OscConfig
                0x0000000008004600     0x107c ./Drivers/STM32F3xx_HAL_Driver/Src/stm32f3xx_hal_rcc.o
                0x0000000008004600                HAL_RCC_OscConfig
 .text.HAL_RCC_ClockConfig
                0x000000000800567c      0x2f8 ./Drivers/STM32F3xx_HAL_Driver/Src/stm32f3xx_hal_rcc.o
                0x000000000800567c                HAL_RCC_ClockConfig
 .text.HAL_RCC_GetSysClockFreq
                0x0000000008005974       0xa8 ./Drivers/STM32F3xx_HAL_Driver/Src/stm32f3xx_hal_rcc.o
                0x0000000008005974                HAL_RCC_GetSysClockFreq
 .text.HAL_RCC_GetHCLKFreq
                0x0000000008005a1c       0x18 ./Drivers/STM32F3xx_HAL_Driver/Src/stm32f3xx_hal_rcc.o
                0x0000000008005a1c                HAL_RCC_GetHCLKFreq
 .text.HAL_RCC_GetPCLK1Freq
                0x0000000008005a34       0x44 ./Drivers/STM32F3xx_HAL_Driver/Src/stm32f3xx_hal_rcc.o
                0x0000000008005a34                HAL_RCC_GetPCLK1Freq
 .text.HAL_RCCEx_PeriphCLKConfig
                0x0000000008005a78      0x24c ./Drivers/STM32F3xx_HAL_Driver/Src/stm32f3xx_hal_rcc_ex.o
                0x0000000008005a78                HAL_RCCEx_PeriphCLKConfig
 .text.HAL_TIM_Base_Init
                0x0000000008005cc4       0xc8 ./Drivers/STM32F3xx_HAL_Driver/Src/stm32f3xx_hal_tim.o
                0x0000000008005cc4                HAL_TIM_Base_Init
 .text.HAL_TIM_Base_Start
                0x0000000008005d8c       0xa8 ./Drivers/STM32F3xx_HAL_Driver/Src/stm32f3xx_hal_tim.o
                0x0000000008005d8c                HAL_TIM_Base_Start
 .text.HAL_TIM_Base_Stop
                0x0000000008005e34       0x4e ./Drivers/STM32F3xx_HAL_Driver/Src/stm32f3xx_hal_tim.o
                0x0000000008005e34                HAL_TIM_Base_Stop
 *fill*         0x0000000008005e82        0x2 
 .text.HAL_TIM_PWM_Init
                0x0000000008005e84       0xc8 ./Drivers/STM32F3xx_HAL_Driver/Src/stm32f3xx_hal_tim.o
                0x0000000008005e84                HAL_TIM_PWM_Init
 .text.HAL_TIM_PWM_MspInit
                0x0000000008005f4c       0x14 ./Drivers/STM32F3xx_HAL_Driver/Src/stm32f3xx_hal_tim.o
                0x0000000008005f4c                HAL_TIM_PWM_MspInit
 .text.HAL_TIM_Encoder_Init
                0x0000000008005f60      0x168 ./Drivers/STM32F3xx_HAL_Driver/Src/stm32f3xx_hal_tim.o
                0x0000000008005f60                HAL_TIM_Encoder_Init
 .text.HAL_TIM_Encoder_Start
                0x00000000080060c8      0x11c ./Drivers/STM32F3xx_HAL_Driver/Src/stm32f3xx_hal_tim.o
                0x00000000080060c8                HAL_TIM_Encoder_Start
 .text.HAL_TIM_Encoder_Stop
                0x00000000080061e4      0x14e ./Drivers/STM32F3xx_HAL_Driver/Src/stm32f3xx_hal_tim.o
                0x00000000080061e4                HAL_TIM_Encoder_Stop
 *fill*         0x0000000008006332        0x2 
 .text.HAL_TIM_PWM_ConfigChannel
                0x0000000008006334      0x228 ./Drivers/STM32F3xx_HAL_Driver/Src/stm32f3xx_hal_tim.o
                0x0000000008006334                HAL_TIM_PWM_ConfigChannel
 .text.HAL_TIM_ConfigClockSource
                0x000000000800655c      0x192 ./Drivers/STM32F3xx_HAL_Driver/Src/stm32f3xx_hal_tim.o
                0x000000000800655c                HAL_TIM_ConfigClockSource
 .text.HAL_TIM_PeriodElapsedCallback
                0x00000000080066ee       0x14 ./Drivers/STM32F3xx_HAL_Driver/Src/stm32f3xx_hal_tim.o
                0x00000000080066ee                HAL_TIM_PeriodElapsedCallback
 .text.HAL_TIM_PeriodElapsedHalfCpltCallback
                0x0000000008006702       0x14 ./Drivers/STM32F3xx_HAL_Driver/Src/stm32f3xx_hal_tim.o
                0x0000000008006702                HAL_TIM_PeriodElapsedHalfCpltCallback
 .text.HAL_TIM_OC_DelayElapsedCallback
                0x0000000008006716       0x14 ./Drivers/STM32F3xx_HAL_Driver/Src/stm32f3xx_hal_tim.o
                0x0000000008006716                HAL_TIM_OC_DelayElapsedCallback
 .text.HAL_TIM_IC_CaptureCallback
                0x000000000800672a       0x14 ./Drivers/STM32F3xx_HAL_Driver/Src/stm32f3xx_hal_tim.o
                0x000000000800672a                HAL_TIM_IC_CaptureCallback
 .text.HAL_TIM_IC_CaptureHalfCpltCallback
                0x000000000800673e       0x14 ./Drivers/STM32F3xx_HAL_Driver/Src/stm32f3xx_hal_tim.o
                0x000000000800673e                HAL_TIM_IC_CaptureHalfCpltCallback
 .text.HAL_TIM_PWM_PulseFinishedCallback
                0x0000000008006752       0x14 ./Drivers/STM32F3xx_HAL_Driver/Src/stm32f3xx_hal_tim.o
                0x0000000008006752                HAL_TIM_PWM_PulseFinishedCallback
 .text.HAL_TIM_PWM_PulseFinishedHalfCpltCallback
                0x0000000008006766       0x14 ./Drivers/STM32F3xx_HAL_Driver/Src/stm32f3xx_hal_tim.o
                0x0000000008006766                HAL_TIM_PWM_PulseFinishedHalfCpltCallback
 .text.HAL_TIM_TriggerCallback
                0x000000000800677a       0x14 ./Drivers/STM32F3xx_HAL_Driver/Src/stm32f3xx_hal_tim.o
                0x000000000800677a                HAL_TIM_TriggerCallback
 .text.HAL_TIM_TriggerHalfCpltCallback
                0x000000000800678e       0x14 ./Drivers/STM32F3xx_HAL_Driver/Src/stm32f3xx_hal_tim.o
                0x000000000800678e                HAL_TIM_TriggerHalfCpltCallback
 .text.HAL_TIM_ErrorCallback
                0x00000000080067a2       0x14 ./Drivers/STM32F3xx_HAL_Driver/Src/stm32f3xx_hal_tim.o
                0x00000000080067a2                HAL_TIM_ErrorCallback
 *fill*         0x00000000080067b6        0x2 
 .text.TIM_Base_SetConfig
                0x00000000080067b8      0x108 ./Drivers/STM32F3xx_HAL_Driver/Src/stm32f3xx_hal_tim.o
                0x00000000080067b8                TIM_Base_SetConfig
 .text.TIM_OC1_SetConfig
                0x00000000080068c0      0x10c ./Drivers/STM32F3xx_HAL_Driver/Src/stm32f3xx_hal_tim.o
 .text.TIM_OC2_SetConfig
                0x00000000080069cc      0x100 ./Drivers/STM32F3xx_HAL_Driver/Src/stm32f3xx_hal_tim.o
                0x00000000080069cc                TIM_OC2_SetConfig
 .text.TIM_OC3_SetConfig
                0x0000000008006acc       0xfc ./Drivers/STM32F3xx_HAL_Driver/Src/stm32f3xx_hal_tim.o
 .text.TIM_OC4_SetConfig
                0x0000000008006bc8       0xc8 ./Drivers/STM32F3xx_HAL_Driver/Src/stm32f3xx_hal_tim.o
 .text.TIM_OC5_SetConfig
                0x0000000008006c90       0xbc ./Drivers/STM32F3xx_HAL_Driver/Src/stm32f3xx_hal_tim.o
 .text.TIM_OC6_SetConfig
                0x0000000008006d4c       0xc0 ./Drivers/STM32F3xx_HAL_Driver/Src/stm32f3xx_hal_tim.o
 .text.TIM_TI1_ConfigInputStage
                0x0000000008006e0c       0x5e ./Drivers/STM32F3xx_HAL_Driver/Src/stm32f3xx_hal_tim.o
 .text.TIM_TI2_ConfigInputStage
                0x0000000008006e6a       0x60 ./Drivers/STM32F3xx_HAL_Driver/Src/stm32f3xx_hal_tim.o
 .text.TIM_ITRx_SetConfig
                0x0000000008006eca       0x36 ./Drivers/STM32F3xx_HAL_Driver/Src/stm32f3xx_hal_tim.o
 .text.TIM_ETR_SetConfig
                0x0000000008006f00       0x40 ./Drivers/STM32F3xx_HAL_Driver/Src/stm32f3xx_hal_tim.o
                0x0000000008006f00                TIM_ETR_SetConfig
 .text.TIM_CCxChannelCmd
                0x0000000008006f40       0x4a ./Drivers/STM32F3xx_HAL_Driver/Src/stm32f3xx_hal_tim.o
                0x0000000008006f40                TIM_CCxChannelCmd
 *fill*         0x0000000008006f8a        0x2 
 .text.TIM_ResetCallback
                0x0000000008006f8c       0xbc ./Drivers/STM32F3xx_HAL_Driver/Src/stm32f3xx_hal_tim.o
                0x0000000008006f8c                TIM_ResetCallback
 .text.HAL_TIMEx_MasterConfigSynchronization
                0x0000000008007048       0xdc ./Drivers/STM32F3xx_HAL_Driver/Src/stm32f3xx_hal_tim_ex.o
                0x0000000008007048                HAL_TIMEx_MasterConfigSynchronization
 .text.HAL_TIMEx_ConfigBreakDeadTime
                0x0000000008007124       0xf0 ./Drivers/STM32F3xx_HAL_Driver/Src/stm32f3xx_hal_tim_ex.o
                0x0000000008007124                HAL_TIMEx_ConfigBreakDeadTime
 .text.HAL_TIMEx_CommutCallback
                0x0000000008007214       0x14 ./Drivers/STM32F3xx_HAL_Driver/Src/stm32f3xx_hal_tim_ex.o
                0x0000000008007214                HAL_TIMEx_CommutCallback
 .text.HAL_TIMEx_CommutHalfCpltCallback
                0x0000000008007228       0x14 ./Drivers/STM32F3xx_HAL_Driver/Src/stm32f3xx_hal_tim_ex.o
                0x0000000008007228                HAL_TIMEx_CommutHalfCpltCallback
 .text.HAL_TIMEx_BreakCallback
                0x000000000800723c       0x14 ./Drivers/STM32F3xx_HAL_Driver/Src/stm32f3xx_hal_tim_ex.o
                0x000000000800723c                HAL_TIMEx_BreakCallback
 .text.HAL_TIMEx_Break2Callback
                0x0000000008007250       0x14 ./Drivers/STM32F3xx_HAL_Driver/Src/stm32f3xx_hal_tim_ex.o
                0x0000000008007250                HAL_TIMEx_Break2Callback
 .text.__errno  0x0000000008007264        0xc /home/bozhi/st/stm32cubeide_1.11.0/plugins/com.st.stm32cube.ide.mcu.externaltools.gnu-tools-for-stm32.10.3-2021.10.linux64_1.0.100.202210260954/tools/bin/../lib/gcc/arm-none-eabi/10.3.1/../../../../arm-none-eabi/lib/thumb/v7e-m+fp/hard/libc_nano.a(lib_a-errno.o)
                0x0000000008007264                __errno
 .text.__libc_init_array
                0x0000000008007270       0x48 /home/bozhi/st/stm32cubeide_1.11.0/plugins/com.st.stm32cube.ide.mcu.externaltools.gnu-tools-for-stm32.10.3-2021.10.linux64_1.0.100.202210260954/tools/bin/../lib/gcc/arm-none-eabi/10.3.1/../../../../arm-none-eabi/lib/thumb/v7e-m+fp/hard/libc_nano.a(lib_a-init.o)
                0x0000000008007270                __libc_init_array
 .text.memcpy   0x00000000080072b8       0x1c /home/bozhi/st/stm32cubeide_1.11.0/plugins/com.st.stm32cube.ide.mcu.externaltools.gnu-tools-for-stm32.10.3-2021.10.linux64_1.0.100.202210260954/tools/bin/../lib/gcc/arm-none-eabi/10.3.1/../../../../arm-none-eabi/lib/thumb/v7e-m+fp/hard/libc_nano.a(lib_a-memcpy-stub.o)
                0x00000000080072b8                memcpy
 .text.memset   0x00000000080072d4       0x10 /home/bozhi/st/stm32cubeide_1.11.0/plugins/com.st.stm32cube.ide.mcu.externaltools.gnu-tools-for-stm32.10.3-2021.10.linux64_1.0.100.202210260954/tools/bin/../lib/gcc/arm-none-eabi/10.3.1/../../../../arm-none-eabi/lib/thumb/v7e-m+fp/hard/libc_nano.a(lib_a-memset.o)
                0x00000000080072d4                memset
 .text.snprintf
                0x00000000080072e4       0x68 /home/bozhi/st/stm32cubeide_1.11.0/plugins/com.st.stm32cube.ide.mcu.externaltools.gnu-tools-for-stm32.10.3-2021.10.linux64_1.0.100.202210260954/tools/bin/../lib/gcc/arm-none-eabi/10.3.1/../../../../arm-none-eabi/lib/thumb/v7e-m+fp/hard/libc_nano.a(lib_a-snprintf.o)
                0x00000000080072e4                snprintf
                0x00000000080072e4                sniprintf
 .text.strcpy   0x000000000800734c       0x10 /home/bozhi/st/stm32cubeide_1.11.0/plugins/com.st.stm32cube.ide.mcu.externaltools.gnu-tools-for-stm32.10.3-2021.10.linux64_1.0.100.202210260954/tools/bin/../lib/gcc/arm-none-eabi/10.3.1/../../../../arm-none-eabi/lib/thumb/v7e-m+fp/hard/libc_nano.a(lib_a-strcpy.o)
                0x000000000800734c                strcpy
 .text.__ssputs_r
                0x000000000800735c       0xb6 /home/bozhi/st/stm32cubeide_1.11.0/plugins/com.st.stm32cube.ide.mcu.externaltools.gnu-tools-for-stm32.10.3-2021.10.linux64_1.0.100.202210260954/tools/bin/../lib/gcc/arm-none-eabi/10.3.1/../../../../arm-none-eabi/lib/thumb/v7e-m+fp/hard/libc_nano.a(lib_a-nano-svfprintf.o)
                0x000000000800735c                __ssputs_r
 *fill*         0x0000000008007412        0x2 
 .text._svfprintf_r
                0x0000000008007414      0x200 /home/bozhi/st/stm32cubeide_1.11.0/plugins/com.st.stm32cube.ide.mcu.externaltools.gnu-tools-for-stm32.10.3-2021.10.linux64_1.0.100.202210260954/tools/bin/../lib/gcc/arm-none-eabi/10.3.1/../../../../arm-none-eabi/lib/thumb/v7e-m+fp/hard/libc_nano.a(lib_a-nano-svfprintf.o)
                0x0000000008007414                _svfprintf_r
                0x0000000008007414                _svfiprintf_r
 .text._printf_common
                0x0000000008007614       0xda /home/bozhi/st/stm32cubeide_1.11.0/plugins/com.st.stm32cube.ide.mcu.externaltools.gnu-tools-for-stm32.10.3-2021.10.linux64_1.0.100.202210260954/tools/bin/../lib/gcc/arm-none-eabi/10.3.1/../../../../arm-none-eabi/lib/thumb/v7e-m+fp/hard/libc_nano.a(lib_a-nano-vfprintf_i.o)
                0x0000000008007614                _printf_common
 *fill*         0x00000000080076ee        0x2 
 .text._printf_i
                0x00000000080076f0      0x24c /home/bozhi/st/stm32cubeide_1.11.0/plugins/com.st.stm32cube.ide.mcu.externaltools.gnu-tools-for-stm32.10.3-2021.10.linux64_1.0.100.202210260954/tools/bin/../lib/gcc/arm-none-eabi/10.3.1/../../../../arm-none-eabi/lib/thumb/v7e-m+fp/hard/libc_nano.a(lib_a-nano-vfprintf_i.o)
                0x00000000080076f0                _printf_i
 .text.memmove  0x000000000800793c       0x34 /home/bozhi/st/stm32cubeide_1.11.0/plugins/com.st.stm32cube.ide.mcu.externaltools.gnu-tools-for-stm32.10.3-2021.10.linux64_1.0.100.202210260954/tools/bin/../lib/gcc/arm-none-eabi/10.3.1/../../../../arm-none-eabi/lib/thumb/v7e-m+fp/hard/libc_nano.a(lib_a-memmove.o)
                0x000000000800793c                memmove
 .text._free_r  0x0000000008007970       0x98 /home/bozhi/st/stm32cubeide_1.11.0/plugins/com.st.stm32cube.ide.mcu.externaltools.gnu-tools-for-stm32.10.3-2021.10.linux64_1.0.100.202210260954/tools/bin/../lib/gcc/arm-none-eabi/10.3.1/../../../../arm-none-eabi/lib/thumb/v7e-m+fp/hard/libc_nano.a(lib_a-nano-freer.o)
                0x0000000008007970                _free_r
 .text.sbrk_aligned
                0x0000000008007a08       0x40 /home/bozhi/st/stm32cubeide_1.11.0/plugins/com.st.stm32cube.ide.mcu.externaltools.gnu-tools-for-stm32.10.3-2021.10.linux64_1.0.100.202210260954/tools/bin/../lib/gcc/arm-none-eabi/10.3.1/../../../../arm-none-eabi/lib/thumb/v7e-m+fp/hard/libc_nano.a(lib_a-nano-mallocr.o)
 .text._malloc_r
                0x0000000008007a48       0xe8 /home/bozhi/st/stm32cubeide_1.11.0/plugins/com.st.stm32cube.ide.mcu.externaltools.gnu-tools-for-stm32.10.3-2021.10.linux64_1.0.100.202210260954/tools/bin/../lib/gcc/arm-none-eabi/10.3.1/../../../../arm-none-eabi/lib/thumb/v7e-m+fp/hard/libc_nano.a(lib_a-nano-mallocr.o)
                0x0000000008007a48                _malloc_r
 .text._realloc_r
                0x0000000008007b30       0x5e /home/bozhi/st/stm32cubeide_1.11.0/plugins/com.st.stm32cube.ide.mcu.externaltools.gnu-tools-for-stm32.10.3-2021.10.linux64_1.0.100.202210260954/tools/bin/../lib/gcc/arm-none-eabi/10.3.1/../../../../arm-none-eabi/lib/thumb/v7e-m+fp/hard/libc_nano.a(lib_a-nano-reallocr.o)
                0x0000000008007b30                _realloc_r
 *fill*         0x0000000008007b8e        0x2 
 .text._sbrk_r  0x0000000008007b90       0x20 /home/bozhi/st/stm32cubeide_1.11.0/plugins/com.st.stm32cube.ide.mcu.externaltools.gnu-tools-for-stm32.10.3-2021.10.linux64_1.0.100.202210260954/tools/bin/../lib/gcc/arm-none-eabi/10.3.1/../../../../arm-none-eabi/lib/thumb/v7e-m+fp/hard/libc_nano.a(lib_a-sbrkr.o)
                0x0000000008007b90                _sbrk_r
 .text.__malloc_lock
                0x0000000008007bb0        0xc /home/bozhi/st/stm32cubeide_1.11.0/plugins/com.st.stm32cube.ide.mcu.externaltools.gnu-tools-for-stm32.10.3-2021.10.linux64_1.0.100.202210260954/tools/bin/../lib/gcc/arm-none-eabi/10.3.1/../../../../arm-none-eabi/lib/thumb/v7e-m+fp/hard/libc_nano.a(lib_a-mlock.o)
                0x0000000008007bb0                __malloc_lock
 .text.__malloc_unlock
                0x0000000008007bbc        0xc /home/bozhi/st/stm32cubeide_1.11.0/plugins/com.st.stm32cube.ide.mcu.externaltools.gnu-tools-for-stm32.10.3-2021.10.linux64_1.0.100.202210260954/tools/bin/../lib/gcc/arm-none-eabi/10.3.1/../../../../arm-none-eabi/lib/thumb/v7e-m+fp/hard/libc_nano.a(lib_a-mlock.o)
                0x0000000008007bbc                __malloc_unlock
 .text._malloc_usable_size_r
                0x0000000008007bc8       0x10 /home/bozhi/st/stm32cubeide_1.11.0/plugins/com.st.stm32cube.ide.mcu.externaltools.gnu-tools-for-stm32.10.3-2021.10.linux64_1.0.100.202210260954/tools/bin/../lib/gcc/arm-none-eabi/10.3.1/../../../../arm-none-eabi/lib/thumb/v7e-m+fp/hard/libc_nano.a(lib_a-nano-msizer.o)
                0x0000000008007bc8                _malloc_usable_size_r
 .text.__retarget_lock_acquire_recursive
                0x0000000008007bd8        0x2 /home/bozhi/st/stm32cubeide_1.11.0/plugins/com.st.stm32cube.ide.mcu.externaltools.gnu-tools-for-stm32.10.3-2021.10.linux64_1.0.100.202210260954/tools/bin/../lib/gcc/arm-none-eabi/10.3.1/../../../../arm-none-eabi/lib/thumb/v7e-m+fp/hard/libc_nano.a(lib_a-lock.o)
                0x0000000008007bd8                __retarget_lock_acquire_recursive
 .text.__retarget_lock_release_recursive
                0x0000000008007bda        0x2 /home/bozhi/st/stm32cubeide_1.11.0/plugins/com.st.stm32cube.ide.mcu.externaltools.gnu-tools-for-stm32.10.3-2021.10.linux64_1.0.100.202210260954/tools/bin/../lib/gcc/arm-none-eabi/10.3.1/../../../../arm-none-eabi/lib/thumb/v7e-m+fp/hard/libc_nano.a(lib_a-lock.o)
                0x0000000008007bda                __retarget_lock_release_recursive
 *fill*         0x0000000008007bdc        0x4 
 .text.ceil     0x0000000008007be0      0x108 /home/bozhi/st/stm32cubeide_1.11.0/plugins/com.st.stm32cube.ide.mcu.externaltools.gnu-tools-for-stm32.10.3-2021.10.linux64_1.0.100.202210260954/tools/bin/../lib/gcc/arm-none-eabi/10.3.1/../../../../arm-none-eabi/lib/thumb/v7e-m+fp/hard/libm.a(lib_a-s_ceil.o)
                0x0000000008007be0                ceil
 .text.sinf     0x0000000008007ce8       0x8c /home/bozhi/st/stm32cubeide_1.11.0/plugins/com.st.stm32cube.ide.mcu.externaltools.gnu-tools-for-stm32.10.3-2021.10.linux64_1.0.100.202210260954/tools/bin/../lib/gcc/arm-none-eabi/10.3.1/../../../../arm-none-eabi/lib/thumb/v7e-m+fp/hard/libm.a(lib_a-sf_sin.o)
                0x0000000008007ce8                sinf
 .text.__ieee754_rem_pio2f
                0x0000000008007d74      0x278 /home/bozhi/st/stm32cubeide_1.11.0/plugins/com.st.stm32cube.ide.mcu.externaltools.gnu-tools-for-stm32.10.3-2021.10.linux64_1.0.100.202210260954/tools/bin/../lib/gcc/arm-none-eabi/10.3.1/../../../../arm-none-eabi/lib/thumb/v7e-m+fp/hard/libm.a(lib_a-ef_rem_pio2.o)
                0x0000000008007d74                __ieee754_rem_pio2f
 .text.__kernel_cosf
                0x0000000008007fec       0xc0 /home/bozhi/st/stm32cubeide_1.11.0/plugins/com.st.stm32cube.ide.mcu.externaltools.gnu-tools-for-stm32.10.3-2021.10.linux64_1.0.100.202210260954/tools/bin/../lib/gcc/arm-none-eabi/10.3.1/../../../../arm-none-eabi/lib/thumb/v7e-m+fp/hard/libm.a(lib_a-kf_cos.o)
                0x0000000008007fec                __kernel_cosf
 .text.__kernel_rem_pio2f
                0x00000000080080ac      0x4ec /home/bozhi/st/stm32cubeide_1.11.0/plugins/com.st.stm32cube.ide.mcu.externaltools.gnu-tools-for-stm32.10.3-2021.10.linux64_1.0.100.202210260954/tools/bin/../lib/gcc/arm-none-eabi/10.3.1/../../../../arm-none-eabi/lib/thumb/v7e-m+fp/hard/libm.a(lib_a-kf_rem_pio2.o)
                0x00000000080080ac                __kernel_rem_pio2f
 .text.__kernel_sinf
                0x0000000008008598       0x90 /home/bozhi/st/stm32cubeide_1.11.0/plugins/com.st.stm32cube.ide.mcu.externaltools.gnu-tools-for-stm32.10.3-2021.10.linux64_1.0.100.202210260954/tools/bin/../lib/gcc/arm-none-eabi/10.3.1/../../../../arm-none-eabi/lib/thumb/v7e-m+fp/hard/libm.a(lib_a-kf_sin.o)
                0x0000000008008598                __kernel_sinf
 .text.fabsf    0x0000000008008628        0xe /home/bozhi/st/stm32cubeide_1.11.0/plugins/com.st.stm32cube.ide.mcu.externaltools.gnu-tools-for-stm32.10.3-2021.10.linux64_1.0.100.202210260954/tools/bin/../lib/gcc/arm-none-eabi/10.3.1/../../../../arm-none-eabi/lib/thumb/v7e-m+fp/hard/libm.a(lib_a-sf_fabs.o)
                0x0000000008008628                fabsf
 *fill*         0x0000000008008636        0x2 
 .text.floorf   0x0000000008008638       0x84 /home/bozhi/st/stm32cubeide_1.11.0/plugins/com.st.stm32cube.ide.mcu.externaltools.gnu-tools-for-stm32.10.3-2021.10.linux64_1.0.100.202210260954/tools/bin/../lib/gcc/arm-none-eabi/10.3.1/../../../../arm-none-eabi/lib/thumb/v7e-m+fp/hard/libm.a(lib_a-sf_floor.o)
                0x0000000008008638                floorf
 .text.scalbnf  0x00000000080086bc       0xe4 /home/bozhi/st/stm32cubeide_1.11.0/plugins/com.st.stm32cube.ide.mcu.externaltools.gnu-tools-for-stm32.10.3-2021.10.linux64_1.0.100.202210260954/tools/bin/../lib/gcc/arm-none-eabi/10.3.1/../../../../arm-none-eabi/lib/thumb/v7e-m+fp/hard/libm.a(lib_a-sf_scalbn.o)
                0x00000000080086bc                scalbnf
 *(.glue_7)
 .glue_7        0x00000000080087a0        0x0 linker stubs
 *(.glue_7t)
 .glue_7t       0x00000000080087a0        0x0 linker stubs
 *(.eh_frame)
 .eh_frame      0x00000000080087a0        0x0 /home/bozhi/st/stm32cubeide_1.11.0/plugins/com.st.stm32cube.ide.mcu.externaltools.gnu-tools-for-stm32.10.3-2021.10.linux64_1.0.100.202210260954/tools/bin/../lib/gcc/arm-none-eabi/10.3.1/thumb/v7e-m+fp/hard/crtbegin.o
 *(.init)
 .init          0x00000000080087a0        0x4 /home/bozhi/st/stm32cubeide_1.11.0/plugins/com.st.stm32cube.ide.mcu.externaltools.gnu-tools-for-stm32.10.3-2021.10.linux64_1.0.100.202210260954/tools/bin/../lib/gcc/arm-none-eabi/10.3.1/thumb/v7e-m+fp/hard/crti.o
                0x00000000080087a0                _init
 .init          0x00000000080087a4        0x8 /home/bozhi/st/stm32cubeide_1.11.0/plugins/com.st.stm32cube.ide.mcu.externaltools.gnu-tools-for-stm32.10.3-2021.10.linux64_1.0.100.202210260954/tools/bin/../lib/gcc/arm-none-eabi/10.3.1/thumb/v7e-m+fp/hard/crtn.o
 *(.fini)
 .fini          0x00000000080087ac        0x4 /home/bozhi/st/stm32cubeide_1.11.0/plugins/com.st.stm32cube.ide.mcu.externaltools.gnu-tools-for-stm32.10.3-2021.10.linux64_1.0.100.202210260954/tools/bin/../lib/gcc/arm-none-eabi/10.3.1/thumb/v7e-m+fp/hard/crti.o
                0x00000000080087ac                _fini
 .fini          0x00000000080087b0        0x8 /home/bozhi/st/stm32cubeide_1.11.0/plugins/com.st.stm32cube.ide.mcu.externaltools.gnu-tools-for-stm32.10.3-2021.10.linux64_1.0.100.202210260954/tools/bin/../lib/gcc/arm-none-eabi/10.3.1/thumb/v7e-m+fp/hard/crtn.o
                0x00000000080087b8                . = ALIGN (0x4)
                0x00000000080087b8                _etext = .

.vfp11_veneer   0x00000000080087b8        0x0
 .vfp11_veneer  0x00000000080087b8        0x0 linker stubs

.v4_bx          0x00000000080087b8        0x0
 .v4_bx         0x00000000080087b8        0x0 linker stubs

.iplt           0x00000000080087b8        0x0
 .iplt          0x00000000080087b8        0x0 /home/bozhi/st/stm32cubeide_1.11.0/plugins/com.st.stm32cube.ide.mcu.externaltools.gnu-tools-for-stm32.10.3-2021.10.linux64_1.0.100.202210260954/tools/bin/../lib/gcc/arm-none-eabi/10.3.1/thumb/v7e-m+fp/hard/crtbegin.o

.rodata         0x00000000080087b8      0xaf0
                0x00000000080087b8                . = ALIGN (0x4)
 *(.rodata)
 .rodata        0x00000000080087b8       0x10 ./Core/Src/IO/signalGenerator.o
 .rodata        0x00000000080087c8       0x16 ./Core/Src/System/stm32f3xx_it.o
 *fill*         0x00000000080087de        0x2 
 .rodata        0x00000000080087e0       0xab ./Core/Src/menu/menu.o
 *fill*         0x000000000800888b        0x1 
 .rodata        0x000000000800888c      0x118 ./Core/Src/menu/menu_config.o
 .rodata        0x00000000080089a4       0x15 ./Core/Src/menu/menu_simulation.o
 *(.rodata*)
 *fill*         0x00000000080089b9        0x3 
 .rodata.AHBPrescTable
                0x00000000080089bc       0x10 ./Core/Src/System/system_stm32f3xx.o
                0x00000000080089bc                AHBPrescTable
 .rodata.APBPrescTable
                0x00000000080089cc        0x8 ./Core/Src/System/system_stm32f3xx.o
                0x00000000080089cc                APBPrescTable
 .rodata.font_8x12
                0x00000000080089d4      0x3b0 ./Core/Src/display/fonts.o
                0x00000000080089d4                font_8x12
 .rodata.font_7x5
                0x0000000008008d84        0x0 ./Core/Src/display/fonts.o
                0x0000000008008d84                font_7x5
 .rodata.aPLLMULFactorTable
                0x0000000008008d84       0x10 ./Drivers/STM32F3xx_HAL_Driver/Src/stm32f3xx_hal_rcc.o
 .rodata.aPredivFactorTable
                0x0000000008008d94       0x10 ./Drivers/STM32F3xx_HAL_Driver/Src/stm32f3xx_hal_rcc.o
 .rodata._ctype_
                0x0000000008008da4      0x101 /home/bozhi/st/stm32cubeide_1.11.0/plugins/com.st.stm32cube.ide.mcu.externaltools.gnu-tools-for-stm32.10.3-2021.10.linux64_1.0.100.202210260954/tools/bin/../lib/gcc/arm-none-eabi/10.3.1/../../../../arm-none-eabi/lib/thumb/v7e-m+fp/hard/libc_nano.a(lib_a-ctype_.o)
                0x0000000008008da4                _ctype_
 .rodata._svfprintf_r.str1.1
                0x0000000008008ea5       0x11 /home/bozhi/st/stm32cubeide_1.11.0/plugins/com.st.stm32cube.ide.mcu.externaltools.gnu-tools-for-stm32.10.3-2021.10.linux64_1.0.100.202210260954/tools/bin/../lib/gcc/arm-none-eabi/10.3.1/../../../../arm-none-eabi/lib/thumb/v7e-m+fp/hard/libc_nano.a(lib_a-nano-svfprintf.o)
 .rodata._printf_i.str1.1
                0x0000000008008eb6       0x22 /home/bozhi/st/stm32cubeide_1.11.0/plugins/com.st.stm32cube.ide.mcu.externaltools.gnu-tools-for-stm32.10.3-2021.10.linux64_1.0.100.202210260954/tools/bin/../lib/gcc/arm-none-eabi/10.3.1/../../../../arm-none-eabi/lib/thumb/v7e-m+fp/hard/libc_nano.a(lib_a-nano-vfprintf_i.o)
 .rodata.npio2_hw
                0x0000000008008ed8       0x80 /home/bozhi/st/stm32cubeide_1.11.0/plugins/com.st.stm32cube.ide.mcu.externaltools.gnu-tools-for-stm32.10.3-2021.10.linux64_1.0.100.202210260954/tools/bin/../lib/gcc/arm-none-eabi/10.3.1/../../../../arm-none-eabi/lib/thumb/v7e-m+fp/hard/libm.a(lib_a-ef_rem_pio2.o)
 .rodata.two_over_pi
                0x0000000008008f58      0x318 /home/bozhi/st/stm32cubeide_1.11.0/plugins/com.st.stm32cube.ide.mcu.externaltools.gnu-tools-for-stm32.10.3-2021.10.linux64_1.0.100.202210260954/tools/bin/../lib/gcc/arm-none-eabi/10.3.1/../../../../arm-none-eabi/lib/thumb/v7e-m+fp/hard/libm.a(lib_a-ef_rem_pio2.o)
 .rodata.PIo2   0x0000000008009270       0x2c /home/bozhi/st/stm32cubeide_1.11.0/plugins/com.st.stm32cube.ide.mcu.externaltools.gnu-tools-for-stm32.10.3-2021.10.linux64_1.0.100.202210260954/tools/bin/../lib/gcc/arm-none-eabi/10.3.1/../../../../arm-none-eabi/lib/thumb/v7e-m+fp/hard/libm.a(lib_a-kf_rem_pio2.o)
 .rodata.init_jk
                0x000000000800929c        0xc /home/bozhi/st/stm32cubeide_1.11.0/plugins/com.st.stm32cube.ide.mcu.externaltools.gnu-tools-for-stm32.10.3-2021.10.linux64_1.0.100.202210260954/tools/bin/../lib/gcc/arm-none-eabi/10.3.1/../../../../arm-none-eabi/lib/thumb/v7e-m+fp/hard/libm.a(lib_a-kf_rem_pio2.o)
                0x00000000080092a8                . = ALIGN (0x4)

.rel.dyn        0x00000000080092a8        0x0
 .rel.iplt      0x00000000080092a8        0x0 /home/bozhi/st/stm32cubeide_1.11.0/plugins/com.st.stm32cube.ide.mcu.externaltools.gnu-tools-for-stm32.10.3-2021.10.linux64_1.0.100.202210260954/tools/bin/../lib/gcc/arm-none-eabi/10.3.1/thumb/v7e-m+fp/hard/crtbegin.o

.ARM.extab      0x00000000080092a8        0x0
                0x00000000080092a8                . = ALIGN (0x4)
 *(.ARM.extab* .gnu.linkonce.armextab.*)
                0x00000000080092a8                . = ALIGN (0x4)

.ARM            0x00000000080092a8        0x0
                0x00000000080092a8                . = ALIGN (0x4)
                0x00000000080092a8                __exidx_start = .
 *(.ARM.exidx*)
                0x00000000080092a8                __exidx_end = .
                0x00000000080092a8                . = ALIGN (0x4)

.preinit_array  0x00000000080092a8        0x0
                0x00000000080092a8                . = ALIGN (0x4)
                0x00000000080092a8                PROVIDE (__preinit_array_start = .)
 *(.preinit_array*)
                0x00000000080092a8                PROVIDE (__preinit_array_end = .)
                0x00000000080092a8                . = ALIGN (0x4)

.init_array     0x00000000080092a8        0x4
                0x00000000080092a8                . = ALIGN (0x4)
                0x00000000080092a8                PROVIDE (__init_array_start = .)
 *(SORT_BY_NAME(.init_array.*))
 *(.init_array*)
 .init_array    0x00000000080092a8        0x4 /home/bozhi/st/stm32cubeide_1.11.0/plugins/com.st.stm32cube.ide.mcu.externaltools.gnu-tools-for-stm32.10.3-2021.10.linux64_1.0.100.202210260954/tools/bin/../lib/gcc/arm-none-eabi/10.3.1/thumb/v7e-m+fp/hard/crtbegin.o
                0x00000000080092ac                PROVIDE (__init_array_end = .)
                0x00000000080092ac                . = ALIGN (0x4)

.fini_array     0x00000000080092ac        0x4
                0x00000000080092ac                . = ALIGN (0x4)
                [!provide]                        PROVIDE (__fini_array_start = .)
 *(SORT_BY_NAME(.fini_array.*))
 *(.fini_array*)
 .fini_array    0x00000000080092ac        0x4 /home/bozhi/st/stm32cubeide_1.11.0/plugins/com.st.stm32cube.ide.mcu.externaltools.gnu-tools-for-stm32.10.3-2021.10.linux64_1.0.100.202210260954/tools/bin/../lib/gcc/arm-none-eabi/10.3.1/thumb/v7e-m+fp/hard/crtbegin.o
                [!provide]                        PROVIDE (__fini_array_end = .)
                0x00000000080092b0                . = ALIGN (0x4)
                0x00000000080092b0                _sidata = LOADADDR (.data)

.data           0x0000000020000000      0x16c load address 0x00000000080092b0
                0x0000000020000000                . = ALIGN (0x4)
                0x0000000020000000                _sdata = .
 *(.data)
 *(.data*)
 .data.freq.0   0x0000000020000000        0x4 ./Core/Src/IO/signalGenerator.o
 .data.SystemCoreClock
                0x0000000020000004        0x4 ./Core/Src/System/system_stm32f3xx.o
                0x0000000020000004                SystemCoreClock
 .data.chars_per_row
                0x0000000020000008        0x4 ./Core/Src/display/display.o
 .data.FONT_ARRAY
                0x000000002000000c       0x18 ./Core/Src/display/fonts.o
                0x000000002000000c                FONT_ARRAY
 .data.c_state  0x0000000020000024        0x1 ./Core/Src/menu/eventManaget.o
 *fill*         0x0000000020000025        0x3 
 .data.eventList
                0x0000000020000028       0x10 ./Core/Src/menu/eventManaget.o
                0x0000000020000028                eventList
 .data.STATE_LIST_TABLE
                0x0000000020000038       0x9c ./Core/Src/menu/eventManaget.o
                0x0000000020000038                STATE_LIST_TABLE
 .data.submenu_selected
                0x00000000200000d4        0x1 ./Core/Src/menu/menu.o
 *fill*         0x00000000200000d5        0x3 
 .data.func_array
                0x00000000200000d8       0x10 ./Core/Src/menu/menu_config.o
                0x00000000200000d8                func_array
 .data.burst_array
                0x00000000200000e8        0xc ./Core/Src/menu/menu_config.o
                0x00000000200000e8                burst_array
 .data.wave_array
                0x00000000200000f4        0xc ./Core/Src/menu/menu_config.o
                0x00000000200000f4                wave_array
 .data.uwTickPrio
                0x0000000020000100        0x4 ./Drivers/STM32F3xx_HAL_Driver/Src/stm32f3xx_hal.o
                0x0000000020000100                uwTickPrio
 .data.uwTickFreq
                0x0000000020000104        0x1 ./Drivers/STM32F3xx_HAL_Driver/Src/stm32f3xx_hal.o
                0x0000000020000104                uwTickFreq
 *fill*         0x0000000020000105        0x3 
 .data._impure_ptr
                0x0000000020000108        0x4 /home/bozhi/st/stm32cubeide_1.11.0/plugins/com.st.stm32cube.ide.mcu.externaltools.gnu-tools-for-stm32.10.3-2021.10.linux64_1.0.100.202210260954/tools/bin/../lib/gcc/arm-none-eabi/10.3.1/../../../../arm-none-eabi/lib/thumb/v7e-m+fp/hard/libc_nano.a(lib_a-impure.o)
                0x0000000020000108                _impure_ptr
 .data.impure_data
                0x000000002000010c       0x60 /home/bozhi/st/stm32cubeide_1.11.0/plugins/com.st.stm32cube.ide.mcu.externaltools.gnu-tools-for-stm32.10.3-2021.10.linux64_1.0.100.202210260954/tools/bin/../lib/gcc/arm-none-eabi/10.3.1/../../../../arm-none-eabi/lib/thumb/v7e-m+fp/hard/libc_nano.a(lib_a-impure.o)
 *(.RamFunc)
 *(.RamFunc*)
                0x000000002000016c                . = ALIGN (0x4)
                0x000000002000016c                _edata = .
                0x000000000800941c                _siccmram = LOADADDR (.ccmram)

.igot.plt       0x000000002000016c        0x0 load address 0x000000000800941c
 .igot.plt      0x000000002000016c        0x0 /home/bozhi/st/stm32cubeide_1.11.0/plugins/com.st.stm32cube.ide.mcu.externaltools.gnu-tools-for-stm32.10.3-2021.10.linux64_1.0.100.202210260954/tools/bin/../lib/gcc/arm-none-eabi/10.3.1/thumb/v7e-m+fp/hard/crtbegin.o

.ccmram         0x0000000010000000        0x0 load address 0x000000000800941c
                0x0000000010000000                . = ALIGN (0x4)
                0x0000000010000000                _sccmram = .
 *(.ccmram)
 *(.ccmram*)
                0x0000000010000000                . = ALIGN (0x4)
                0x0000000010000000                _eccmram = .
                0x0000000010000000                . = ALIGN (0x4)

.bss            0x000000002000016c      0x978
                0x000000002000016c                _sbss = .
                0x000000002000016c                __bss_start__ = _sbss
 *(.bss)
 .bss           0x000000002000016c       0x1c /home/bozhi/st/stm32cubeide_1.11.0/plugins/com.st.stm32cube.ide.mcu.externaltools.gnu-tools-for-stm32.10.3-2021.10.linux64_1.0.100.202210260954/tools/bin/../lib/gcc/arm-none-eabi/10.3.1/thumb/v7e-m+fp/hard/crtbegin.o
 *(.bss*)
 .bss.hi2c1     0x0000000020000188       0x84 ./Core/Src/IO/i2c.o
                0x0000000020000188                hi2c1
 .bss.last_key  0x000000002000020c        0x1 ./Core/Src/IO/keypad.o
 *fill*         0x000000002000020d        0x1 
 .bss.encode_count
                0x000000002000020e        0x2 ./Core/Src/IO/keypad.o
 .bss.encode_dir
                0x0000000020000210        0x1 ./Core/Src/IO/keypad.o
 .bss.key_id.3  0x0000000020000211        0x1 ./Core/Src/IO/keypad.o
 .bss.pressed.2
                0x0000000020000212        0x1 ./Core/Src/IO/keypad.o
 *fill*         0x0000000020000213        0x1 
 .bss.t_release.1
                0x0000000020000214        0x4 ./Core/Src/IO/keypad.o
 .bss.t_press.0
                0x0000000020000218        0x4 ./Core/Src/IO/keypad.o
 .bss.sine_table
                0x000000002000021c       0xc8 ./Core/Src/IO/signalGenerator.o
                0x000000002000021c                sine_table
 .bss.simulation_state
                0x00000000200002e4        0x1 ./Core/Src/IO/signalGenerator.o
 *fill*         0x00000000200002e5        0x3 
 .bss.hdac1     0x00000000200002e8       0x3c ./Core/Src/System/dac.o
                0x00000000200002e8                hdac1
 .bss.hdma_dac1_ch1
                0x0000000020000324       0x44 ./Core/Src/System/dac.o
                0x0000000020000324                hdma_dac1_ch1
 .bss.__sbrk_heap_end
                0x0000000020000368        0x4 ./Core/Src/System/sysmem.o
 .bss.htim1     0x000000002000036c       0xbc ./Core/Src/System/tim.o
                0x000000002000036c                htim1
 .bss.htim2     0x0000000020000428       0xbc ./Core/Src/System/tim.o
                0x0000000020000428                htim2
 .bss.htim6     0x00000000200004e4       0xbc ./Core/Src/System/tim.o
                0x00000000200004e4                htim6
 .bss.cursor_x  0x00000000200005a0        0x2 ./Core/Src/display/display.o
 .bss.cursor_y  0x00000000200005a2        0x2 ./Core/Src/display/display.o
 .bss.cFont     0x00000000200005a4        0xc ./Core/Src/display/display.o
 .bss.i2c_inst  0x00000000200005b0        0x4 ./Core/Src/display/ssd1306.o
 .bss.SSD1306_Buffer
                0x00000000200005b4      0x400 ./Core/Src/display/ssd1306.o
 .bss.SSD1306   0x00000000200009b4        0x6 ./Core/Src/display/ssd1306.o
 *fill*         0x00000000200009ba        0x2 
 .bss.menu_index
                0x00000000200009bc        0x4 ./Core/Src/menu/menu.o
 .bss.menu_size
                0x00000000200009c0        0x4 ./Core/Src/menu/menu.o
 .bss.amin_id   0x00000000200009c4        0x4 ./Core/Src/menu/menu.o
 .bss.menuTitle
                0x00000000200009c8       0x14 ./Core/Src/menu/menu.o
 .bss.menu_table
                0x00000000200009dc       0xf0 ./Core/Src/menu/menu.o
                0x00000000200009dc                menu_table
 .bss.func_type
                0x0000000020000acc        0x1 ./Core/Src/menu/menu_config.o
 .bss.wave_type
                0x0000000020000acd        0x1 ./Core/Src/menu/menu_config.o
 .bss.burst_type
                0x0000000020000ace        0x1 ./Core/Src/menu/menu_config.o
 .bss.burst_value
                0x0000000020000acf        0x1 ./Core/Src/menu/menu_config.o
 .bss.uwTick    0x0000000020000ad0        0x4 ./Drivers/STM32F3xx_HAL_Driver/Src/stm32f3xx_hal.o
                0x0000000020000ad0                uwTick
 .bss.__malloc_free_list
                0x0000000020000ad4        0x4 /home/bozhi/st/stm32cubeide_1.11.0/plugins/com.st.stm32cube.ide.mcu.externaltools.gnu-tools-for-stm32.10.3-2021.10.linux64_1.0.100.202210260954/tools/bin/../lib/gcc/arm-none-eabi/10.3.1/../../../../arm-none-eabi/lib/thumb/v7e-m+fp/hard/libc_nano.a(lib_a-nano-mallocr.o)
                0x0000000020000ad4                __malloc_free_list
 .bss.__malloc_sbrk_start
                0x0000000020000ad8        0x4 /home/bozhi/st/stm32cubeide_1.11.0/plugins/com.st.stm32cube.ide.mcu.externaltools.gnu-tools-for-stm32.10.3-2021.10.linux64_1.0.100.202210260954/tools/bin/../lib/gcc/arm-none-eabi/10.3.1/../../../../arm-none-eabi/lib/thumb/v7e-m+fp/hard/libc_nano.a(lib_a-nano-mallocr.o)
                0x0000000020000ad8                __malloc_sbrk_start
 .bss.errno     0x0000000020000adc        0x4 /home/bozhi/st/stm32cubeide_1.11.0/plugins/com.st.stm32cube.ide.mcu.externaltools.gnu-tools-for-stm32.10.3-2021.10.linux64_1.0.100.202210260954/tools/bin/../lib/gcc/arm-none-eabi/10.3.1/../../../../arm-none-eabi/lib/thumb/v7e-m+fp/hard/libc_nano.a(lib_a-reent.o)
                0x0000000020000adc                errno
 .bss.__lock___malloc_recursive_mutex
                0x0000000020000ae0        0x1 /home/bozhi/st/stm32cubeide_1.11.0/plugins/com.st.stm32cube.ide.mcu.externaltools.gnu-tools-for-stm32.10.3-2021.10.linux64_1.0.100.202210260954/tools/bin/../lib/gcc/arm-none-eabi/10.3.1/../../../../arm-none-eabi/lib/thumb/v7e-m+fp/hard/libc_nano.a(lib_a-lock.o)
                0x0000000020000ae0                __lock___malloc_recursive_mutex
 *(COMMON)
                0x0000000020000ae4                . = ALIGN (0x4)
 *fill*         0x0000000020000ae1        0x3 
                0x0000000020000ae4                _ebss = .
                0x0000000020000ae4                __bss_end__ = _ebss

._user_heap_stack
                0x0000000020000ae4      0x604
                0x0000000020000ae8                . = ALIGN (0x8)
 *fill*         0x0000000020000ae4        0x4 
                [!provide]                        PROVIDE (end = .)
                0x0000000020000ae8                PROVIDE (_end = .)
                0x0000000020000ce8                . = (. + _Min_Heap_Size)
 *fill*         0x0000000020000ae8      0x200 
                0x00000000200010e8                . = (. + _Min_Stack_Size)
 *fill*         0x0000000020000ce8      0x400 
                0x00000000200010e8                . = ALIGN (0x8)

/DISCARD/
 libc.a(*)
 libm.a(*)
 libgcc.a(*)

.ARM.attributes
                0x0000000000000000       0x30
 *(.ARM.attributes)
 .ARM.attributes
                0x0000000000000000       0x1e /home/bozhi/st/stm32cubeide_1.11.0/plugins/com.st.stm32cube.ide.mcu.externaltools.gnu-tools-for-stm32.10.3-2021.10.linux64_1.0.100.202210260954/tools/bin/../lib/gcc/arm-none-eabi/10.3.1/thumb/v7e-m+fp/hard/crti.o
 .ARM.attributes
                0x000000000000001e       0x34 /home/bozhi/st/stm32cubeide_1.11.0/plugins/com.st.stm32cube.ide.mcu.externaltools.gnu-tools-for-stm32.10.3-2021.10.linux64_1.0.100.202210260954/tools/bin/../lib/gcc/arm-none-eabi/10.3.1/thumb/v7e-m+fp/hard/crtbegin.o
 .ARM.attributes
                0x0000000000000052       0x34 ./Core/Src/IO/gpio.o
 .ARM.attributes
                0x0000000000000086       0x34 ./Core/Src/IO/i2c.o
 .ARM.attributes
                0x00000000000000ba       0x34 ./Core/Src/IO/keypad.o
 .ARM.attributes
                0x00000000000000ee       0x34 ./Core/Src/IO/signalGenerator.o
 .ARM.attributes
                0x0000000000000122       0x34 ./Core/Src/System/dac.o
 .ARM.attributes
                0x0000000000000156       0x34 ./Core/Src/System/dma.o
 .ARM.attributes
                0x000000000000018a       0x34 ./Core/Src/System/stm32f3xx_hal_msp.o
 .ARM.attributes
                0x00000000000001be       0x34 ./Core/Src/System/stm32f3xx_it.o
 .ARM.attributes
                0x00000000000001f2       0x34 ./Core/Src/System/sysmem.o
 .ARM.attributes
                0x0000000000000226       0x34 ./Core/Src/System/system_stm32f3xx.o
 .ARM.attributes
                0x000000000000025a       0x34 ./Core/Src/System/tim.o
 .ARM.attributes
                0x000000000000028e       0x34 ./Core/Src/display/display.o
 .ARM.attributes
                0x00000000000002c2       0x34 ./Core/Src/display/fonts.o
 .ARM.attributes
                0x00000000000002f6       0x34 ./Core/Src/display/ssd1306.o
 .ARM.attributes
                0x000000000000032a       0x34 ./Core/Src/main.o
 .ARM.attributes
                0x000000000000035e       0x34 ./Core/Src/menu/eventManaget.o
 .ARM.attributes
                0x0000000000000392       0x34 ./Core/Src/menu/menu.o
 .ARM.attributes
                0x00000000000003c6       0x34 ./Core/Src/menu/menu_config.o
 .ARM.attributes
                0x00000000000003fa       0x34 ./Core/Src/menu/menu_simulation.o
 .ARM.attributes
                0x000000000000042e       0x21 ./Core/Startup/startup_stm32f303k8tx.o
 .ARM.attributes
                0x000000000000044f       0x34 ./Drivers/STM32F3xx_HAL_Driver/Src/stm32f3xx_hal.o
 .ARM.attributes
                0x0000000000000483       0x34 ./Drivers/STM32F3xx_HAL_Driver/Src/stm32f3xx_hal_cortex.o
 .ARM.attributes
                0x00000000000004b7       0x34 ./Drivers/STM32F3xx_HAL_Driver/Src/stm32f3xx_hal_dac.o
 .ARM.attributes
                0x00000000000004eb       0x34 ./Drivers/STM32F3xx_HAL_Driver/Src/stm32f3xx_hal_dac_ex.o
 .ARM.attributes
                0x000000000000051f       0x34 ./Drivers/STM32F3xx_HAL_Driver/Src/stm32f3xx_hal_dma.o
 .ARM.attributes
                0x0000000000000553       0x34 ./Drivers/STM32F3xx_HAL_Driver/Src/stm32f3xx_hal_gpio.o
 .ARM.attributes
                0x0000000000000587       0x34 ./Drivers/STM32F3xx_HAL_Driver/Src/stm32f3xx_hal_i2c.o
 .ARM.attributes
                0x00000000000005bb       0x34 ./Drivers/STM32F3xx_HAL_Driver/Src/stm32f3xx_hal_i2c_ex.o
 .ARM.attributes
                0x00000000000005ef       0x34 ./Drivers/STM32F3xx_HAL_Driver/Src/stm32f3xx_hal_rcc.o
 .ARM.attributes
                0x0000000000000623       0x34 ./Drivers/STM32F3xx_HAL_Driver/Src/stm32f3xx_hal_rcc_ex.o
 .ARM.attributes
                0x0000000000000657       0x34 ./Drivers/STM32F3xx_HAL_Driver/Src/stm32f3xx_hal_tim.o
 .ARM.attributes
                0x000000000000068b       0x34 ./Drivers/STM32F3xx_HAL_Driver/Src/stm32f3xx_hal_tim_ex.o
 .ARM.attributes
                0x00000000000006bf       0x34 /home/bozhi/st/stm32cubeide_1.11.0/plugins/com.st.stm32cube.ide.mcu.externaltools.gnu-tools-for-stm32.10.3-2021.10.linux64_1.0.100.202210260954/tools/bin/../lib/gcc/arm-none-eabi/10.3.1/../../../../arm-none-eabi/lib/thumb/v7e-m+fp/hard/libc_nano.a(lib_a-ctype_.o)
 .ARM.attributes
                0x00000000000006f3       0x34 /home/bozhi/st/stm32cubeide_1.11.0/plugins/com.st.stm32cube.ide.mcu.externaltools.gnu-tools-for-stm32.10.3-2021.10.linux64_1.0.100.202210260954/tools/bin/../lib/gcc/arm-none-eabi/10.3.1/../../../../arm-none-eabi/lib/thumb/v7e-m+fp/hard/libc_nano.a(lib_a-errno.o)
 .ARM.attributes
                0x0000000000000727       0x34 /home/bozhi/st/stm32cubeide_1.11.0/plugins/com.st.stm32cube.ide.mcu.externaltools.gnu-tools-for-stm32.10.3-2021.10.linux64_1.0.100.202210260954/tools/bin/../lib/gcc/arm-none-eabi/10.3.1/../../../../arm-none-eabi/lib/thumb/v7e-m+fp/hard/libc_nano.a(lib_a-impure.o)
 .ARM.attributes
                0x000000000000075b       0x34 /home/bozhi/st/stm32cubeide_1.11.0/plugins/com.st.stm32cube.ide.mcu.externaltools.gnu-tools-for-stm32.10.3-2021.10.linux64_1.0.100.202210260954/tools/bin/../lib/gcc/arm-none-eabi/10.3.1/../../../../arm-none-eabi/lib/thumb/v7e-m+fp/hard/libc_nano.a(lib_a-init.o)
 .ARM.attributes
                0x000000000000078f       0x34 /home/bozhi/st/stm32cubeide_1.11.0/plugins/com.st.stm32cube.ide.mcu.externaltools.gnu-tools-for-stm32.10.3-2021.10.linux64_1.0.100.202210260954/tools/bin/../lib/gcc/arm-none-eabi/10.3.1/../../../../arm-none-eabi/lib/thumb/v7e-m+fp/hard/libc_nano.a(lib_a-memcpy-stub.o)
 .ARM.attributes
                0x00000000000007c3       0x34 /home/bozhi/st/stm32cubeide_1.11.0/plugins/com.st.stm32cube.ide.mcu.externaltools.gnu-tools-for-stm32.10.3-2021.10.linux64_1.0.100.202210260954/tools/bin/../lib/gcc/arm-none-eabi/10.3.1/../../../../arm-none-eabi/lib/thumb/v7e-m+fp/hard/libc_nano.a(lib_a-memset.o)
 .ARM.attributes
                0x00000000000007f7       0x34 /home/bozhi/st/stm32cubeide_1.11.0/plugins/com.st.stm32cube.ide.mcu.externaltools.gnu-tools-for-stm32.10.3-2021.10.linux64_1.0.100.202210260954/tools/bin/../lib/gcc/arm-none-eabi/10.3.1/../../../../arm-none-eabi/lib/thumb/v7e-m+fp/hard/libc_nano.a(lib_a-snprintf.o)
 .ARM.attributes
                0x000000000000082b       0x34 /home/bozhi/st/stm32cubeide_1.11.0/plugins/com.st.stm32cube.ide.mcu.externaltools.gnu-tools-for-stm32.10.3-2021.10.linux64_1.0.100.202210260954/tools/bin/../lib/gcc/arm-none-eabi/10.3.1/../../../../arm-none-eabi/lib/thumb/v7e-m+fp/hard/libc_nano.a(lib_a-strcpy.o)
 .ARM.attributes
                0x000000000000085f       0x17 /home/bozhi/st/stm32cubeide_1.11.0/plugins/com.st.stm32cube.ide.mcu.externaltools.gnu-tools-for-stm32.10.3-2021.10.linux64_1.0.100.202210260954/tools/bin/../lib/gcc/arm-none-eabi/10.3.1/../../../../arm-none-eabi/lib/thumb/v7e-m+fp/hard/libc_nano.a(lib_a-strlen.o)
 .ARM.attributes
                0x0000000000000876       0x34 /home/bozhi/st/stm32cubeide_1.11.0/plugins/com.st.stm32cube.ide.mcu.externaltools.gnu-tools-for-stm32.10.3-2021.10.linux64_1.0.100.202210260954/tools/bin/../lib/gcc/arm-none-eabi/10.3.1/../../../../arm-none-eabi/lib/thumb/v7e-m+fp/hard/libc_nano.a(lib_a-nano-svfprintf.o)
 .ARM.attributes
                0x00000000000008aa       0x34 /home/bozhi/st/stm32cubeide_1.11.0/plugins/com.st.stm32cube.ide.mcu.externaltools.gnu-tools-for-stm32.10.3-2021.10.linux64_1.0.100.202210260954/tools/bin/../lib/gcc/arm-none-eabi/10.3.1/../../../../arm-none-eabi/lib/thumb/v7e-m+fp/hard/libc_nano.a(lib_a-nano-vfprintf_i.o)
 .ARM.attributes
                0x00000000000008de       0x1c /home/bozhi/st/stm32cubeide_1.11.0/plugins/com.st.stm32cube.ide.mcu.externaltools.gnu-tools-for-stm32.10.3-2021.10.linux64_1.0.100.202210260954/tools/bin/../lib/gcc/arm-none-eabi/10.3.1/../../../../arm-none-eabi/lib/thumb/v7e-m+fp/hard/libc_nano.a(lib_a-memchr.o)
 .ARM.attributes
                0x00000000000008fa       0x34 /home/bozhi/st/stm32cubeide_1.11.0/plugins/com.st.stm32cube.ide.mcu.externaltools.gnu-tools-for-stm32.10.3-2021.10.linux64_1.0.100.202210260954/tools/bin/../lib/gcc/arm-none-eabi/10.3.1/../../../../arm-none-eabi/lib/thumb/v7e-m+fp/hard/libc_nano.a(lib_a-memmove.o)
 .ARM.attributes
                0x000000000000092e       0x34 /home/bozhi/st/stm32cubeide_1.11.0/plugins/com.st.stm32cube.ide.mcu.externaltools.gnu-tools-for-stm32.10.3-2021.10.linux64_1.0.100.202210260954/tools/bin/../lib/gcc/arm-none-eabi/10.3.1/../../../../arm-none-eabi/lib/thumb/v7e-m+fp/hard/libc_nano.a(lib_a-nano-freer.o)
 .ARM.attributes
                0x0000000000000962       0x34 /home/bozhi/st/stm32cubeide_1.11.0/plugins/com.st.stm32cube.ide.mcu.externaltools.gnu-tools-for-stm32.10.3-2021.10.linux64_1.0.100.202210260954/tools/bin/../lib/gcc/arm-none-eabi/10.3.1/../../../../arm-none-eabi/lib/thumb/v7e-m+fp/hard/libc_nano.a(lib_a-nano-mallocr.o)
 .ARM.attributes
                0x0000000000000996       0x34 /home/bozhi/st/stm32cubeide_1.11.0/plugins/com.st.stm32cube.ide.mcu.externaltools.gnu-tools-for-stm32.10.3-2021.10.linux64_1.0.100.202210260954/tools/bin/../lib/gcc/arm-none-eabi/10.3.1/../../../../arm-none-eabi/lib/thumb/v7e-m+fp/hard/libc_nano.a(lib_a-nano-reallocr.o)
 .ARM.attributes
                0x00000000000009ca       0x34 /home/bozhi/st/stm32cubeide_1.11.0/plugins/com.st.stm32cube.ide.mcu.externaltools.gnu-tools-for-stm32.10.3-2021.10.linux64_1.0.100.202210260954/tools/bin/../lib/gcc/arm-none-eabi/10.3.1/../../../../arm-none-eabi/lib/thumb/v7e-m+fp/hard/libc_nano.a(lib_a-sbrkr.o)
 .ARM.attributes
                0x00000000000009fe       0x34 /home/bozhi/st/stm32cubeide_1.11.0/plugins/com.st.stm32cube.ide.mcu.externaltools.gnu-tools-for-stm32.10.3-2021.10.linux64_1.0.100.202210260954/tools/bin/../lib/gcc/arm-none-eabi/10.3.1/../../../../arm-none-eabi/lib/thumb/v7e-m+fp/hard/libc_nano.a(lib_a-mlock.o)
 .ARM.attributes
                0x0000000000000a32       0x34 /home/bozhi/st/stm32cubeide_1.11.0/plugins/com.st.stm32cube.ide.mcu.externaltools.gnu-tools-for-stm32.10.3-2021.10.linux64_1.0.100.202210260954/tools/bin/../lib/gcc/arm-none-eabi/10.3.1/../../../../arm-none-eabi/lib/thumb/v7e-m+fp/hard/libc_nano.a(lib_a-nano-msizer.o)
 .ARM.attributes
                0x0000000000000a66       0x34 /home/bozhi/st/stm32cubeide_1.11.0/plugins/com.st.stm32cube.ide.mcu.externaltools.gnu-tools-for-stm32.10.3-2021.10.linux64_1.0.100.202210260954/tools/bin/../lib/gcc/arm-none-eabi/10.3.1/../../../../arm-none-eabi/lib/thumb/v7e-m+fp/hard/libc_nano.a(lib_a-reent.o)
 .ARM.attributes
                0x0000000000000a9a       0x34 /home/bozhi/st/stm32cubeide_1.11.0/plugins/com.st.stm32cube.ide.mcu.externaltools.gnu-tools-for-stm32.10.3-2021.10.linux64_1.0.100.202210260954/tools/bin/../lib/gcc/arm-none-eabi/10.3.1/../../../../arm-none-eabi/lib/thumb/v7e-m+fp/hard/libc_nano.a(lib_a-lock.o)
 .ARM.attributes
                0x0000000000000ace       0x34 /home/bozhi/st/stm32cubeide_1.11.0/plugins/com.st.stm32cube.ide.mcu.externaltools.gnu-tools-for-stm32.10.3-2021.10.linux64_1.0.100.202210260954/tools/bin/../lib/gcc/arm-none-eabi/10.3.1/../../../../arm-none-eabi/lib/thumb/v7e-m+fp/hard/libm.a(lib_a-s_ceil.o)
 .ARM.attributes
                0x0000000000000b02       0x34 /home/bozhi/st/stm32cubeide_1.11.0/plugins/com.st.stm32cube.ide.mcu.externaltools.gnu-tools-for-stm32.10.3-2021.10.linux64_1.0.100.202210260954/tools/bin/../lib/gcc/arm-none-eabi/10.3.1/../../../../arm-none-eabi/lib/thumb/v7e-m+fp/hard/libm.a(lib_a-sf_sin.o)
 .ARM.attributes
                0x0000000000000b36       0x34 /home/bozhi/st/stm32cubeide_1.11.0/plugins/com.st.stm32cube.ide.mcu.externaltools.gnu-tools-for-stm32.10.3-2021.10.linux64_1.0.100.202210260954/tools/bin/../lib/gcc/arm-none-eabi/10.3.1/../../../../arm-none-eabi/lib/thumb/v7e-m+fp/hard/libm.a(lib_a-ef_rem_pio2.o)
 .ARM.attributes
                0x0000000000000b6a       0x34 /home/bozhi/st/stm32cubeide_1.11.0/plugins/com.st.stm32cube.ide.mcu.externaltools.gnu-tools-for-stm32.10.3-2021.10.linux64_1.0.100.202210260954/tools/bin/../lib/gcc/arm-none-eabi/10.3.1/../../../../arm-none-eabi/lib/thumb/v7e-m+fp/hard/libm.a(lib_a-kf_cos.o)
 .ARM.attributes
                0x0000000000000b9e       0x34 /home/bozhi/st/stm32cubeide_1.11.0/plugins/com.st.stm32cube.ide.mcu.externaltools.gnu-tools-for-stm32.10.3-2021.10.linux64_1.0.100.202210260954/tools/bin/../lib/gcc/arm-none-eabi/10.3.1/../../../../arm-none-eabi/lib/thumb/v7e-m+fp/hard/libm.a(lib_a-kf_rem_pio2.o)
 .ARM.attributes
                0x0000000000000bd2       0x34 /home/bozhi/st/stm32cubeide_1.11.0/plugins/com.st.stm32cube.ide.mcu.externaltools.gnu-tools-for-stm32.10.3-2021.10.linux64_1.0.100.202210260954/tools/bin/../lib/gcc/arm-none-eabi/10.3.1/../../../../arm-none-eabi/lib/thumb/v7e-m+fp/hard/libm.a(lib_a-kf_sin.o)
 .ARM.attributes
                0x0000000000000c06       0x34 /home/bozhi/st/stm32cubeide_1.11.0/plugins/com.st.stm32cube.ide.mcu.externaltools.gnu-tools-for-stm32.10.3-2021.10.linux64_1.0.100.202210260954/tools/bin/../lib/gcc/arm-none-eabi/10.3.1/../../../../arm-none-eabi/lib/thumb/v7e-m+fp/hard/libm.a(lib_a-sf_fabs.o)
 .ARM.attributes
                0x0000000000000c3a       0x34 /home/bozhi/st/stm32cubeide_1.11.0/plugins/com.st.stm32cube.ide.mcu.externaltools.gnu-tools-for-stm32.10.3-2021.10.linux64_1.0.100.202210260954/tools/bin/../lib/gcc/arm-none-eabi/10.3.1/../../../../arm-none-eabi/lib/thumb/v7e-m+fp/hard/libm.a(lib_a-sf_floor.o)
 .ARM.attributes
                0x0000000000000c6e       0x34 /home/bozhi/st/stm32cubeide_1.11.0/plugins/com.st.stm32cube.ide.mcu.externaltools.gnu-tools-for-stm32.10.3-2021.10.linux64_1.0.100.202210260954/tools/bin/../lib/gcc/arm-none-eabi/10.3.1/../../../../arm-none-eabi/lib/thumb/v7e-m+fp/hard/libm.a(lib_a-sf_scalbn.o)
 .ARM.attributes
                0x0000000000000ca2       0x1e /home/bozhi/st/stm32cubeide_1.11.0/plugins/com.st.stm32cube.ide.mcu.externaltools.gnu-tools-for-stm32.10.3-2021.10.linux64_1.0.100.202210260954/tools/bin/../lib/gcc/arm-none-eabi/10.3.1/thumb/v7e-m+fp/hard/libgcc.a(_arm_addsubdf3.o)
 .ARM.attributes
                0x0000000000000cc0       0x1e /home/bozhi/st/stm32cubeide_1.11.0/plugins/com.st.stm32cube.ide.mcu.externaltools.gnu-tools-for-stm32.10.3-2021.10.linux64_1.0.100.202210260954/tools/bin/../lib/gcc/arm-none-eabi/10.3.1/thumb/v7e-m+fp/hard/libgcc.a(_arm_muldivdf3.o)
 .ARM.attributes
                0x0000000000000cde       0x1e /home/bozhi/st/stm32cubeide_1.11.0/plugins/com.st.stm32cube.ide.mcu.externaltools.gnu-tools-for-stm32.10.3-2021.10.linux64_1.0.100.202210260954/tools/bin/../lib/gcc/arm-none-eabi/10.3.1/thumb/v7e-m+fp/hard/libgcc.a(_arm_cmpdf2.o)
 .ARM.attributes
                0x0000000000000cfc       0x1e /home/bozhi/st/stm32cubeide_1.11.0/plugins/com.st.stm32cube.ide.mcu.externaltools.gnu-tools-for-stm32.10.3-2021.10.linux64_1.0.100.202210260954/tools/bin/../lib/gcc/arm-none-eabi/10.3.1/thumb/v7e-m+fp/hard/libgcc.a(_arm_fixunsdfsi.o)
 .ARM.attributes
                0x0000000000000d1a       0x1e /home/bozhi/st/stm32cubeide_1.11.0/plugins/com.st.stm32cube.ide.mcu.externaltools.gnu-tools-for-stm32.10.3-2021.10.linux64_1.0.100.202210260954/tools/bin/../lib/gcc/arm-none-eabi/10.3.1/thumb/v7e-m+fp/hard/libgcc.a(_arm_truncdfsf2.o)
 .ARM.attributes
                0x0000000000000d38       0x1e /home/bozhi/st/stm32cubeide_1.11.0/plugins/com.st.stm32cube.ide.mcu.externaltools.gnu-tools-for-stm32.10.3-2021.10.linux64_1.0.100.202210260954/tools/bin/../lib/gcc/arm-none-eabi/10.3.1/thumb/v7e-m+fp/hard/crtn.o
OUTPUT(oscillator.elf elf32-littlearm)
LOAD linker stubs
LOAD /home/bozhi/st/stm32cubeide_1.11.0/plugins/com.st.stm32cube.ide.mcu.externaltools.gnu-tools-for-stm32.10.3-2021.10.linux64_1.0.100.202210260954/tools/bin/../lib/gcc/arm-none-eabi/10.3.1/../../../../arm-none-eabi/lib/thumb/v7e-m+fp/hard/libc.a
LOAD /home/bozhi/st/stm32cubeide_1.11.0/plugins/com.st.stm32cube.ide.mcu.externaltools.gnu-tools-for-stm32.10.3-2021.10.linux64_1.0.100.202210260954/tools/bin/../lib/gcc/arm-none-eabi/10.3.1/../../../../arm-none-eabi/lib/thumb/v7e-m+fp/hard/libm.a