../Core/Src/menu/menu.c:31:6:op1	8	static
../Core/Src/menu/menu.c:35:6:op2	8	static
../Core/Src/menu/menu.c:39:6:op3	8	static
../Core/Src/menu/menu.c:55:6:initMenu	24	static
../Core/Src/menu/menu.c:75:6:menuBrowser	8	static
../Core/Src/menu/menu.c:101:6:menuSelect	8	static
../Core/Src/menu/menu.c:105:5:getMenuIndex	4	static
../Core/Src/menu/menu.c:111:6:menu_set	80	static
../Core/Src/menu/menu.c:123:6:anim_1	24	static
../Core/Src/menu/menu.c:134:6:anim_2	24	static
../Core/Src/menu/menu.c:145:6:simulation	8	static
../Core/Src/menu/menu.c:155:6:stop	8	static
