../Core/Src/menu/menu.c:32:6:op1	8	static
../Core/Src/menu/menu.c:36:6:op2	8	static
../Core/Src/menu/menu.c:40:6:op3	8	static
../Core/Src/menu/menu.c:56:6:initMenu	24	static
../Core/Src/menu/menu.c:76:6:menuBrowser	8	static
../Core/Src/menu/menu.c:101:6:menuSelect	16	static
../Core/Src/menu/menu.c:110:6:menu_set	96	static
../Core/Src/menu/menu.c:122:6:anim_1	24	static
../Core/Src/menu/menu.c:133:6:anim_2	24	static
../Core/Src/menu/menu.c:144:6:simulation	8	static
../Core/Src/menu/menu.c:154:6:stop	8	static
