../Core/Src/menu/menu_config.c:47:15:getConfigStruct	16	static
../Core/Src/menu/menu_config.c:51:13:about	8	static
../Core/Src/menu/menu_config.c:59:6:menu_cfg	8	static
../Core/Src/menu/menu_config.c:72:7:getFuncName	16	static
../Core/Src/menu/menu_config.c:76:7:getWaveType	16	static
../Core/Src/menu/menu_config.c:80:7:getBurstType	16	static
../Core/Src/menu/menu_config.c:84:13:config_encoder	16	static
../Core/Src/menu/menu_config.c:96:6:updateBurst	8	static
../Core/Src/menu/menu_config.c:144:13:set_burst_type	16	static
../Core/Src/menu/menu_config.c:158:13:show_func_type	40	static
../Core/Src/menu/menu_config.c:179:13:show_pwm_val	24	static
../Core/Src/menu/menu_config.c:192:13:set_func_type	16	static
../Core/Src/menu/menu_config.c:205:13:show_wave_type	40	static
../Core/Src/menu/menu_config.c:216:13:set_wave_type	16	static
../Core/Src/menu/menu_config.c:228:13:show_burst_type	40	static
../Core/Src/menu/menu_config.c:238:13:displayBurstValue	40	static
