../Core/Src/menu/menu_config.c:46:15:getConfigStruct	16	static
../Core/Src/menu/menu_config.c:50:13:about	8	static
../Core/Src/menu/menu_config.c:59:6:menu_cfg	8	static
../Core/Src/menu/menu_config.c:87:13:config_encoder	16	static
../Core/Src/menu/menu_config.c:100:6:updateBurst	16	static
../Core/Src/menu/menu_config.c:144:13:display_pwm_val	24	static
../Core/Src/menu/menu_config.c:157:13:set_func_type	16	static
../Core/Src/menu/menu_config.c:176:13:display_func_type	48	static
../Core/Src/menu/menu_config.c:187:13:set_wave_type	24	static
../Core/Src/menu/menu_config.c:207:13:display_wave_type	48	static
../Core/Src/menu/menu_config.c:223:13:set_burst_type	16	static
../Core/Src/menu/menu_config.c:235:13:display_burst	48	static
../Core/Src/menu/menu_config.c:245:13:displayBurstValue	40	static
