../Core/Src/IO/keypad.c:44:6:enableEncoder	16	static
../Core/Src/IO/keypad.c:60:6:isEncoderEnabled	4	static
../Core/Src/IO/keypad.c:70:15:getEncoerDir	4	static
../Core/Src/IO/keypad.c:75:6:setEncoderVal	24	static
../Core/Src/IO/keypad.c:81:7:getEncoderVal	4	static
../Core/Src/IO/keypad.c:85:7:getEncoderLastVal	4	static
../Core/Src/IO/keypad.c:90:6:storeEncoderLastVal	4	static
../Core/Src/IO/keypad.c:98:6:readEncoderData	16	static
../Core/Src/IO/keypad.c:115:6:kbdDriver	8	static
../Core/Src/IO/keypad.c:156:15:getLastKey	4	static
../Core/Src/IO/keypad.c:160:6:resetKey	4	static
../Core/Src/IO/keypad.c:164:15:isKey_1	8	static
../Core/Src/IO/keypad.c:168:15:isKey_2	8	static
../Core/Src/IO/keypad.c:172:15:isKey_3	8	static
../Core/Src/IO/keypad.c:176:15:isKey_4	8	static
../Core/Src/IO/keypad.c:182:15:isKeyPressed	16	static
../Core/Src/IO/keypad.c:186:6:toggleGpio	16	static
