../Core/Src/IO/keypad.c:43:6:enableEncoder	16	static
../Core/Src/IO/keypad.c:59:6:isEncoderEnabled	4	static
../Core/Src/IO/keypad.c:69:15:getEncoerDir	4	static
../Core/Src/IO/keypad.c:74:6:setEncoderVal	24	static
../Core/Src/IO/keypad.c:80:7:getEncoderVal	4	static
../Core/Src/IO/keypad.c:84:7:getEncoderLastVal	4	static
../Core/Src/IO/keypad.c:89:6:storeEncoderLastVal	4	static
../Core/Src/IO/keypad.c:97:6:readEncoderData	16	static
../Core/Src/IO/keypad.c:114:6:kbdDriver	8	static
../Core/Src/IO/keypad.c:155:15:getLastKey	4	static
../Core/Src/IO/keypad.c:159:6:resetKey	4	static
../Core/Src/IO/keypad.c:163:15:isKey_1	8	static
../Core/Src/IO/keypad.c:167:15:isKey_2	8	static
../Core/Src/IO/keypad.c:171:15:isKey_3	8	static
../Core/Src/IO/keypad.c:175:15:isKey_4	8	static
../Core/Src/IO/keypad.c:181:15:isKeyPressed	16	static
../Core/Src/IO/keypad.c:185:6:toggleGpio	16	static
