../Core/Src/IO/signalGenerator.c:51:6:initSignalGen	8	static
../Core/Src/IO/signalGenerator.c:57:7:getFuncName	16	static
../Core/Src/IO/signalGenerator.c:61:5:getFuncTabSize	4	static
../Core/Src/IO/signalGenerator.c:65:7:getWaveType	16	static
../Core/Src/IO/signalGenerator.c:69:5:getWaveTabSize	4	static
../Core/Src/IO/signalGenerator.c:73:7:getBurstType	16	static
../Core/Src/IO/signalGenerator.c:77:5:getBurstTabSize	4	static
../Core/Src/IO/signalGenerator.c:81:15:getSimulationState	4	static
../Core/Src/IO/signalGenerator.c:85:15:getDutyCycle	16	static
../Core/Src/IO/signalGenerator.c:95:14:getCurrentFrequency	16	static
../Core/Src/IO/signalGenerator.c:112:6:toggleSignalGenerator	24	static
../Core/Src/IO/signalGenerator.c:157:6:generateSignalTable	16	static
../Core/Src/IO/signalGenerator.c:189:13:generateSineWave	48	static
../Core/Src/IO/signalGenerator.c:231:13:genTriangleWave	32	static
../Core/Src/IO/signalGenerator.c:260:13:genSawToothWave	16	static
