../Core/Src/IO/signalGenerator.c:52:6:initSignalGen	8	static
../Core/Src/IO/signalGenerator.c:62:7:getFuncName	16	static
../Core/Src/IO/signalGenerator.c:66:5:getFuncTabSize	4	static
../Core/Src/IO/signalGenerator.c:70:7:getWaveType	16	static
../Core/Src/IO/signalGenerator.c:74:5:getWaveTabSize	4	static
../Core/Src/IO/signalGenerator.c:78:7:getBurstType	16	static
../Core/Src/IO/signalGenerator.c:82:5:getBurstTabSize	4	static
../Core/Src/IO/signalGenerator.c:86:15:getSimulationState	4	static
../Core/Src/IO/signalGenerator.c:90:15:getDutyCycle	4	static
../Core/Src/IO/signalGenerator.c:98:14:getCurrentFrequency	16	static
../Core/Src/IO/signalGenerator.c:115:6:toggleSignalGenerator	8	static
../Core/Src/IO/signalGenerator.c:134:13:generateSignalTable	16	static
../Core/Src/IO/signalGenerator.c:164:13:generateSineWave	48	static
../Core/Src/IO/signalGenerator.c:204:13:genTriangleWave	24	static
