../Core/Src/IO/signalGenerator.c:54:6:initSignalGen	8	static
../Core/Src/IO/signalGenerator.c:61:15:getSignalCfgTable	4	static
../Core/Src/IO/signalGenerator.c:65:5:getFuncById	24	static
../Core/Src/IO/signalGenerator.c:79:7:getFuncName	24	static
../Core/Src/IO/signalGenerator.c:85:7:getWaveType	16	static
../Core/Src/IO/signalGenerator.c:89:5:getWaveTabSize	4	static
../Core/Src/IO/signalGenerator.c:93:7:getBurstType	16	static
../Core/Src/IO/signalGenerator.c:97:5:getBurstTabSize	4	static
../Core/Src/IO/signalGenerator.c:101:15:getSimulationState	4	static
../Core/Src/IO/signalGenerator.c:105:15:getDutyCycle	4	static
../Core/Src/IO/signalGenerator.c:113:14:getCurrentFrequency	16	static
../Core/Src/IO/signalGenerator.c:130:6:toggleSignalGenerator	16	static
../Core/Src/IO/signalGenerator.c:175:6:generateSignalTable	16	static
../Core/Src/IO/signalGenerator.c:190:6:DAC_Counter	16	static
../Core/Src/IO/signalGenerator.c:232:14:getTimeLeft	4	static
../Core/Src/IO/signalGenerator.c:245:13:genSineWave	56	static
../Core/Src/IO/signalGenerator.c:292:13:genTriangleWave	40	static
../Core/Src/IO/signalGenerator.c:316:13:genSawToothWave	24	static
