../Core/Src/IO/signalGenerator.c:55:6:initSignalGen	8	static
../Core/Src/IO/signalGenerator.c:62:15:getSignalCfgTable	4	static
../Core/Src/IO/signalGenerator.c:66:5:getFuncById	24	static
../Core/Src/IO/signalGenerator.c:80:7:getFuncName	24	static
../Core/Src/IO/signalGenerator.c:86:7:getWaveType	16	static
../Core/Src/IO/signalGenerator.c:90:5:getWaveTabSize	4	static
../Core/Src/IO/signalGenerator.c:94:7:getBurstType	16	static
../Core/Src/IO/signalGenerator.c:98:5:getBurstTabSize	4	static
../Core/Src/IO/signalGenerator.c:102:15:getSimulationState	4	static
../Core/Src/IO/signalGenerator.c:106:15:getDutyCycle	4	static
../Core/Src/IO/signalGenerator.c:114:14:getCurrentFrequency	16	static
../Core/Src/IO/signalGenerator.c:131:6:toggleSignalGenerator	16	static
../Core/Src/IO/signalGenerator.c:176:6:generateSignalTable	16	static
../Core/Src/IO/signalGenerator.c:191:6:DAC_Counter	16	static
../Core/Src/IO/signalGenerator.c:233:14:getTimeLeft	4	static
../Core/Src/IO/signalGenerator.c:246:13:genSineWave	56	static
../Core/Src/IO/signalGenerator.c:293:13:genTriangleWave	40	static
../Core/Src/IO/signalGenerator.c:317:13:genSawToothWave	24	static
../Core/Src/IO/signalGenerator.c:326:13:genSquareWave	32	static
