../Core/Src/IO/signalGenerator.c:61:6:initSignalGen	8	static
../Core/Src/IO/signalGenerator.c:67:15:getSignalCfgTable	4	static
../Core/Src/IO/signalGenerator.c:71:5:getFuncById	24	static
../Core/Src/IO/signalGenerator.c:85:7:getFuncName	24	static
../Core/Src/IO/signalGenerator.c:91:7:getWaveType	16	static
../Core/Src/IO/signalGenerator.c:95:5:getWaveTabSize	4	static
../Core/Src/IO/signalGenerator.c:99:7:getBurstType	16	static
../Core/Src/IO/signalGenerator.c:103:5:getBurstTabSize	4	static
../Core/Src/IO/signalGenerator.c:107:15:getSimulationState	4	static
../Core/Src/IO/signalGenerator.c:111:15:getDutyCycle	16	static
../Core/Src/IO/signalGenerator.c:121:14:getCurrentFrequency	16	static
../Core/Src/IO/signalGenerator.c:138:6:toggleSignalGenerator	24	static
../Core/Src/IO/signalGenerator.c:183:6:generateSignalTable	24	static
../Core/Src/IO/signalGenerator.c:206:13:genSineWave	56	static
../Core/Src/IO/signalGenerator.c:253:13:genTriangleWave	40	static
../Core/Src/IO/signalGenerator.c:277:13:genSawToothWave	24	static
