../Core/Src/display/ssd1306.c:63:6:SSD1306_ScrollRight	16	static
../Core/Src/display/ssd1306.c:76:6:SSD1306_ScrollLeft	16	static
../Core/Src/display/ssd1306.c:89:6:SSD1306_Scrolldiagright	16	static
../Core/Src/display/ssd1306.c:105:6:SSD1306_Scrolldiagleft	16	static
../Core/Src/display/ssd1306.c:121:6:SSD1306_Stopscroll	8	static
../Core/Src/display/ssd1306.c:126:6:SSD1306_InvertDisplay	16	static
../Core/Src/display/ssd1306.c:132:6:SSD1306_DrawBitmap	32	static
../Core/Src/display/ssd1306.c:156:9:SSD1306_Init	24	static
../Core/Src/display/ssd1306.c:224:6:SSD1306_setOrientation	16	static
../Core/Src/display/ssd1306.c:242:6:SSD1306_UpdateScreen	16	static
../Core/Src/display/ssd1306.c:255:6:SSD1306_ToggleInvert	16	static
../Core/Src/display/ssd1306.c:268:6:SSD1306_Fill	16	static
../Core/Src/display/ssd1306.c:272:6:SSD1306_DrawPixel	16	static
../Core/Src/display/ssd1306.c:294:6:SSD1306_GotoXY	16	static
../Core/Src/display/ssd1306.c:300:6:SSD1306_Putc	32	static
../Core/Src/display/ssd1306.c:331:6:SSD1306_Puts	24	static
../Core/Src/display/ssd1306.c:343:6:SSD1306_DrawLine	40	static
../Core/Src/display/ssd1306.c:427:6:SSD1306_DrawRectangle	32	static
../Core/Src/display/ssd1306.c:452:6:SSD1306_DrawFilledRectangle	40	static
../Core/Src/display/ssd1306.c:479:6:SSD1306_DrawTriangle	32	static
../Core/Src/display/ssd1306.c:487:6:SSD1306_DrawFilledTriangle	64	static
../Core/Src/display/ssd1306.c:543:6:SSD1306_DrawCircle	40	static
../Core/Src/display/ssd1306.c:577:6:SSD1306_DrawFilledCircle	48	static
../Core/Src/display/ssd1306.c:610:6:SSD1306_Clear	8	static
../Core/Src/display/ssd1306.c:615:6:SSD1306_ON	8	static
../Core/Src/display/ssd1306.c:620:6:SSD1306_OFF	8	static
../Core/Src/display/ssd1306.c:636:6:ssd1306_I2C_Init	16	static
../Core/Src/display/ssd1306.c:648:6:ssd1306_I2C_WriteMulti	296	static
../Core/Src/display/ssd1306.c:661:6:ssd1306_I2C_Write	32	static
