../Core/Src/display/ssd1306.c:63:6:SSD1306_ScrollRight	16	static
../Core/Src/display/ssd1306.c:76:6:SSD1306_ScrollLeft	16	static
../Core/Src/display/ssd1306.c:89:6:SSD1306_Scrolldiagright	16	static
../Core/Src/display/ssd1306.c:105:6:SSD1306_Scrolldiagleft	16	static
../Core/Src/display/ssd1306.c:121:6:SSD1306_Stopscroll	8	static
../Core/Src/display/ssd1306.c:126:6:SSD1306_InvertDisplay	16	static
../Core/Src/display/ssd1306.c:132:6:SSD1306_DrawBitmap	32	static
../Core/Src/display/ssd1306.c:156:9:SSD1306_Init	24	static
../Core/Src/display/ssd1306.c:224:6:SSD1306_setOrientation	16	static
../Core/Src/display/ssd1306.c:242:6:SSD1306_UpdateScreen	16	static
../Core/Src/display/ssd1306.c:255:6:SSD1306_ToggleInvert	16	static
../Core/Src/display/ssd1306.c:268:6:SSD1306_Fill	16	static
../Core/Src/display/ssd1306.c:272:6:SSD1306_DrawPixel	16	static
../Core/Src/display/ssd1306.c:294:6:SSD1306_GotoXY	16	static
../Core/Src/display/ssd1306.c:300:6:SSD1306_Putc	56	static
../Core/Src/display/ssd1306.c:340:6:drawBMP	40	static
../Core/Src/display/ssd1306.c:363:6:SSD1306_Puts	24	static
../Core/Src/display/ssd1306.c:375:6:SSD1306_DrawLine	40	static
../Core/Src/display/ssd1306.c:459:6:SSD1306_DrawRectangle	32	static
../Core/Src/display/ssd1306.c:484:6:SSD1306_DrawFilledRectangle	40	static
../Core/Src/display/ssd1306.c:511:6:SSD1306_DrawTriangle	32	static
../Core/Src/display/ssd1306.c:519:6:SSD1306_DrawFilledTriangle	64	static
../Core/Src/display/ssd1306.c:575:6:SSD1306_DrawCircle	40	static
../Core/Src/display/ssd1306.c:609:6:SSD1306_DrawFilledCircle	48	static
../Core/Src/display/ssd1306.c:642:6:SSD1306_Clear	8	static
../Core/Src/display/ssd1306.c:647:6:SSD1306_ON	8	static
../Core/Src/display/ssd1306.c:652:6:SSD1306_OFF	8	static
../Core/Src/display/ssd1306.c:668:6:ssd1306_I2C_Init	16	static
../Core/Src/display/ssd1306.c:680:6:ssd1306_I2C_WriteMulti	296	static
../Core/Src/display/ssd1306.c:693:6:ssd1306_I2C_Write	32	static
